*****************************************************
TMS340 COFF Linker           Version 6.10
*****************************************************
Sat Dec 23 16:58:54 2023

OUTPUT FILE NAME:   <BB.out>
ENTRY POINT SYMBOL: "WARMSET"  address: ff8517f0


MEMORY CONFIGURATION

           name      origin     length     attributes     fill
         --------   --------   ---------   ----------   --------
         SCRATCH    01000000   000100000      RWIX      
         IROM       02000000   000400000      RWIX      
         ROM        ff800000   000600000      RWIX      
         ROM2       ffff6f00   000008d00      RWIX      
         TRAP31     fffffc00   000000400      RWIX      


SECTION ALLOCATION MAP

 output                                  attributes/
section   page    origin      length       input sections
--------  ----  ----------  ----------   ----------------
VECTORS    0    fffffc00    00000400     
                  fffffc00    00000400     MAIN.OBJ (VECTORS)

IMAGES     0    02000000    00000000     UNINITIALIZED

shit       0    ffff6f00    00000000     UNINITIALIZED

SHIT       0    ffff6f00    00000000     UNINITIALIZED

FIXED      0    01000000    00000040     
                  01000000    00000040     MPROC.OBJ (FIXED)

OFIXED     0    01000040    00000060     
                  01000040    00000060     NDSP1.OBJ (OFIXED)

NFIXED     0    010000a0    00000000     UNINITIALIZED

.BSS       0    010000a0    00000000     UNINITIALIZED

.bss       0    010000a0    000f13b0     UNINITIALIZED
                  010000a0    0006d390     NDSP1.OBJ (.bss)
                  0106d430    00000200     MAIN.OBJ (.bss)
                  0106d630    00000ad0     UTIL.OBJ (.bss)
                  0106e100    00031270     PAL.OBJ (.bss)
                  0109f370    000438a0     MPROC.OBJ (.bss)
                  010e2c10    00002770     BAKGND.OBJ (.bss)
                  010e5380    00000ea0     BB.OBJ (.bss)
                  010e6220    00000020     DRONE.OBJ (.bss)
                  010e6240    00000030     DRONE2.OBJ (.bss)
                  010e6270    00004870     PLYR.OBJ (.bss)
                  010eaae0    000002a0     PLYR2.OBJ (.bss)
                  010ead80    00000470     SCORE.OBJ (.bss)
                  010eb1f0    00000420     SCORE2.OBJ (.bss)
                  010eb610    00000420     SOUNDS.OBJ (.bss)
                  010eba30    00000710     ATTRACT.OBJ (.bss)
                  010ec140    000005f0     STRING.OBJ (.bss)
                  010ec730    000031b0     RECORD.OBJ (.bss)
                  010ef8e0    000003e0     SPEECH.OBJ (.bss)
                  010efcc0    00001410     SELECT.OBJ (.bss)
                  010f10d0    000000c0     AUDIT.OBJ (.bss)
                  010f1190    00000150     TEST.OBJ (.bss)
                  010f12e0    000000e0     DIAG.OBJ (.bss)
                  010f13c0    00000060     MENU.OBJ (.bss)
                  010f1420    00000030     HSTD.OBJ (.bss)

SYSWORK    0    010f1450    00000000     UNINITIALIZED

.text      0    ff800000    00242f90     
                  ff800000    00040200     NDSP1.OBJ (.text)
                  ff840200    00002050     MAIN.OBJ (.text)
                  ff842250    00008d40     UTIL.OBJ (.text)
                  ff84af90    00003300     PAL.OBJ (.text)
                  ff84e290    00001050     MPROC.OBJ (.text)
                  ff84f2e0    00002000     BAKGND.OBJ (.text)
                  ff8512e0    00015b10     BB.OBJ (.text)
                  ff866df0    00006c20     DRONE.OBJ (.text)
                  ff86da10    00007e00     DRONE2.OBJ (.text)
                  ff875810    00024a20     PLYR.OBJ (.text)
                  ff89a230    00019aa0     PLYR2.OBJ (.text)
                  ff8b3cd0    00010e70     PLYR3.OBJ (.text)
                  ff8c4b40    000197c0     PLYRAT.OBJ (.text)
                  ff8de300    00006fe0     PLYRAT2.OBJ (.text)
                  ff8e52e0    000140a0     PLYRSEQ.OBJ (.text)
                  ff8f9380    00009770     PLYRSEQ2.OBJ (.text)
                  ff902af0    0001cc50     PLYRDSEQ.OBJ (.text)
                  ff91f740    00005c50     PLYRLSEQ.OBJ (.text)
                  ff925390    00000cb0     PLYRSTND.OBJ (.text)
                  ff926040    00018f50     SCORE.OBJ (.text)
                  ff93ef90    000158f0     SCORE2.OBJ (.text)
                  ff954880    000020c0     SOUNDS.OBJ (.text)
                  ff956940    000008f0     PATCH.OBJ (.text)
                  ff957230    000019c0     TEXT.OBJ (.text)
                  ff958bf0    0002a320     ATTRACT.OBJ (.text)
                  ff982f10    0000d420     STRING.OBJ (.text)
                  ff990330    00010ba0     RECORD.OBJ (.text)
                  ff9a0ed0    000109e0     SPEECH.OBJ (.text)
                  ff9b18b0    00025c80     SELECT.OBJ (.text)
                  ff9d7530    00023fb0     SELECT2.OBJ (.text)
                  ff9fb4e0    000051e0     ADJUST.OBJ (.text)
                  ffa006c0    0000be30     AUDIT.OBJ (.text)
                  ffa0c4f0    0000dd50     TEST.OBJ (.text)
                  ffa1a240    000001c0     --HOLE-- [fill = 0000ffff]
                  ffa1a400    00015ca0     DIAG.OBJ (.text)
                  ffa300a0    0000ea40     MENU.OBJ (.text)
                  ffa3eae0    000044b0     HSTD.OBJ (.text)

.TEXT      0    ffa42f90    00000000     UNINITIALIZED

.data      0    ffa42f90    002b2630     
                  ffa42f90    00017d10     BGNDTBL.OBJ (.data)
                  ffa5aca0    00035510     BGNDPAL.OBJ (.data)
                  ffa901b0    00026020     IMGTBL.OBJ (.data)
                  ffab61d0    0005f070     IMGPAL.OBJ (.data)
                  ffb15240    00003620     IMGPAL2.OBJ (.data)
                  ffb18860    00029120     BB.OBJ (.data)
                  ffb41980    00002920     PLYR2.OBJ (.data)
                  ffb442a0    0001b000     PLYR3.OBJ (.data)
                  ffb5f2a0    00053010     PLYRAT.OBJ (.data)
                  ffbb22b0    00019500     PLYRAT2.OBJ (.data)
                  ffbcb7b0    0001cf80     PLYRSEQ.OBJ (.data)
                  ffbe8730    0001ebb0     PLYRSEQ2.OBJ (.data)
                  ffc072e0    00016920     PLYRDSEQ.OBJ (.data)
                  ffc1dc00    00005e80     PLYRLSEQ.OBJ (.data)
                  ffc23a80    00001c20     PLYRSTND.OBJ (.data)
                  ffc256a0    000034c0     SCORE.OBJ (.data)
                  ffc28b60    00007110     TEXT.OBJ (.data)
                  ffc2fc70    000a25d0     SELECT2.OBJ (.data)
                  ffcd2240    0000d700     ADJUST.OBJ (.data)
                  ffcdf940    00015c80     MENU.OBJ (.data)

.DATA      0    ffcf55c0    00000000     UNINITIALIZED

img_tbl    0    ffcf55c0    00000000     UNINITIALIZED


GLOBAL SYMBOLS

address  name                             address  name
-------- ----                             -------- ----
010000a0 .bss                             00000000 _ATL
ffa42f90 .data                            00000001 _BOS
ff800000 .text                            00000002 _CHA
ffa40960 A2_CHECK                         00000003 ROM_LEV
01000000 ACTIVE                           00000003 _CHI
ff83c640 ADJNEWTL                         00000004 RTR_LEV
ffa08c80 ADJ_PAGE                         00000004 _CLE
ffa96350 AHARDAWAY                        00000005 _DAL
ff8c2b60 AHard_h                          00000006 _DEN
ffba2230 ALLASC01                         00000007 _DET
ffba2350 ALLASC02                         00000008 _GOL
ffba2470 ALLASC03                         00000009 _HOU
ffba2590 ALLASC04                         0000000a _IND
ffba26b0 ALLASC05                         0000000b _LAC
ffb8b760 ALLASC_P                         0000000c _LAL
ff955af0 ALLOFF                           0000000d _MI
ffc56f50 AL_LASCP                         0000000e _MIL
ffc97fd0 AND_NEJP                         0000000f _MIN
ffc98cf0 AND_ORLP                         00000010 _NJ
ff83d630 ANI                              00000011 _NY
ffa32b70 ANY_BUT                          00000012 _ORL
ffaeffc0 AQUAPAL                          00000013 _PHI
ffa151c0 AREUSURE                         00000014 _PHX
ffb48fb0 ARMST10                          00000015 _POR
ffb49040 ARMST11                          00000016 _SAC
ffb490d0 ARMST12                          00000017 _SAN
ffb48aa0 ARMST1                           00000018 _SEA
ffb49160 ARMST13                          00000019 _UTA
ffb491f0 ARMST14                          0000001a _WAS
ffb49280 ARMST15                          0000003a CS_ENTS
ffb49310 ARMST16                          01000000 ACTIVE
ffb48b30 ARMST2                           01000020 FREE
ffb48bc0 ARMST3                           01000040 OBJLST
ffb48c50 ARMST4                           01000060 OFREE
ffb48ce0 ARMST5                           01000080 BAKLST
ffb48d70 ARMST6                           010000a0 .bss
ffb48e00 ARMST7                           010000a0 SCROLLX
ffb48e90 ARMST8                           010000c0 SCROLLY
ffb48f20 ARMST9                           010000e0 WORLDTLX
ffa99cb0 ARMSTR                           01000100 WORLDTLY
ffcbfa80 ARMST_P                          01000120 WORLDTL
ffc99680 ARM_CHIP                         01000140 SCRNTL
ff8c4b40 ATL_t                            01000160 SCRNLR
ffa5c130 ATTBKB_P                         01000180 dpage
ffa5c0a0 ATTBKR_P                         01000190 dtype
ffaad960 ATT_BLU                          010001c0 DMAQCUR
ffb0f660 ATT_B_P                          010001e0 OBJSTR
ffa08440 AUD1                             0103be20 dmaq0
ffa08330 AUD                              01057720 DMAQ
ffadcb30 AUGMON_p                         0106c8a0 gndstat
ffa95660 AUGMON                           0106c8b0 gndpos_t
ffc31bf0 AUG_ATL                          0106d3d0 gndx
ffc69210 AUG_ATLP                         0106d3f0 DISPLAYON
ffb570b0 A_HARD10                         0106d400 _3dstat
ffb57140 A_HARD11                         0106d430 SYSCOPY
ffb571d0 A_HARD12                         0106d440 WDOGRAM
ffb57260 A_HARD13                         0106d460 IRQSKYE
ffb572f0 A_HARD14                         0106d470 dpageflip
ffb57380 A_HARD15                         0106d480 dirqtimer
ffb57410 A_HARD16                         0106d530 switches_old
ffb56ba0 A_HARD1                          0106d570 switches_cur
ffb56c30 A_HARD2                          0106d5b0 switches_down
ffb56cc0 A_HARD3                          0106d5f0 NPLAYERS
ffb56d50 A_HARD4                          0106d600 COUNTER_MODE
ffb56de0 A_HARD5                          0106d610 VALIDATOR
ffb56e70 A_HARD6                          0106d620 TWOPLAYERS
ffb56f00 A_HARD7                          0106d630 RAND
ffb56f90 A_HARD8                          0106d650 STRNGRAM
ffb57020 A_HARD9                          0106d790 WRLD
ffccae60 A_HARD_P                         0106d7a0 LOWZ
ff8bf860 Armstrng_h                       0106e0f0 animscnt
ff8e33e0 Augmon_h                         0106e150 PALFRAM
010f10d0 BAD_AUD                          0106e150 PALRAM
010e2c50 BAKBITS                          0106e750 PALTRAM
ffb53240 BAKER11                          0106e750 PALBRAM
ffb533f0 BAKER14                          0106f350 morfpal1
ffb53510 BAKER16                          0106f350 FADERAM
ffb531b0 BAKER10                          0106f750 morfpal2
ffb532d0 BAKER12                          0106fb50 morfpal3
ffb53360 BAKER13                          0106ff50 morfpal4
ffb53480 BAKER15                          01070350 morfpal5
ffa9a6d0 BAKER                            01070750 morfpal6
ffb52ca0 BAKER1                           01070b50 morfpal7
ffb52d30 BAKER2                           01070f50 morfpal8
ffb52dc0 BAKER3                           01071350 morfpal9
ffb52e50 BAKER4                           01071750 morfpal10
ffb52ee0 BAKER5                           01071b50 morfpal11
ffb52f70 BAKER6                           0109f350 palfmin
ffb53000 BAKER7                           0109f370 PRCSTR
ffb53090 BAKER8                           010e2c50 BAKBITS
ffb53120 BAKER9                           010e5360 BAKMODS
ffcc7bf0 BAKER_P                          010e5380 PCNT
01000080 BAKLST                           010e5390 swstack_p
010e5360 BAKMODS                          010e53b0 swstackbot
ffc9a380 BAK_MLWP                         010e57b0 COLRTEMP
ffae7600 BALL_p                           010e57b0 swstacktop
ffa939b0 BARKER                           010e58b0 GAMSTATE
ffa956f0 BARKLEY                          010e58c0 HALT
ffadd350 BARKLEY_p                        010e58d0 NO_START
ffa005a0 BCDBIN                           010e58e0 PSTATUS2
ff83cbb0 BEGINOBJ2                        010e58f0 WSPEED
ff83d1d0 BEGINOBJP2                       010e5900 WFLG
ff83d130 BEGINOBJP                        010e5920 OBJPTR
ff83cb10 BEGINOBJ                         010e5f40 crplate_ptr
ffa95780 BENJAMIN                         010e5f60 msg_ram
ffadcf40 BENJA_p                          010e5fe0 name_cnt
ffb5dcb0 BENOIT10                         010e5ff0 name_flop
ffb5dd40 BENOIT11                         010e6000 names
ffb5ddd0 BENOIT12                         010e6080 crt_colors
ffb5de60 BENOIT13                         010e60a0 steals_off
ffb5def0 BENOIT14                         010e60b0 pushing_delay
ffb5df80 BENOIT15                         010e60c0 pass_off
ffb5e010 BENOIT16                         010e60d0 rebound_delay
ffb5d7a0 BENOIT1                          010e60e0 crowd_animate
ffa9ae20 BENOIT                           010e60f0 timertcnt
ffb5d830 BENOIT2                          010e6100 qtr_purchased
ffb5d8c0 BENOIT3                          010e6140 newptr
ffb5d950 BENOIT4                          010e6160 newplyrs
ffb5d9e0 BENOIT5                          010e6260 drone2on
ffb5da70 BENOIT6                          010e6280 kp_scores
ffb5db00 BENOIT7                          010e62a0 kp_team1
ffb5db90 BENOIT8                          010e62b0 kp_team2
ffb5dc20 BENOIT9                          010e62c0 pleasewt
ffcd0df0 BENOIT_P                         010e62d0 PSTATUS
ffc95fd0 BEN_NEJP                         010e62e0 P1CTRL
ffc9b190 BEN_UTAP                         010e62f0 P2CTRL
ffa928d0 BERAN                            010e6300 P3CTRL
ffa7d3a0 BG1                              010e6310 P4CTRL
ffa7c3c0 BG2                              010e6320 P1DATA
ff84f920 BGND_UD1                         010e6450 P2DATA
ffbaffd0 BILDAB01                         010e6580 P3DATA
ffbb00f0 BILDAB02                         010e66b0 P4DATA
ffbb0210 BILDAB03                         010e6820 plyrobj_t
ffbb0330 BILDAB04                         010e68a0 plyrproc_t
ffbb0450 BILDAB05                         010e6920 plyrcharge
ffbb0570 BILDAB16                         010e6930 plyrpasstype
ffb93140 BILDAB_P                         010e6940 plyrairballoff
ffc384d0 BIL_DABP                         010e6950 plyrbighead
ffa00410 BINBCD                           010e6960 stlpower
ff848840 BLNKAREA                         010e6980 plyrpals_t
ffa149b0 BLNKHELP                         010ea980 assist_delay
ffb12340 BLUBOOM                          010ea990 assist_plyr
ffaefa40 BLUE                             010ea9a0 kp_qscrs
ffa5b730 BNBAPALB                         010eaa20 kp_qscrs2
ffa5b3f0 BNBAPALV                         010eaaa0 baby_flag
ffa5b290 BNBA_V_P                         010eaab0 strongmen
ffa92960 BOON                             010eaae0 plyrnumonfire
ffa929f0 BOOTY                            010eaaf0 ballobj_p
ffb58bb0 BRAD10                           010eab10 ballpnum
ffb58c40 BRAD11                           010eab20 ballpnumlast
ffb58cd0 BRAD12                           010eab30 ballpnumshot
ffb58d60 BRAD13                           010eab40 ballsclastp
ffb58df0 BRAD14                           010eab50 ballpnumscored
ffa9aac0 BRAD                             010eab60 ballnumscored
ffb586a0 BRAD1                            010eab70 ballfree
ffb58e80 BRAD15                           010eab80 ballscorezhit
ffb58f10 BRAD16                           010eab90 ballrimhitcnt
ffb58730 BRAD2                            010eaba0 ballbbhitcnt
ffb587c0 BRAD3                            010eabb0 ballptsforshot
ffb58850 BRAD4                            010eabc0 ballprcv_p
ffb588e0 BRAD5                            010eabe0 ballpasstime
ffb58970 BRAD6                            010eabf0 ballgoaltcnt
ffb58a00 BRAD7                            010eac00 ballflash
ffb58a90 BRAD8                            010eac10 inbound
ffb58b20 BRAD9                            010eac20 bbshatter
ffccc660 BRAD_P                           010eac30 cntl_team
ffc9c000 BRA_PHLP                         010eac40 cntl_team_last
ffc6a1a0 BRK_PHXP                         010eac50 scrl_divs_cur
ffb46bb0 BROWN10                          010eac60 scrl_divs_dest
ffa99b00 BROWN                            010eac70 slamming
ffb46c40 BROWN11                          010eac80 t1dunkcnt
ffb46cd0 BROWN12                          010eaca0 brick_count
ffb46d60 BROWN13                          010eace0 last_power
ffb46df0 BROWN14                          010eacf0 original_names
ffb46e80 BROWN15                          010ead70 fire_flags
ffb466a0 BROWN1                           010ead80 conttimers
ffb46f10 BROWN16                          010eae20 shotimer
ffb46730 BROWN2                           010eae50 game_time
ffb467c0 BROWN3                           010eae70 clock_speed
ffb46850 BROWN4                           010eae80 gmqrtr
ffb468e0 BROWN5                           010eafd0 scores
ffb46970 BROWN6                           010eaff0 tvpanelon
ffb46a00 BROWN7                           010eb020 BTIME
ffb46a90 BROWN8                           010eb030 cntrs_delay
ffb46b20 BROWN9                           010eb100 last_score
ffcbde70 BROWN_P                          010eb120 clock_active
ffc9cf70 BRO_BOSP                         010eb130 sc_proc
010eb020 BTIME                            010eb150 _4plyrsingame
ffa32320 BUILD_ST                         010eb160 p1taps
ffa1bde0 BURN_IN                          010eb170 p2taps
ffaed420 BUTT_P                           010eb180 p3taps
ffa10160 B_MENU                           010eb190 p4taps
ff8c1ea0 Baker_h                          010eb1a0 show_shot
ff8e3820 Barkley_h                        010eb1b0 assistance_off
ff8e3600 Benjamin_h                       010eb1c0 plyr_tourn
ff8c44e0 Benoit_h                         010eb1d0 plyr_maxpower
ffa99320 BigLED_0                         010eb1e0 plyrsdropped
ffa993b0 BigLED_1                         010eb1f0 idiot_bits
ffa99440 BigLED_2                         010eb610 sound_rev
ffa994d0 BigLED_3                         010eb620 SOUNDSUP
ffa99560 BigLED_4                         010eba30 ENTERON
ffa995f0 BigLED_5                         010eba40 hisclong
ffa99680 BigLED_6                         010ec140 message_ascii
ffa99710 BigLED_7                         010ec160 message_palette
ffa997a0 BigLED_8                         010ec180 message_buffer
ffa99830 BigLED_9                         010ec680 mess_cursx
ffaa4060 BirthD                           010ec6a0 mess_cursy
ffaa37f0 BirthD_B                         010ec6b0 mess_space_width
ffaa3fd0 BirthM                           010ec6c0 mess_spacing
ffaa3640 BirthM_B                         010ec6d0 mess_line_spacing
ff8c31c0 Brad_h                           010ec6e0 mess_objid
ff8bedc0 Brown_h                          010ec730 player1_data
ffb51fb0 CAMP10                           010ec900 player2_data
ffb52040 CAMP11                           010ecad0 player3_data
ffb520d0 CAMP12                           010ecca0 player4_data
ffb52160 CAMP13                           010ed110 player_stats
ffb51aa0 CAMP1                            010ef8d0 hiscore_type
ffb521f0 CAMP14                           010ef8e0 last_name
ffb52280 CAMP15                           010ef8f0 last_name_time
ffb52310 CAMP16                           010ef900 shot_type
ffb51b30 CAMP2                            010ef910 plyr_shot
ffb51bc0 CAMP3                            010ef920 shot_percentage
ffb51c50 CAMP4                            010ef930 shot_distance
ffb51ce0 CAMP5                            010ef950 score_diff
ffb51d70 CAMP6                            010ef990 jam_speech
ffb51e00 CAMP7                            010ef9a0 next_call
ffb51e90 CAMP8                            010efbc0 spch_name_ram
ffb51f20 CAMP9                            010efc40 spch_pass_ram
ffa9a5b0 CAMPBELL                         010efcc0 inmatchup
ffcc6bf0 CAMP_P                           010efcd0 kp_ram
ffc9dc70 CAM_LAKP                         010efe10 credit1_obj
ffa94460 CARLTON                          010efe30 credit2_obj
ffb9f0b0 CARMED01                         010efe50 credit3_obj
ffb9f1d0 CARMED02                         010eff00 name1_obj
ffb9f2f0 CARMED03                         010eff20 name2_obj
ffb9f410 CARMED04                         010eff40 name3_obj
ffb9f530 CARMED05                         010eff60 name4_obj
ffb9f650 CARMED16                         010eff80 attrib1_obj
ffb896e0 CARMED_P                         010f00a0 attrib2_obj
ffadaad0 CARY                             010f01c0 attrib3_obj
ffc39490 CAR_MEDP                         010f02e0 attrib4_obj
ffa09ca0 CAT_A0                           010f0480 teamset1_obj
ffa8e170 CB                               010f04a0 teamset2_obj
ffa07890 CCCC                             010f05c0 team1
ffa00ee0 CCOIN                            010f05d0 team2
ffaa3a30 CENTERBAR                        010f05e0 team1_control
ffab2940 CHALENG                          010f05f0 team2_control
ffb5eeb0 CHEAN10                          010f0600 oteam1
ffb5ef40 CHEAN11                          010f0620 can_enter_inits
ffb5efd0 CHEAN12                          010f0630 game_purchased
ffb5e9a0 CHEAN1                           010f0640 page_scrolling
ffb5f060 CHEAN13                          010f06d0 force_selection
ffb5f0f0 CHEAN14                          010f06e0 in_team_select
ffb5f180 CHEAN15                          010f06f0 special_heads
ffb5f210 CHEAN16                          010f0810 tm1set
ffb5ea30 CHEAN2                           010f09d0 tm2set
ffb5eac0 CHEAN3                           010f0b90 teams_pop
ffb5eb50 CHEAN4                           010f0ef0 sorted_teams
ffb5ebe0 CHEAN5                           010f10a0 fatality
ffb5ec70 CHEAN6                           010f10b0 winningteam
ffb5ed00 CHEAN7                           010f10d0 BAD_AUD
ffb5ed90 CHEAN8                           010f10f0 C_FRAC
ffb5ee20 CHEAN9                           010f1100 C_FLAGS
ffa9af40 CHEANEY                          010f1160 COINCNTR
ffcd1a00 CHEAN_P                          010f1190 MAIN_RET
ffada310 CHER1                            010f11a0 GMENULEV
ffc9e890 CHE_WASP                         010f11b0 SND_MADE
ffa0fc80 CHK_CMOS                         010f11c0 NO_CLEAR
ffba27d0 CHRGRA01                         010f11d0 LAST_BUT
ffba28f0 CHRGRA02                         010f1210 fswitches_cur
ffba2a10 CHRGRA03                         010f1230 fswitches_last
ffba2b30 CHRGRA04                         010f1250 fswitches_down
ffba2c50 CHRGRA05                         010f12e0 SWSET1
ffba2d70 CHRGRA16                         010f1300 SWSET2
ffb8bb70 CHRGRA_P                         010f13d0 SCODE
ffc57f20 CHR_GRAP                         010f13e0 DCODE
ffa2a850 CIRCLE                           010f1410 octopus2
ffa0c960 CKDIAG                           010f1450 end
ff9fe7c0 CKDIP                            04673800 COURT
ffa30270 CKPROMPT                         ff800000 dma_irq
ffa0c820 CKTEST                           ff800000 .text
ffa027f0 CK_MAX                           ff800dd0 scale58_t
ffab5aa0 CLD10                            ff800dd0 scale59_t
ffab5b10 CLD11                            ff800dd0 scale57_t
ffab51c0 CLD1A                            ff803350 scale61t_t
ffab5640 CLD2                             ff803350 scale60_t
ffab56b0 CLD3                             ff803350 scale61_t
ffab5790 CLD4A                            ff8058d0 scale63f_t
ffab5800 CLD4B                            ff8058d0 scale62_t
ffab5720 CLD4                             ff8058d0 scale63_t
ffab5870 CLD5                             ff8058d0 scale61f_t
ffab58e0 CLD6                             ff807e50 scale62t_t
ffab5950 CLD7                             ff80a3d0 scale65_t
ffab59c0 CLD8                             ff80a3d0 scale64_t
ffab5a30 CLD9                             ff80c950 scale65t_t
ffab5520 CLDB1GRN                         ff80c950 scale64t_t
ffab5490 CLDB1LGRY                        ff80eed0 scale65f_t
ffab5400 CLDB1ORNG                        ff811450 scale66_t
ffab55b0 CLDB1PURP                        ff811450 scale67_t
ffab5370 CLDB1WHT                         ff8139d0 scale66t_t
ffab5250 CLDB1                            ff8139d0 scale67t_t
ffab52e0 CLDB1YELL                        ff815f50 scale67f_t
ffab5b80 CLDB2                            ff815f50 scale66f_t
ffab5bf0 CLDB3                            ff8184d0 scale69_t
ffab5c60 CLDB4                            ff8184d0 scale68_t
ffa084b0 CLR_AUD                          ff81aa50 scale68t_t
ffa081a0 CLR_AUDR                         ff81cfd0 scale69f_t
ff849100 CLR_SCRN                         ff81cfd0 scale68f_t
ffa9a880 CMORRIS                          ff81f550 scale610_t
ffa08550 CMOS_VAL                         ff81f550 scale611_t
010f1160 COINCNTR                         ff821ad0 scale611t_t
ffa079d0 COIN_PAG                         ff821ad0 scale610t_t
ff846b20 COLCYC                           ff824050 scale610f_t
ffa95810 COLEMAN                          ff824050 scale611f_t
ffadd760 COLE_p                           ff8265d0 scale70_t
ff8656e0 COLRPRC                          ff828b50 scale70t_t
010e57b0 COLRTEMP                         ff82b0d0 scale70f_t
ff999530 COLTAB2                          ff82d650 scale71_t
ff977400 COLTAB                           ff82d650 scale72_t
ff8578b0 COLTAB_RNBW                      ff82fbd0 scale72f_t
ffa212b0 COL_BARS                         ff832150 scale74f_t
ffa0e8f0 COL_INST                         ff832150 scale74_t
ffc6b0b0 COL_NEJP                         ff8346d0 scale76et_t
0106d600 COUNTER_MODE                     ff837cb0 DISPLAY
04673800 COURT                            ff838ce0 QDMAN
ffab7130 COURT_p                          ff838e00 display_2dsclmodeon
ffa93a40 COX                              ff838f60 display_2dsclstarmodeon
ffa0c5b0 CPU_RET                          ff83aab0 STOPOBJS
ffb3a410 CRD_ATL_P                        ff83ac00 obj_yzsort
ffb3a4c0 CRD_BOS_P                        ff83add0 SCRTSTG
ffb3a570 CRD_CHA_P                        ff83ae00 SCRTST
ffb3a6d0 CRD_CHI2P                        ff83b130 display_init
ffb3a620 CRD_CHI_P                        ff83b8c0 GETOBJ
ffb3a780 CRD_CLE_P                        ff83ba70 FREEOBJ
ffb3a830 CRD_CLP_P                        ff83baf0 INSBOBJ
ffb3a8e0 CRD_DAL_P                        ff83bb30 INSOBJ
ffb3a990 CRD_DEN_P                        ff83bcd0 DELBOBJ
ffb3aa40 CRD_DET_P                        ff83bd10 DELOBJA8
ffb3aaf0 CRD_GLD_P                        ff83bd20 DELOBJ
ffb3aba0 CRD_HOU_P                        ff83bf20 FRQDELDIE
ffb3ac50 CRD_IND_P                        ff83bf90 DELOBJDIE
ffb3ad00 CRD_LAK_P                        ff83c1b0 obj_del1c
ffb3adb0 CRD_MIA_P                        ff83c1c0 obj_delc
ffb3ae60 CRD_MIL_P                        ff83c380 EXISTOBJ
ffb3af10 CRD_MIN_P                        ff83c480 ISOBJ
ffb3afc0 CRD_NEJ_P                        ff83c530 obj_addworldxy
ffb3b070 CRD_NEY_P                        ff83c640 ADJNEWTL
ffb3b1d0 CRD_ORL2P                        ff83c710 GSCRNREL
ffb3b120 CRD_ORL_P                        ff83c800 SCRNRELV
ffb3b280 CRD_PHO_P                        ff83c950 GANISAG
ffb3b330 CRD_POR_P                        ff83cb10 BEGINOBJ
ffb3b3e0 CRD_SAC_P                        ff83cbb0 BEGINOBJ2
ffb3b490 CRD_SAN_P                        ff83d130 BEGINOBJP
ffa02ee0 CRD_SCRN2                        ff83d1d0 BEGINOBJP2
ffa02ed0 CRD_SCRN                         ff83d630 ANI
ffb3b540 CRD_SEA_P                        ff83da40 obj_aniq
ffb3b6a0 CRD_UTA2P                        ff83df00 obj_aniq_cnoff
ffb3b5f0 CRD_UTA_P                        ff83e140 obj_aniq_scld
ffb3b750 CRD_WAS_P                        ff83e460 GETANIXY
ffa02a90 CRED_P                           ff83e590 GANIOF
ffa97430 CROBINSON                        ff83e740 scrn_scaleout
ffa1fef0 CROSS_H                          ff83ebe0 scrn_scaleininit
ffab61d0 CROWD_p                          ff83ed30 scrn_scalein
ffabc4f0 CRT_ATL_P                        ff840200 init_all
ffabd4e0 CRT_BOS_P                        ff8408c0 io_init
ffabe4d0 CRT_CHA_P                        ff840950 INTIO
ffac04b0 CRT_CHI2P                        ff840a10 WDOGDIS
ffabf4c0 CRT_CHI_P                        ff842250 KILBGND
ffac14a0 CRT_CLE_P                        ff842410 ZERO_BITS
ffac2490 CRT_CLP_P                        ff8424a0 WIPEOUT
ffac3480 CRT_DAL_P                        ff842950 system_savegame
ffac4470 CRT_DEN_P                        ff842f30 system_restoregame
ffac5460 CRT_DET_P                        ff8436e0 anim_script
ffac6450 CRT_GLD_P                        ff846500 anim_wait
ffac7440 CRT_HOU_P                        ff8465b0 anim_kilslp
ffac8430 CRT_IND_P                        ff846650 anim_killall
ffac9420 CRT_LAK_P                        ff846810 autoerase_set
ffaca410 CRT_MIA_P                        ff846940 FLASHME
ffacb400 CRT_MIL_P                        ff846b20 COLCYC
ffacc3f0 CRT_MIN_P                        ff846ea0 CYCLE_TABLE
ffacd3e0 CRT_NEJ_P                        ff8470f0 HEXTOASC
fface3d0 CRT_NEY_P                        ff8472e0 ERASE_TXT
ffad03b0 CRT_ORL2P                        ff847330 STRLNRM
ffacf3c0 CRT_ORL_P                        ff8473a0 STRCNRM
ffad13a0 CRT_PHI_P                        ff847410 STRCNRM_1
ffad2390 CRT_PHO_P                        ff847490 STRRNRM
ffad3380 CRT_POR_P                        ff847500 STRLNRMO
ffad4370 CRT_SAC_P                        ff847590 STRCNRMO
ffad5360 CRT_SAN_P                        ff847620 STRCNRMO_1
ffad6350 CRT_SEA_P                        ff8476c0 STRLNRMO_1
ffad8330 CRT_UTA2P                        ff848010 STRNGLEN
ffad7340 CRT_UTA_P                        ff848170 OBJOFF
ffad9320 CRT_WAS_P                        ff848200 OBJON
ffa01a70 CR_CONTP                         ff8482a0 GETCPNT
ffa01910 CR_STRTP                         ff848370 GETANIX
ff8c3600 CRobin_h                         ff8484b0 RNDRNGS
0000003a CS_ENTS                          ff8484d0 RNDRNG
ff865de0 CWINDOW                          ff848600 RNDRNG0
ff846ea0 CYCLE_TABLE                      ff8486f0 RNDPER
ffaa9dc0 C_ATL                            ff848810 FILLAREA
ffaaacf0 C_ATL_O                          ff848840 BLNKAREA
ffaa9f70 C_BOST                           ff848940 dirq_wait
ffaaaea0 C_BOST_O                         ff848a20 dmaq_wait
ffaaad80 C_CHAR_O                         ff848b50 dpageflip_off
ffaa9e50 C_CHAR                           ff848c30 display_blank
ffaaaa20 C_CHIC_O                         ff848d20 display_unblank
ffaa9af0 C_CHIC                           ff848ff0 SCRCLR
ffaaabd0 C_CLEV_O                         ff849100 CLR_SCRN
ffaa9ca0 C_CLEV                           ff849290 FRANIM
ffaaa870 C_DAL_O                          ff849740 FRANIMQ
ffaa9940 C_DAL                            ff849b30 security_chk
ffaa9a60 C_DEN                            ff84af90 secend
ffaaa990 C_DEN_O                          ff84af90 pal_init
ffaaaab0 C_DET_O                          ff84b090 pal_clean
ffaa9b80 C_DET                            ff84b2f0 pal_find
010f1100 C_FLAGS                          ff84b430 pal_getf
010f10f0 C_FRAC                           ff84b7c0 pal_set
ffaaa510 C_GOLD_O                         ff84b8f0 pal_transfer
ffaa95e0 C_GOLD                           ff84bb30 pal_blacken
ffaa9790 C_HOU                            ff84bc90 pal_fadein
ffaaa6c0 C_HOU_O                          ff84c110 pal_fadeout
ffaaab40 C_IND_O                          ff84c150 pal_fadeout2
ffaa9c10 C_IND                            ff84c920 pal_fadeinx
ffaa94c0 C_LAClips                        ff84c960 pal_fadeoutx
ffaaa3f0 C_LAClips_O                      ff84cd90 pal_fmwht
ffaa9430 C_LALaks                         ff84cde0 pal_towht
ffaaa360 C_LALaks_O                       ff84d2e0 addbrt_ae
ffaa93a0 C_LA                             ff84d6e0 fade_up
ffaab170 C_MIAMI_O                        ff84d7f0 fade_down
ffaaa240 C_MIAMI                          ff84d8f0 fade_up_half
ffaa9d30 C_MILW                           ff84da10 fade_down_half
ffaaac60 C_MILW_O                         ff84e290 process_init
ffaaa900 C_MINN_O                         ff84e3d0 process_dispatch
ffaa99d0 C_MINN                           ff84e4f0 PRCSLP
ffaaafc0 C_NJ_O                           ff84e500 PRCLSP
ffaaa090 C_NJ                             ff84e650 SUCIDE
ffaaaf30 C_NY_O                           ff84e860 KILL
ffaaa000 C_NY                             ff84ea50 GETPRC
ffaab0e0 C_ORL_O                          ff84ebd0 XFERPROC
ffaaa1b0 C_ORL                            ff84edb0 KILALL
ffaaae10 C_PHIL_O                         ff84edd0 KIL1C
ffaa9ee0 C_PHIL                           ff84ede0 KILALLN
ffaa9550 C_PHX                            ff84efc0 KOP_1C
ffaaa480 C_PHX_O                          ff84efd0 KOP_ALL
ffaa9310 C_PORT                           ff84f110 process_exist
ffaaa2d0 C_PORT_O                         ff84f1a0 EXISTP
ffb59db0 C_ROB10                          ff84f920 BGND_UD1
ffb59e40 C_ROB11                          ff851050 bgnd_delnonvis
ffb598a0 C_ROB1                           ff851420 init_prog
ffb59ed0 C_ROB12                          ff8517f0 WARMSET
ffb59f60 C_ROB13                          ff851880 PCMOSRET
ffb59ff0 C_ROB14                          ff851a20 mainlp
ffb5a080 C_ROB15                          ff8529f0 plyr_strtb1
ffb5a110 C_ROB16                          ff852a80 plyr_strtb2
ffb59930 C_ROB2                           ff852b10 plyr_strtb3
ffb599c0 C_ROB3                           ff852bb0 plyr_strtb4
ffb59a50 C_ROB4                           ff854c00 start_msgs
ffb59ae0 C_ROB5                           ff856400 demogame_start
ffb59b70 C_ROB6                           ff857660 join_cyc
ffb59c00 C_ROB7                           ff8578b0 COLTAB_RNBW
ffb59c90 C_ROB8                           ff858440 start_arws
ffb59d20 C_ROB9                           ff85a090 scrm1_snd
ffccd5f0 C_ROB_P                          ff85a0d0 scrm2_snd
ffaaa630 C_SAC_O                          ff85a110 scrm3_snd
ffaa9700 C_SAC                            ff85a150 scrm4_snd
ffaaa750 C_SAN_O                          ff85f420 start_animate
ffaa9820 C_SAN                            ff860eb0 random_ads
ffaa9670 C_SEA                            ff861530 fix_floorclr
ffaaa5a0 C_SEA_O                          ff862290 net_ani
ffaaa7e0 C_UTAH_O                         ff864eb0 prt_status
ffaa98b0 C_UTAH                           ff865060 init_t1a
ffaab050 C_WASH_O                         ff8652c0 init_t2a
ffaaa120 C_WASH                           ff865520 init_t3a
ff8c1a60 Campbell_h                       ff865680 init_t4a
ff8c4920 Cheaney_h                        ff8656e0 COLRPRC
ff8e3a40 Coleman_h                        ff865800 WNDWON
ffa92ba0 DABEL                            ff865990 WNDWOFF
ffba2e90 DANFOR01                         ff865ac0 OWINDOW
ffba2fb0 DANFOR02                         ff865de0 CWINDOW
ffba30d0 DANFOR03                         ff8667a0 set_names
ffba31f0 DANFOR04                         ff866df0 drone_main
ffba3310 DANFOR05                         ff86b940 drone_setuptob
ffba3430 DANFOR16                         ff86ccc0 drone_adjskill
ffb8bf80 DANFOR_P                         ff86da10 drone2_main
ffc3a480 DAN_FORP                         ff872ba0 drone2_setuptob
ffa958a0 DAUGHRTY                         ff874410 drone2_adjskill
ffae5d70 DAUG_P                           ff875d50 plyr_start
ffc6c040 DAU_CLEP                         ff87fb10 plyr_setseq
ffa93260 DAVIES                           ff87fed0 joy_read
ffa92cc0 DAVIS                            ff885540 plyr_shoot
ffb53ab0 DAY10                            ff88b6a0 plyr_pass
ffb535a0 DAY1                             ff88d0b0 clr_autorbnd
ffb53b40 DAY11                            ff88d610 anipt_getsclxy
ffb53bd0 DAY12                            ff88db00 anipt3_getsclxy
ffb53c60 DAY13                            ff890770 plyr_endofqrtr
ffb53cf0 DAY14                            ff895820 plyr_goaltending
ffb53d80 DAY15                            ff896320 plyr_takeoutball
ffb53e10 DAY16                            ff897720 plyr_takeoutball2
ffb53630 DAY2                             ff8982a0 plyr_init
ffb536c0 DAY3                             ff8986c0 plyr_takeoutball3
ffb53750 DAY4                             ff8991c0 plyr_setshtdly
ffb537e0 DAY5                             ff8999d0 seekdir_xyxy128
ffa9a760 DAY                              ff899cd0 seekdirdist_obxz128
ffb53870 DAY6                             ff89a140 rndrng0
ffb53900 DAY7                             ff89a8b0 ball_main
ffb53990 DAY8                             ff8a16b0 hoopl_t
ffb53a20 DAY9                             ff8a1a80 hoopr_t
ffcbbb40 DAY_MLWP                         ff8a4c10 sinecos_get
ffcc83f0 DAY_P                            ff8a56a0 ball_chkpcollide
010f13e0 DCODE                            ff8a9ca0 get_swat
ffa93890 DEAL                             ff8a9d10 def_play_reward
ffa3ebc0 DEC_HSR                          ff8a9ea0 flash_reward
ffa08d10 DEF_PAGE                         ff8aa2d0 plyr_jscrowdsnd
ff83bcd0 DELBOBJ                          ff8aa520 ball_convfmprel
ffa974c0 DELLIS                           ff8aa600 ball_convfmprel2
ff83bd10 DELOBJA8                         ff8aa7f0 plyr_setptsdown
ff83bf90 DELOBJDIE                        ff8ac930 seq_stand
ff83bd20 DELOBJ                           ff8acec0 seq_stealstand
ff8c3e80 DEllis_h                         ff8acf20 seq_newdir
ffadebb0 DHARP_P                          ff8ad040 seq_stayinair
ff8e44e0 DHarper_h                        ff8ad0a0 seq_keepzx
ffa1bff0 DIAGCPUTEST                      ff8ad150 seq_injury
ffb152a0 DIAGP                            ff8ad1c0 seq_stuffzx
ffa0ca90 DIAG                             ff8ad250 seq_strtfire
ffa0ed40 DIAG_COLORS                      ff8ad3d0 seq_stopfire
ffa0cc80 DIAG_EX                          ff8ad4c0 seq_smoke
ffa0ead0 DIGSRT                           ff8ad560 seq_snd
ffa93770 DILLON                           ff8ad5b0 seq_noballoff
ffced4a0 DIPCOINTAB                       ff8ad630 seq_resetseq
ff837cb0 DISPLAY                          ff8ad720 seq_run
0106d3f0 DISPLAYON                        ff8ad780 seq_jump
ffae4d30 DIVAC_P                          ff8ad970 seq_jump2
ffa961a0 DIVAC                            ff8adf30 seq_block
ffa94580 DIVITA                           ff8aee60 seq_rebounda
ffc77de0 DIV_LAKP                         ff8af5a0 seq_strtdunk
01057720 DMAQ                             ff8afde0 plyr_camflash
010001c0 DMAQCUR                          ff8b07a0 seq_slamball
ffa14390 DOBORDER                         ff8b1bb0 seq_push
ff9fef20 DO_ADJH                          ff8b33b0 seq_elbo
ffa959c0 DREXLER                          ff8b3e10 halftime_showclips
ffaddb70 DREXLER_p                        ff8b3f00 plyr_smoketrail
ffa96c50 DROBINSON                        ff8b4000 plyr_smoketrail2
ffc6e030 DRX_PRTP                         ff8b47e0 do_ball_spark
ffa2ae60 DSCRCLR                          ff8b48f0 ball_smokepuff
ffb4c5b0 DUMARS10                         ff8b6f10 ball_spark
ffb4c640 DUMARS11                         ff8b7840 getdunkseq
ffb4c6d0 DUMARS12                         ff8be540 Lohaus_h
ffb4c0a0 DUMARS1                          ff8be760 Gug_h
ffb4c7f0 DUMARS14                         ff8be980 Edwrd_h
ffb4c910 DUMARS16                         ff8beba0 McDan_h
ffb4c760 DUMARS13                         ff8bedc0 Brown_h
ffb4c880 DUMARS15                         ff8befe0 KAnderson_h
ffb4c130 DUMARS2                          ff8bf200 Willis_h
ffb4c1c0 DUMARS3                          ff8bf420 Gamble_h
ffb4c250 DUMARS4                          ff8bf640 Mourn_h
ffb4c2e0 DUMARS5                          ff8bf860 Armstrng_h
ffa9a010 DUMARS                           ff8bfa80 Kukoc_h
ffb4c370 DUMARS6                          ff8bfca0 Nance_h
ffb4c400 DUMARS7                          ff8bfec0 Jack_h
ffb4c490 DUMARS8                          ff8c00e0 Mash_h
ffb4c520 DUMARS9                          ff8c0300 Rogers_h
ffcc21b0 DUMARS_P                         ff8c0520 Dumars_h
ffc9f720 DUM_DETP                         ff8c0740 Rodman_h
ffb18480 DUXPAL                           ff8c0960 Hunter_h
ffb5c1b0 D_ELL10                          ff8c0b80 Webber_h
ffb5c240 D_ELL11                          ff8c0da0 Maxwell_h
ffb5c2d0 D_ELL12                          ff8c0fc0 Horry_h
ffb5c360 D_ELL13                          ff8c11e0 Smits_h
ffb5bca0 D_ELL1                           ff8c1400 Sealy_h
ffb5c3f0 D_ELL14                          ff8c1620 Roberts_h
ffb5c480 D_ELL15                          ff8c1840 Peeler_h
ffb5c510 D_ELL16                          ff8c1a60 Campbell_h
ffb5bd30 D_ELL2                           ff8c1c80 Miner_h
ffb5bdc0 D_ELL3                           ff8c1ea0 Baker_h
ffb5be50 D_ELL4                           ff8c20c0 Day_h
ffb5bee0 D_ELL5                           ff8c22e0 Rider_h
ffb5bf70 D_ELL6                           ff8c2500 Morris_h
ffb5c000 D_ELL7                           ff8c2720 Mason_h
ffb5c090 D_ELL8                           ff8c2940 Starks_h
ffb5c120 D_ELL9                           ff8c2b60 AHard_h
ffccf5f0 D_ELL_P                          ff8c2d80 NAnders_h
ff8e2b60 Daughert_h                       ff8c2fa0 Weath_h
ff8c20c0 Day_h                            ff8c31c0 Brad_h
ff8df620 Divac_h                          ff8c33e0 KJohn_h
ffa947c0 DoubleOT                         ff8c3600 CRobin_h
ff8e3c60 Drexler_h                        ff8c3820 Simmons_h
ff8c0520 Dumars_h                         ff8c3a40 Hurley_h
ff8daec0 EB_H                             ff8c3c60 Rich_h
ffba0a90 EDBOON01                         ff8c3e80 DEllis_h
ffba0bb0 EDBOON02                         ff8c40a0 Payton_h
ffba0cd0 EDBOON03                         ff8c42c0 Mckey_h
ffba0df0 EDBOON04                         ff8c44e0 Benoit_h
ffba0f10 EDBOON05                         ff8c4700 Ellison_h
ffba1030 EDBOON16                         ff8c4920 Cheaney_h
ffb8a720 EDBOON_P                         ff8c4b40 ATL_t
ffa95930 EDWARDS                          ff8d0900 spechds_t
ffae6db0 EDWARD_p                         ff8daec0 EB_H
ffc6d040 EDW_MLWP                         ff8db0e0 JTO_H
ffc3b430 ED_BOONP                         ff8de300 plyr_getattributes
ffade390 ELLIOT_p                         ff8de900 getwindowhead
ffa95a50 ELLIOT                           ff8deda0 Worthy_h
ffb5e5b0 ELLISN10                         ff8defc0 Laetner_h
ffb5e640 ELLISN11                         ff8df1e0 Hawkins_h
ffb5e6d0 ELLISN12                         ff8df400 LJohnson_h
ffb5e760 ELLISN13                         ff8df620 Divac_h
ffb5e7f0 ELLISN14                         ff8df840 KMalone_h
ffb5e880 ELLISN15                         ff8dfb00 Stockton_h
ffb5e910 ELLISN16                         ff8dfdc0 Ewing_h
ffb5e0a0 ELLISN1                          ff8e0080 RHarper_h
ffb5e130 ELLISN2                          ff8e0340 Seikaly_h
ffb5e1c0 ELLISN3                          ff8e0600 Miller_h
ffb5e250 ELLISN4                          ff8e0820 Mutumbo_h
ffb5e2e0 ELLISN5                          ff8e0a40 Oakley_h
ffb5e370 ELLISN6                          ff8e0c60 Olajuwon_h
ffb5e400 ELLISN7                          ff8e0e80 Porter_h
ffb5e490 ELLISN8                          ff8e10a0 Price_h
ffb5e520 ELLISN9                          ff8e12c0 Rice_h
ffcd15f0 ELLISN_P                         ff8e14e0 Robinson_h
ffa9aeb0 ELLISON                          ff8e1700 Schrempf_h
ffaddf80 ELLIS_p                          ff8e1920 Skiles_h
ffc6efc0 ELL_DENP                         ff8e1b40 Smith_h
ffc6ffc0 ELL_DETP                         ff8e1d60 Thomas_h
ffca1320 ELL_WASP                         ff8e1f80 Tisdale_h
ffca0600 ELS_SANP                         ff8e21a0 Webb_h
ffa93c80 ELVIS                            ff8e2500 Kemp_h
010eba30 ENTERON                          ff8e2720 Pippen_h
ff8472e0 ERASE_TXT                        ff8e2940 Gill_h
ffba3550 ERCKIN01                         ff8e2b60 Daughert_h
ffba3670 ERCKIN02                         ff8e2d80 Mullin_h
ffba3790 ERCKIN03                         ff8e2fa0 Wilkins_h
ffba38b0 ERCKIN04                         ff8e31c0 Person_h
ffba39d0 ERCKIN05                         ff8e33e0 Augmon_h
ffba3af0 ERCKIN16                         ff8e3600 Benjamin_h
ffb8c390 ERCKIN_P                         ff8e3820 Barkley_h
ffc3c410 ERC_KINP                         ff8e3a40 Coleman_h
ff9672e0 ERRORLOG                         ff8e3c60 Drexler_h
ffba3c10 EUGENE01                         ff8e3e80 Ellis_h
ffba3d30 EUGENE02                         ff8e40a0 Elliot_h
ffba3e50 EUGENE03                         ff8e42c0 Hardaway_h
ffba3f70 EUGENE04                         ff8e44e0 DHarper_h
ffba4090 EUGENE05                         ff8e4700 HCGrant_h
ffba41b0 EUGENE16                         ff8e4920 HVGrant_h
ffb8c7a0 EUGENE_P                         ff8e4b40 Hornacek_h
ffc3d370 EUG_JARP                         ff8e4d60 Majerle_h
ffc70fb0 EWG_NEYP                         ff8e4f80 Manning_h
ffae7ac0 EWILPAL                          ff8e52e0 pseq_t
ffa95c00 EWING                            ff8f8a10 push_t
ffadb2d0 EWING_p                          ff8f9380 tip_t
ff83c380 EXISTOBJ                         ff8f9540 tipj_t
ff84f1a0 EXISTP                           ff8f97c0 passnl_t
ff8be980 Edwrd_h                          ff8f9c70 passnl3_t
ff8e40a0 Elliot_h                         ff8f9f60 passnl2_t
ff8e3e80 Ellis_h                          ff8fa410 stagger_t
ff8c4700 Ellison_h                        ff8fab60 fall_t
ff8dfdc0 Ewing_h                          ff8fbca0 ffall_t
ffa767a0 F10                              ff8fcd30 fflyback_t
ffa757a0 F1                               ff8fce60 fflybackwb_t
ffa77780 F2                               ff8feb30 flyback_t
ffa85310 F3                               ff8fec60 flybackwb_t
ffa84310 F4                               ff900100 flyback2_t
ffa78760 F5                               ff900230 flybackwb2_t
ffa83320 F6                               ff900aa0 fflyback2_t
ffa82330 F7                               ff900bd0 fflybackwb2_t
ffa79760 F8                               ff901250 pickup_t
ffa7a750 F9                               ff901a10 elbo_t
ffa08d20 FAC_SET                          ff902280 elbo2_t
ffa32100 FAC_STUF                         ff902ef0 dunka_t
0106f350 FADERAM                          ff903400 dunka2_t
ff955460 FADE_DOWN                        ff903910 dunkb_t
ff955420 FADE_UP                          ff9042c0 dunkb2_t
ffaed0a0 FGAMEPAL                         ff904c70 dunkb3_t
ff848810 FILLAREA                         ff905620 dunkc_t
ffbf6290 FIREFALP                         ff905ab0 dunkd_t
ffb24150 FL10_p                           ff905fe0 dunkd2_t
ffb24830 FL11_p                           ff906510 dunke_t
ffb24f10 FL12_p                           ff9069e0 dunke2_t
ffb255f0 FL13_p                           ff906eb0 dunkf_t
ffb25cd0 FL14_p                           ff907460 dunkg_t
ffb263b0 FL15_p                           ff907970 dunkg2_t
ffb26a90 FL16_p                           ff907e80 dunkj_t
ffb27170 FL17_p                           ff9083f0 dunkj4_t
ffb27850 FL18_p                           ff9089a0 dunkj2_t
ffb27f30 FL19_p                           ff908f10 dunkj3_t
ffb20370 FL1_p                            ff9098c0 dunkk_t
ffb28610 FL20_p                           ff909e30 dunkk2_t
ffb28cf0 FL21_p                           ff90a3a0 dunkl_t
ffb293d0 FL22_p                           ff90a910 dunkl2_t
ffb29ab0 FL23_p                           ff90aec0 dunkl3_t
ffb2a190 FL24_p                           ff90b430 dunkl4_t
ffb2a870 FL25_p                           ff90b9a0 dunkn_t
ffb2af50 FL26_p                           ff90beb0 dunkn2_t
ffb2b630 FL27_p                           ff90c3c0 dunko_t
ffb2bd10 FL28_p                           ff90cc70 dunko2_t
ffb2c3f0 FL29_p                           ff90d3a0 dunkp_t
ffb20a50 FL2_p                            ff90d990 dunkp2_t
ffb2cad0 FL30_p                           ff90df80 dunkp3_t
ffb2d1b0 FL31_p                           ff90e6b0 dunkq_t
ffb2d890 FL32_p                           ff90ec20 dunkq3_t
ffb2df70 FL33_p                           ff90f150 dunkq2_t
ffb2e650 FL34_p                           ff90f6c0 dunkq4_t
ffb2ed30 FL35_p                           ff90fbf0 dunkr_t
ffb2f410 FL36_p                           ff910160 dunkr2_t
ffb2faf0 FL37_p                           ff910710 dunks_t
ffb301d0 FL38_p                           ff910cc0 dunks2_t
ffb308b0 FL39_p                           ff911270 dunkt_t
ffb21130 FL3_p                            ff911940 dunkt2_t
ffb30f90 FL40_p                           ff912330 dunkt3_t
ffb31670 FL41_p                           ff912d20 dunkt4_t
ffb31d50 FL42_p                           ff913a60 dunkt5_t
ffb32430 FL43_p                           ff914750 dunku_t
ffb32b10 FL44_p                           ff914cc0 dunku2_t
ffb331f0 FL45_p                           ff915280 dunku3_t
ffb338d0 FL46_p                           ff9159c0 dunku4_t
ffb33fb0 FL47_p                           ff9162c0 dunku5_t
ffb34690 FL48_p                           ff9169c0 dunku6_t
ffb34d70 FL49_p                           ff916ef0 dunkv_t
ffb21810 FL4_p                            ff917520 dunkv2_t
ffb35450 FL50_p                           ff917b10 dunkw_t
ffb35b30 FL51_p                           ff918080 dunkw2_t
ffb36210 FL52_p                           ff9185b0 dunkw3_t
ffb368f0 FL53_p                           ff918b30 dunky_t
ffb36fd0 FL54_p                           ff919660 dunky2_t
ffb21ef0 FL5_p                            ff919e90 dunkz3_t
ffb225d0 FL6_p                            ff91a700 dunkz4_t
ffb22cb0 FL7_p                            ff91acb0 dunkz5_t
ffb23390 FL8_p                            ff91b110 dunkz6_t
ffb23a70 FL9_p                            ff91b680 dunkz7_t
ff846940 FLASHME                          ff91bba0 dunkz8_t
ffb376b0 FL_B_p                           ff91c110 dunkz9_t
ffb37d90 FL_G_p                           ff91c8c0 dunkz10_t
ffb39440 FL_RPR_P                         ff91d030 dunkz11_t
ffb38d60 FL_VIK_P                         ff91d760 hook_t
ffc28b60 FON150                           ff91d760 hook2_t
ffc28bf0 FON151                           ff91dd70 dunklay7_t
ffc28c80 FON152                           ff91e1f0 dunklay2_t
ffc28d10 FON153                           ff91e5f0 dunklay3_t
ffc28da0 FON154                           ff91eb00 dunklay3a_t
ffc28e30 FON155                           ff91efc0 dunklay4_t
ffc28ec0 FON156                           ff91f3c0 dunklay5_t
ffc28f50 FON157                           ff91fb00 layup_t
ffc28fe0 FON158                           ff9204f0 layupreb_t
ffc29070 FON159                           ff920d20 dunklay_t
ffc29100 FON15A                           ff921890 dunklay6_t
ffc29850 FON15M                           ff922220 dunkx_t
ffc29d60 FON15V                           ff922ef0 dunkx2_t
ffc29df0 FON15W                           ff923fb0 dunkx3_t
ffc29e80 FON15X                           ff924870 dunkz_t
ffc2c0d0 FONT7A                           ff924de0 dunkz2_t
ffc2ecb0 FONT7colon                       ff925390 stnd_t
ffa93530 FORD                             ff9254c0 stndwb2_t
ffa085b0 FORM_ADC                         ff926410 plyr_lost
ffa13250 FORM_SWS                         ff927f90 arw_on1plyr
ff849290 FRANIM                           ff928170 stick_number
ff849740 FRANIMQ                          ff928330 stick_numbers
01000020 FREE                             ff928dc0 stick_cpu
ff83ba70 FREEOBJ                          ff9293b0 stick_spark
ffcedd60 FRENCH_1                         ff929cc0 stick_spark2
ffceddb0 FRENCH_2                         ff92a410 cr_cntrs_update
ffcede00 FRENCH_3                         ff92bb50 score_showtvpanel2
ffcede50 FRENCH_4                         ff92bd40 score_showtvpanel
ffcedb10 FRENCH_ELECTITLE                 ff92be20 scr1
ff83bf20 FRQDELDIE                        ff92c2c0 update_scorebrd
ffa08760 F_ADC_S                          ff92d1c0 prt_credits
ffa140a0 F_TITLE                          ff92d7f0 clock_strt
ffaa4570 FulGamegld                       ff92ebc0 cliplockretp
ffaa44e0 FulGamegrn                       ff930280 refill_turbo
ffaa4450 FulGameorg                       ff930530 score_add
ffaa43c0 FulGamered                       ff931150 nosecrets_drw
ffb47db0 GAMBLE10                         ff931440 bracket_drw
ffb47e40 GAMBLE11                         ff931c90 prt_cr_timers
ffb47ed0 GAMBLE12                         ff931f60 prt_top_scores
ffb47f60 GAMBLE13                         ff9353f0 shot_clock
ffb47ff0 GAMBLE14                         ff9365d0 sclockx
ffb478a0 GAMBLE1                          ff9371a0 show_ot_msg
ffb48080 GAMBLE15                         ff937730 doalert_snd
ffb48110 GAMBLE16                         ff937bd0 fix_dropout_msgs
ffb47930 GAMBLE2                          ff938e20 flash_plyr_wht
ffb47b70 GAMBLE6                          ff93a0e0 doflshs
ffb47c00 GAMBLE7                          ff93b1c0 tournament_on
ffb47c90 GAMBLE8                          ff93c510 cpu_subs
ffb47d20 GAMBLE9                          ff93f010 dropout_stats
ffa99b90 GAMBLE                           ff93f2d0 instructions
ffb479c0 GAMBLE3                          ff93f740 print_inst
ffb47a50 GAMBLE4                          ff942930 SHAKER
ffb47ae0 GAMBLE5                          ff943140 do_warns
ffcbea80 GAMBLE_P                         ff943590 idiot_box
010e58b0 GAMSTATE                         ff943810 player_data
ffca2180 GAM_BOSP                         ff944870 blink_plyr
ff83e590 GANIOF                           ff9448b0 blink_plyr2
ff83c950 GANISAG                          ff944a80 flsh_box
ffa92d50 GENTILE                          ff944f90 update_cont_message
ffa0dcf0 GEN_MENU                         ff945740 flash_bigtxt
ffb9c170 GEOR1                            ff945ab0 flash_bigtxt2
ffb9c710 GEOR16                           ff945e20 game_over
ffb9c290 GEOR2                            ff946820 update_shoes
ffb9c3b0 GEOR3                            ff946f10 starring
ffb9c4d0 GEOR4                            ff94b400 player_names
ffb9c5f0 GEOR5                            ff954000 our_names
ffb87a70 GEOR_P                           ff954880 snd_reset
ffcedbd0 GERMAN_1                         ff954a20 QSNDRST
ffcedc20 GERMAN_2                         ff954ae0 snd_play1ovrp
ffcedc70 GERMAN_3                         ff954c30 snd_play1ovr
ffcedcc0 GERMAN_4                         ff954d20 snd_play1
ffcedb70 GERMAN_ELECTITLE                 ff954d30 snd_play
ff848370 GETANIX                          ff954f80 snd_update
ff83e460 GETANIXY                         ff955220 SNDSND
ff8482a0 GETCPNT                          ff955420 FADE_UP
ffa3f190 GETHIGH                          ff955460 FADE_DOWN
ffa40770 GETINIT1                         ff955af0 ALLOFF
ffa40770 GETINIT2                         ff955b30 musicoff_snd
ffa405c0 GETINIT                          ff955bb0 YAMOFF
ff83b8c0 GETOBJ                           ff955ff0 coin_snd
ff84ea50 GETPRC                           ff956030 beep2_snd
ffa12c50 GETSTICK                         ff956070 cntdown_snd
ffa08840 GET_ADJ                          ff9560b0 horn_snd
ffa07f90 GET_AUD                          ff9560f0 tune2_snd
ffa02ab0 GET_CREDITS                      ff956130 sound_watchdog
ffa300a0 GET_CSPT                         ff956950 TVBP
ffa09710 GET_CSTR                         ff956ad0 TVBPX
ffa0fee0 GET_FAC                          ff956c50 TVPATCH
ffa41090 GET_HSCR                         ff957230 RD7FONT
ffa3ef30 GET_HSC                          ff957230 TVPATCHX
ffae5960 GILL_P                           ff957dd0 RD15FONT
ffa95c90 GILL                             ff958970 set_imgs
ffc71fa0 GIL_SEAP                         ff958cf0 amode_start
010f11a0 GMENULEV                         ff95adf0 show_operatormsg
ffaeef40 GOLD                             ff95cf10 show_designteam
ffa944f0 GOSKIE                           ff962040 osgfont_t
ff9fb4e0 GO_ADJ                           ff9672e0 ERRORLOG
ffa30840 GO_DIAG                          ff967400 hint_page
ffa934a0 GRANN                            ff971bf0 new_page
ffadf3d0 GRANTG_P                         ff975850 stats_page2
ffa95d20 GRANT_HC                         ff975870 stats_page
ffa95db0 GRANT_HV                         ff9772b0 plyr_subs
ffadefc0 GRANT_P                          ff977400 COLTAB
ffa936e0 GREEN                            ff97e510 rank_screen
ffaeec80 GREENPAL                         ff9817b0 winning_msg
ffb11f30 GREYPAL                          ff982f10 print_ranking
ffc3e340 GRG_PETP                         ff983fc0 get_initials_string
ffa93fe0 GRIFFEY                          ff984160 print_player_stats
ffb13790 GRNPAL                           ff986a60 print_teams_defeated
ffb10180 GROWBOXb                         ff987610 dec_to_asc
ffb10300 GROWBOXg                         ff9879d0 dec_to_pct
ffb10600 GROWBOXr                         ff987c00 copy_string
ffb10480 GROWBOXy                         ff987cc0 concat_string
ffaee090 GROWBOX                          ff987dc0 copy_rom_string
ffc94000 GRT_CHIP                         ff987e60 concat_rom_string
ffc96fd0 GRT_PRTP                         ff9881d0 print_string_C
ff83c710 GSCRNREL                         ff9882b0 print_string_C2
ffa95b70 GUGLI                            ff988450 print_string_R
ffc94fe0 GUG_WASP                         ff988530 print_string_R2
ffae71c0 GUG_p                            ff988730 print_string
ffa141d0 G_BORDER                         ff988760 print_string2
ff8bf420 Gamble_h                         ff988df0 setup_message
ff8e2940 Gill_h                           ff989030 print_message
ff8be760 Gug_h                            ff989430 osgemd_ascii
ffa93650 HAEGER                           ff98a430 sgmd8_ascii
ffae1040 HAKEEM_P                         ff98b990 osgmd8_ascii
010e58c0 HALT                             ff98cef0 lgmd_ascii
ffade7a0 HARDAW_p                         ff98def0 omlgmd_ascii
ffa95ed0 HARPER_D                         ff98eef0 ogmd10_ascii
ffa95f60 HARPER_R                         ff990370 save_player_records
ffadbf00 HARPER_p                         ff992190 clear_player_stats
ffca2fb0 HAR_ORLP                         ff992220 inc_player_stat
ffa95ff0 HAWKINS                          ff9922e0 dec_player_stat
ffae4510 HAWKINS_P                        ff994300 find_record
ff8e4700 HCGrant_h                        ff994a20 get_player_record
ffa92de0 HEITSCH                          ff995110 get_all_records
ff8470f0 HEXTOASC                         ff995570 sort_wins
ffa943d0 HEY                              ff996520 calc_num_defeated
ffa3b580 HID_P                            ff9965d0 clear_player_records
ffaecb10 HOOP_p                           ff997cc0 show_hiscore
ffa96080 HORNACEK                         ff999530 COLTAB2
ffadf7e0 HORNA_P                          ff99fd50 show_player_records
ffa9a2e0 HORRY                            ff9a2a90 pass_speech
ffb4f2b0 HORRY10                          ff9a4c90 name_speech
ffb4eda0 HORRY1                           ff9a97d0 speech_playovrp
ffb4f340 HORRY11                          ff9a9810 shoots_speech
ffb4f3d0 HORRY12                          ff9aa800 scored_speech
ffb4f460 HORRY13                          ff9abe70 seq_call_name
ffb4f4f0 HORRY14                          ff9ac0e0 pass_to_speech
ffb4f580 HORRY15                          ff9ad560 call_team_name
ffb4f610 HORRY16                          ff9ad5e0 call_matchup
ffb4ee30 HORRY2                           ff9adab0 pushed_speech
ffb4eec0 HORRY3                           ff9adc50 rejected_speech
ffb4ef50 HORRY4                           ff9adf20 rejected_dnk_speech
ffb4efe0 HORRY5                           ff9ae170 rebound_speech
ffb4f070 HORRY6                           ff9ae6f0 intercepted_speech
ffb4f100 HORRY7                           ff9ae810 stolen_speech
ffb4f190 HORRY8                           ff9aea10 seq_lay_up_start
ffb4f220 HORRY9                           ff9aea80 seq_jam_speech
ffcc45c0 HORRY_P                          ff9aeda0 call_scores
ffca3d10 HOR_HOUP                         ff9afb30 name_call
ffa93d10 HOSK                             ff9b0390 nogood_speech
ffc72f90 HPR_DALP                         ff9b05e0 victory_speech
ffc32220 HRD_GLD                          ff9b0840 setup_speech
ffc73f90 HRD_GLDP                         ff9b1e30 initials_entry
ffc74f70 HRN_PHLP                         ff9b5310 team_selection
ffc75f70 HRP_CLPP                         ff9b7440 get_teams_pop
ffa0b570 HTOHXASC                         ff9b97e0 create_player_heads
ffb4d7b0 HUNTER10                         ff9b9f30 create_team_set_flsh
ffb4d2a0 HUNTER1                          ff9ba1f0 create_team_set
ffb4d840 HUNTER11                         ff9ba6d0 update_player_heads
ffb4d8d0 HUNTER12                         ff9be1d0 create_logos
ffb4da80 HUNTER15                         ff9be9e0 update_team_set
ffb4d960 HUNTER13                         ff9befd0 update_logos
ffa9a130 HUNTER                           ff9c7330 credit_messages
ffb4db10 HUNTER16                         ff9cb840 credits
ffb4d330 HUNTER2                          ff9cb9c0 credits2
ffb4d3c0 HUNTER3                          ff9cbaa0 credits3
ffb4d600 HUNTER7                          ff9cbb60 create_credits
ffb4d690 HUNTER8                          ff9cd860 obj_on
ffb4d720 HUNTER9                          ff9cd8e0 obj_off
ffcc2dc0 HUNTER_P                         ff9cd960 scroll_page
ffb4d9f0 HUNTER14                         ff9cdd60 monitor_fullgame
ffb4d450 HUNTER4                          ff9cf530 monitor_buyins
ffb4d4e0 HUNTER5                          ff9cf630 team_control
ffb4d570 HUNTER6                          ff9d3270 city_tbl
ffca4b80 HUN_DETP                         ff9d37a0 logos
ffb5aaa0 HURL1                            ff9d3b20 name_sort
ffb5afb0 HURL10                           ff9d58b0 create_bits
ffb5b040 HURL11                           ff9d5d80 create_bits2
ffb5b0d0 HURL12                           ff9d6710 start_teams
ffb5b160 HURL13                           ff9d7570 ladder_imgs0
ffb5b1f0 HURL14                           ff9d7890 ladder_imgs1
ffb5b280 HURL15                           ff9d7eb0 ladder_imgs2
ffb5b310 HURL16                           ff9d84d0 ladder_imgs3
ffb5ab30 HURL2                            ff9d8af0 ladder_imgs4
ffb5abc0 HURL3                            ff9d9110 ladder_imgs5
ffb5ac50 HURL4                            ff9d9730 ladder_imgs6
ffb5ace0 HURL5                            ff9d9d50 morf_pal
ffb5ad70 HURL6                            ff9da5f0 get_all_starts_down
ffb5ae00 HURL7                            ff9da810 get_start_down
ffb5ae90 HURL8                            ff9da920 get_start_cur
ffa9abe0 HURL                             ff9da9f0 get_team1_turbo
ffb5af20 HURL9                            ff9dab30 get_team2_turbo
ffcce5f0 HURL_P                           ff9dac70 get_turbo_down
ffca59d0 HUR_SACP                         ff9dad80 get_all_sticks_cur
ff8e4920 HVGrant_h                        ff9dafa0 get_all_sticks_cur2
ffa29c10 HVLINE                           ff9db110 get_stick_val_cur
ffc76f10 HWK_CHAP                         ff9db1e0 get_all_sticks_down
ffa14b00 H_SLAVE                          ff9db400 get_all_sticks_down2
ff8e42c0 Hardaway_h                       ff9db570 get_stick_val_down
ff8df1e0 Hawkins_h                        ff9db680 get_all_buttons_cur
ff8e4b40 Hornacek_h                       ff9db8a0 get_all_buttons_cur2
ff8c0fc0 Horry_h                          ff9dba10 get_but_val_cur
ff8c0960 Hunter_h                         ff9dbae0 get_all_buttons_down
ff8c3a40 Hurley_h                         ff9dbd00 get_all_buttons_down2
ffa29980 INITCOLR                         ff9dbe70 get_but_val_down
ffaa3760 INITIALS_B                       ff9dbf80 get_but_val_down_nt
ffaa3f40 INITIALS                         ff9dc050 get_steal_but_cur
ffa40870 INITMAT                          ff9dc120 result_screen
ffa401f0 INITTIM                          ff9ddd40 matchup_screen
ffa3ed50 INIT_HSR                         ff9de520 timeout
ffa41750 INIT_TAB                         ff9dee90 timeout2
ffa41760 INIT_TB                          ff9df970 timeout3
ff83baf0 INSBOBJ                          ff9e0690 check_initials
ff83bb30 INSOBJ                           ff9e3140 select_teams
ff840950 INTIO                            ff9e4350 get_opponent_team
0106d460 IRQSKYE                          ff9e43f0 ingame_mess
ffa401f0 ISHSTD                           ff9e4e30 winner_stays_on
ff83c480 ISOBJ                            ff9e61c0 buyin_screen
ffba42d0 JACHAG01                         ff9e7860 blink_tmslct
ffba43f0 JACHAG02                         ff9e7c80 grand_champs_screen
ffba4510 JACHAG03                         ff9e9950 drw_chicks
ffba4630 JACHAG04                         ff9eb180 player_heads
ffba4750 JACHAG05                         ff9f3d80 player_attribs
ffba4870 JACHAG16                         ff9f7d00 check_suckup
ffb8cbb0 JACHAG_P                         ff9f7fb0 attrib_off
ffb4aab0 JACK10                           ff9f8080 attrib_on
ffb4ab40 JACK11                           ff9f8150 update_attribs
ffb4abd0 JACK12                           ff9f86a0 del_box_imgs
ffb4a5a0 JACK1                            ff9f8df0 brown_shadow
ffb4ac60 JACK13                           ff9f9150 blue_shadow
ffb4acf0 JACK14                           ff9f9380 challenger
ffb4ad80 JACK15                           ff9f9cb0 challenger2
ffb4ae10 JACK16                           ff9fa0e0 guyhds
ffb4a630 JACK2                            ff9fac60 our_heads
ffb4a6c0 JACK3                            ff9fb4e0 GO_ADJ
ffa99e60 JACK                             ff9fe740 TAMPEREDP
ffb4a750 JACK4                            ff9fe7c0 CKDIP
ffb4a7e0 JACK5                            ff9fe840 SET_COIN_ADJ
ffb4a870 JACK6                            ff9fef20 DO_ADJH
ffb4a900 JACK7                            ffa00410 BINBCD
ffb4a990 JACK8                            ffa005a0 BCDBIN
ffb4aa20 JACK9                            ffa006c0 L_TIMER
ffcc0e90 JACK_P                           ffa00c70 SERVICE
ffca6700 JAC_DALP                         ffa00e70 LCOIN
ffc3f300 JAC_HAGP                         ffa00ee0 CCOIN
ffb9f770 JAKSIM01                         ffa00f50 RCOIN
ffb9f890 JAKSIM02                         ffa00fc0 XCOIN
ffb9f9b0 JAKSIM03                         ffa01910 CR_STRTP
ffb9fad0 JAKSIM04                         ffa01a70 CR_CONTP
ffb9fbf0 JAKSIM05                         ffa01bd0 P_START
ffb9fd10 JAKSIM16                         ffa01e10 P_CONT
ffb89af0 JAKSIM_P                         ffa02020 NO_CREDS
ffc5fd20 JAK_SIMP                         ffa027f0 CK_MAX
ffc31890 JAM_RIVM                         ffa02890 UNIT_CLR
ffc637c0 JAM_RIVP                         ffa02a90 CRED_P
ffa935c0 JARVIS                           ffa02ab0 GET_CREDITS
ffba4990 JASFLA01                         ffa02ed0 CRD_SCRN
ffba4ab0 JASFLA02                         ffa02ee0 CRD_SCRN2
ffba4bd0 JASFLA03                         ffa05cc0 winner_stays_box
ffba4cf0 JASFLA04                         ffa07500 SLAM_SW
ffba4e10 JASFLA05                         ffa07890 CCCC
ffba4f30 JASFLA16                         ffa079d0 COIN_PAG
ffb8cfc0 JASFLA_P                         ffa07a60 aud_addnumplyrs
ffc40300 JAS_FLAP                         ffa07f90 GET_AUD
ffb98c90 JC10                             ffa080d0 STORE_AUDIT
ffb98db0 JC11                             ffa081a0 CLR_AUDR
ffb98ed0 JC12                             ffa08290 KILL_AUD
ffb98ff0 JC13                             ffa08330 AUD
ffb99110 JC14                             ffa08440 AUD1
ffb99230 JC15                             ffa084b0 CLR_AUD
ffb99350 JC16                             ffa08550 CMOS_VAL
ffb98b70 JC1                              ffa085b0 FORM_ADC
ffb99470 JC2                              ffa08760 F_ADC_S
ffb99590 JC3                              ffa08840 GET_ADJ
ffb996b0 JC4                              ffa08910 PUT_ADJ
ffb997d0 JC5                              ffa08c80 ADJ_PAGE
ffb998f0 JC6                              ffa08d10 DEF_PAGE
ffb99a10 JC7                              ffa08d20 FAC_SET
ffb99b30 JC8                              ffa09090 LD_CTAB
ffb99c50 JC9                              ffa095c0 L_MESS
ffb86ee0 JC_p                             ffa096c0 LM_SETUP
ffba5050 JGREEN01                         ffa09700 LM_FINIS
ffba5170 JGREEN02                         ffa09710 GET_CSTR
ffba5290 JGREEN03                         ffa09ca0 CAT_A0
ffba53b0 JGREEN04                         ffa0a3c0 ROM_NAME
ffba54d0 JGREEN05                         ffa0b070 WAIT_MUT
ffba55f0 JGREEN16                         ffa0b570 HTOHXASC
ffb8d3d0 JGREEN_P                         ffa0b810 STRCAT
ffba1c90 JIMGEN01                         ffa0c5b0 CPU_RET
ffba1db0 JIMGEN02                         ffa0c6b0 WAIT_BUT
ffba1ed0 JIMGEN03                         ffa0c820 CKTEST
ffba1ff0 JIMGEN04                         ffa0c960 CKDIAG
ffba2110 JIMGEN05                         ffa0ca90 DIAG
ffb8b350 JIMGEN_P                         ffa0cc80 DIAG_EX
ffc412c0 JIM_GENP                         ffa0dcf0 GEN_MENU
ffc422a0 JIM_GRNP                         ffa0e340 MENU_TOP
ffba5710 JOEDIL01                         ffa0e380 TOP_BOX
ffba5830 JOEDIL02                         ffa0e720 RED_BOX
ffba5950 JOEDIL03                         ffa0e8f0 COL_INST
ffba5a70 JOEDIL04                         ffa0ead0 DIGSRT
ffba5b90 JOEDIL05                         ffa0ed40 DIAG_COLORS
ffba5cb0 JOEDIL16                         ffa0fc80 CHK_CMOS
ffb8d7e0 JOEDIL_P                         ffa0fee0 GET_FAC
ffba5dd0 JOELIN01                         ffa10160 B_MENU
ffba5ef0 JOELIN02                         ffa12b90 ST_STICK
ffba6010 JOELIN03                         ffa12c50 GETSTICK
ffba6130 JOELIN04                         ffa13250 FORM_SWS
ffba6250 JOELIN05                         ffa132c0 fudge_switches
ffba6370 JOELIN16                         ffa13550 fudge_switches_diag
ffb8dbf0 JOELIN_P                         ffa137e0 fudge_switches2
ffc43250 JOE_DILP                         ffa140a0 F_TITLE
ffc44220 JOE_LINP                         ffa141d0 G_BORDER
ffba16f0 JOHNN01                          ffa14390 DOBORDER
ffba1810 JOHNN02                          ffa14790 STD_BORD
ffba1930 JOHNN03                          ffa149b0 BLNKHELP
ffba1a50 JOHNN04                          ffa14b00 H_SLAVE
ffba1b70 JOHNN05                          ffa151c0 AREUSURE
ffb8af40 JOHNN_P                          ffa15720 SUR_MESS
ffa96110 JOHNSN_L                         ffa15840 SURE_BOX
ffae4920 JOHNSON_P                        ffa165f0 opmsg_main
ffca74d0 JOH_PHXP                         ffa178d0 opmsg_clr
ffb94d90 JONH10                           ffa1a400 POWERTST
ffb94eb0 JONH11                           ffa1a610 POWERCMOS
ffb94fd0 JONH12                           ffa1bde0 BURN_IN
ffb94370 JONH1                            ffa1bff0 DIAGCPUTEST
ffb950f0 JONH13                           ffa1fef0 CROSS_H
ffb95210 JONH14                           ffa212b0 COL_BARS
ffb95330 JONH15                           ffa21790 SWITCHTEST
ffb95450 JONH16                           ffa245d0 READ_DIP
ffb94490 JONH2                            ffa29980 INITCOLR
ffb945b0 JONH3                            ffa29a60 POINT
ffb946d0 JONH4                            ffa29b10 RECTANGLE
ffb947f0 JONH5                            ffa29c10 HVLINE
ffb94910 JONH6                            ffa2a1e0 STRNEW1
ffb94a30 JONH7                            ffa2a2d0 STRING
ffb94b50 JONH8                            ffa2a850 CIRCLE
ffb94c70 JONH9                            ffa2ae60 DSCRCLR
ffb85330 JONH_P                           ffa300a0 GET_CSPT
ffb9fe30 JONLOW01                         ffa30270 CKPROMPT
ffb9ff50 JONLOW02                         ffa30840 GO_DIAG
ffba0070 JONLOW03                         ffa32100 FAC_STUF
ffba0190 JONLOW04                         ffa32320 BUILD_ST
ffba02b0 JONLOW05                         ffa32b70 ANY_BUT
ffb89f00 JONLOW_P                         ffa32c80 SNDTST
ffba6490 JONVOG01                         ffa3b580 HID_P
ffba65b0 JONVOG02                         ffa3db40 STR_OBJ
ffba66d0 JONVOG03                         ffa3e920 STR_FREE
ffba67f0 JONVOG04                         ffa3eb20 P_FORK
ffba6910 JONVOG05                         ffa3ebc0 DEC_HSR
ffba6a30 JONVOG16                         ffa3ed50 INIT_HSR
ffb8e000 JONVOG_P                         ffa3ef30 GET_HSC
ffc31800 JON_CARM                         ffa3f190 GETHIGH
ffc627c0 JON_CARP                         ffa401f0 ISHSTD
ffc92040 JON_CHAP                         ffa401f0 INITTIM
ffc31920 JON_HEYM                         ffa405c0 GETINIT
ffc64720 JON_HEYP                         ffa40770 GETINIT2
ffc45210 JON_LOWP                         ffa40770 GETINIT1
ffc46210 JON_NEWP                         ffa40870 INITMAT
ffc471c0 JON_TOBP                         ffa40960 A2_CHECK
ffc481c0 JON_VOGP                         ffa41090 GET_HSCR
ffba6b50 JOSTSU01                         ffa414a0 PT_ENTRY
ffba6c70 JOSTSU02                         ffa41530 ROM_PTRS
ffba6d90 JOSTSU03                         ffa41600 SET_PAGE
ffba6eb0 JOSTSU04                         ffa41750 INIT_TAB
ffba6fd0 JOSTSU05                         ffa41760 INIT_TB
ffba70f0 JOSTSU16                         ffa418f0 VAL_TAB
ffb8e410 JOSTSU_P                         ffa42200 RC_BYTE
ffc49170 JOS_TSUP                         ffa422b0 WC_BYTE
ffa94340 JSKILES                          ffa42440 RC_BYTEI
ff8db0e0 JTO_H                            ffa424a0 RC_WORD
ff8bfec0 Jack_h                           ffa42620 RC_LONG
ffa93800 KAM                              ffa42740 RC_LONGI
ffa97160 KANDERSON                        ffa427a0 WC_BYTEI
ffb9cef0 KARHOS01                         ffa427f0 WC_WORD
ffb9d010 KARHOS02                         ffa428b0 WC_WORDI
ffb9d130 KARHOS03                         ffa42900 WC_LONG
ffb9d250 KARHOS04                         ffa429c0 WC_LONGI
ffb9d370 KARHOS05                         ffa42f90 .data
ffb9d490 KARHOS16                         ffa42f90 etext
ffb88290 KARHOS_P                         ffa44750 hiscoreBMOD
ffc37560 KAR_HOSP                         ffa457e0 empjambBMOD
ff8befe0 KAnderson_h                      ffa46a70 yesnoBMOD
ffae5140 KEMP_P                           ffa49150 namebox4BMOD
ffa96230 KEMP                             ffa491e0 namebox2BMOD
ffc60aa0 KEN_MUGP                         ffa49270 selbackBMOD
ffbb0d50 KGRIF01                          ffa49300 namebox3BMOD
ffbb0e70 KGRIF02                          ffa4ac40 teamselBMOD
ffbb0f90 KGRIF03                          ffa4ede0 finalBMOD
ffbb10b0 KGRIF04                          ffa4ee70 matchupBMOD
ffbb11d0 KGRIF05                          ffa50880 statscrkBMOD
ffb93960 KGRIF_P                          ffa50910 statscrnBMOD
ff84edd0 KIL1C                            ffa52ad0 trnedBMOD
ff84edb0 KILALL                           ffa53ea0 congratbBMOD
ff84ede0 KILALLN                          ffa55310 ladderBMOD
ff842250 KILBGND                          ffa553a0 dabullBMOD
ffa08290 KILL_AUD                         ffa572f0 chrvic1BMOD
ff84e860 KILL                             ffa58c70 nameboxkBMOD
ffa92e70 KINKEAD                          ffa58d00 selbackkBMOD
ffa973a0 KJOHNSON                         ffa5a4a0 subsBMOD
ff8c33e0 KJohn_h                          ffa5a8e0 viewfrtBMOD
ffc78dd0 KMP_SEAP                         ffa5ac10 blankjamBMOD
ff8df840 KMalone_h                        ffa5aca0 wood64
ffa93bf0 KONGO                            ffa5b0b0 NBAPAL_V
ff84efc0 KOP_1C                           ffa5b290 BNBA_V_P
ff84efd0 KOP_ALL                          ffa5b3f0 BNBAPALV
ffb498b0 KUKOC10                          ffa5b550 NBAPALV
ffb493a0 KUKOC1                           ffa5b730 BNBAPALB
ffb49940 KUKOC11                          ffa5b890 NBAPAL
ffb499d0 KUKOC12                          ffa5ba70 METLPALG
ffb49a60 KUKOC13                          ffa5bdc0 orePALS
ffb49af0 KUKOC14                          ffa5bf20 yjamPALS
ffa99d40 KUKOC                            ffa5c000 oPALS
ffb49b80 KUKOC15                          ffa5c0a0 ATTBKR_P
ffb49c10 KUKOC16                          ffa5c130 ATTBKB_P
ffb49430 KUKOC2                           ffa5c1c0 wood64b
ffb494c0 KUKOC3                           ffa5c5d0 METLPALB
ffb49550 KUKOC4                           ffa5c920 METLPALR
ffb495e0 KUKOC5                           ffa5cc70 NLWOOD64
ffb49670 KUKOC6                           ffa5d080 ackPALS
ffb49700 KUKOC7                           ffa5d180 westpalc
ffb49790 KUKOC8                           ffa5d300 eastpalc
ffb49820 KUKOC9                           ffa5d430 MBOX_B_P
ffcc0280 KUKOC_P                          ffa5d5e0 MBOX_R_P
ffca8170 KUK_CHIP                         ffa5d790 selPALS
ffb54cb0 K_AND10                          ffa5d8f0 WHITEPAL3
ffb547a0 K_AND1                           ffa5dbb0 QTRBYB_P
ffb54d40 K_AND11                          ffa5dc30 hbakPALS
ffb54dd0 K_AND12                          ffa5ddf0 scrnPALS
ffb54e60 K_AND13                          ffa5deb0 Z_pal1
ffb54ef0 K_AND14                          ffa5eeb0 Z_pal2
ffb54f80 K_AND15                          ffa5fb40 Z_pal3
ffb55010 K_AND16                          ffa60b30 Z_pal4
ffb54830 K_AND2                           ffa61530 stat_p
ffb548c0 K_AND3                           ffa61930 STATIC_p
ffb54950 K_AND4                           ffa61a90 Z_pal7
ffb549e0 K_AND5                           ffa62a90 Z_pal8
ffb54a70 K_AND6                           ffa63a90 Z_pal9
ffb54b00 K_AND7                           ffa649c0 Z_pal10
ffb54b90 K_AND8                           ffa659c0 Z_pal11
ffb54c20 K_AND9                           ffa65f80 Z_pal12
ffcc9000 K_AND_P                          ffa66c50 Z_pal13
ffb594b0 K_JOHN10                         ffa67c50 P_STATIC
ffb595d0 K_JOHN12                         ffa68050 top2_p
ffb59540 K_JOHN11                         ffa69040 Z_pal16
ffb58fa0 K_JOHN1                          ffa69fb0 Z_pal17
ffb59660 K_JOHN13                         ffa6ac40 Z_pal18
ffb596f0 K_JOHN14                         ffa6bc40 Z_pal19
[...]
ff8ad970 seq_jump2                        ffbaeb90 VNCPON16
ff8ad0a0 seq_keepzx                       ffbaecb0 WARDAV01
ff9aea10 seq_lay_up_start                 ffbaedd0 WARDAV02
ff8acf20 seq_newdir                       ffbaeef0 WARDAV03
ff8ad5b0 seq_noballoff                    ffbaf010 WARDAV04
ff8b1bb0 seq_push                         ffbaf130 WARDAV05
ff8aee60 seq_rebounda                     ffbaf250 TOBIAS01
ff8ad630 seq_resetseq                     ffbaf370 TOBIAS02
ff8ad720 seq_run                          ffbaf490 TOBIAS03
ff8b07a0 seq_slamball                     ffbaf5b0 TOBIAS04
ff8ad4c0 seq_smoke                        ffbaf6d0 TOBIAS05
ff8ad560 seq_snd                          ffbaf7f0 TOBIAS16
ff8ac930 seq_stand                        ffbaf910 PALHEI01
ff8ad040 seq_stayinair                    ffbafa30 PALHEI02
ff8acec0 seq_stealstand                   ffbafb50 PALHEI03
ff8ad3d0 seq_stopfire                     ffbafc70 PALHEI04
ff8af5a0 seq_strtdunk                     ffbafd90 PALHEI05
ff8ad250 seq_strtfire                     ffbafeb0 PALHEI16
ff8ad1c0 seq_stuffzx                      ffbaffd0 BILDAB01
ff958970 set_imgs                         ffbb00f0 BILDAB02
ff8667a0 set_names                        ffbb0210 BILDAB03
ff988df0 setup_message                    ffbb0330 BILDAB04
ff9b0840 setup_speech                     ffbb0450 BILDAB05
ff98a430 sgmd8_ascii                      ffbb0570 BILDAB16
ffa8f750 sgmd8wht                         ffbb0690 RACDAV01
ffae75d0 shad_p                           ffbb07b0 RACDAV02
ffa901b0 shadow1                          ffbb08d0 RACDAV03
ffa906c0 shadow10                         ffbb09f0 RACDAV04
ffa90750 shadow11                         ffbb0b10 RACDAV05
ffa90870 shadow12                         ffbb0c30 RACDAV16
ffa90900 shadow13                         ffbb0d50 KGRIF01
ffa90990 shadow14                         ffbb0e70 KGRIF02
ffa90a20 shadow15                         ffbb0f90 KGRIF03
ffa90240 shadow2                          ffbb10b0 KGRIF04
ffa902d0 shadow3                          ffbb11d0 KGRIF05
ffa90360 shadow4                          ffbb12f0 ballite1
ffa903f0 shadow5                          ffbb1410 ballite2
ffa90480 shadow6                          ffbb1530 ballite3
ffa90510 shadow7                          ffbb1650 ballite4
ffa905a0 shadow8                          ffbb1770 ballite5
ffa90630 shadow9                          ffbb1890 ballite6
ffa9dd60 shard1_1                         ffbb19b0 ballite7
ffa9ddf0 shard1_2                         ffbb1ad0 lighten1
ffa9de80 shard1_3                         ffbb1bf0 lighten2
ffa9df10 shard1_4                         ffbb1d10 lighten3
ffa9dfa0 shard1_5                         ffbb1e30 lighten4
ffa9e030 shard1_6                         ffbb1f50 lighten5
ffa9e0c0 shard1_7                         ffbb2070 lighten6
ffa9e150 shard1_8                         ffbb2190 lighten7
ffa9e1e0 shard2_1                         ffbd5e30 w3run1
ffa9e270 shard2_2                         ffbdde70 w1blok2
ffa9e300 shard2_3                         ffbddf90 w1blok3
ffa9e390 shard2_4                         ffbde1d0 w2blok2
ffa9e420 shard2_5                         ffbde2f0 w2blok3
ffa9e4b0 shard2_6                         ffbde530 w4blok2
ffa9e540 shard2_7                         ffbde650 w4blok3
ffa9e5d0 shard2_8                         ffbe2430 w5blok2
ffa9ec90 shard3_12                        ffbe2550 w5blok3
ffa9e660 shard3_1                         ffbe67b0 w3desp1
ffa9eb70 shard3_10                        ffbf6290 FIREFALP
ffa9ec00 shard3_11                        ffbf7290 zwilpal
ffa9e6f0 shard3_2                         ffc1e3e0 w2fgrl1
ffa9e780 shard3_3                         ffc1e500 w2fgrl2
ffa9e810 shard3_4                         ffc1e620 w2fgrl3
ffa9e8a0 shard3_5                         ffc205a0 T2DUNK9
ffa9e930 shard3_6                         ffc206c0 T2DUNK10
ffa9e9c0 shard3_7                         ffc20a20 T2DUNK3
ffa9ea50 shard3_8                         ffc20b40 T2DUNK4
ffa9eae0 shard3_9                         ffc20c60 T2DUNK5
ffa9f230 shard4_10                        ffc20d80 T2DUNK6
ffa9ed20 shard4_1                         ffc20ea0 T2DUNK7
ffa9edb0 shard4_2                         ffc20fc0 T2DUNK8
ffa9ee40 shard4_3                         ffc256a0 LED_00
ffa9eed0 shard4_4                         ffc25730 LED_MAX
ffa9ef60 shard4_5                         ffc28140 arrow1r
ffa9eff0 shard4_6                         ffc28260 arrow2r
ffa9f080 shard4_7                         ffc28380 arrow3r
ffa9f110 shard4_8                         ffc284a0 arrow4r
ffa9f1a0 shard4_9                         ffc28530 arrow1t
ffa9f2c0 shard5_1                         ffc285c0 arrow2t
ffa9f350 shard5_2                         ffc28650 arrow3t
ffa9f3e0 shard5_3                         ffc286e0 arrow4t
ffa9f470 shard5_4                         ffc28890 arrow1r2p
ffa9f500 shard5_5                         ffc289b0 arrow2r2p
ffa9f590 shard5_6                         ffc28b60 FON150
ffa9f620 shard5_7                         ffc28bf0 FON151
ffa9f6b0 shard5_8                         ffc28c80 FON152
ffa9f740 shard6_1                         ffc28d10 FON153
ffa9f7d0 shard6_2                         ffc28da0 FON154
ffa9f860 shard6_3                         ffc28e30 FON155
ffa9f8f0 shard6_4                         ffc28ec0 FON156
ffa9f980 shard6_5                         ffc28f50 FON157
ffa9fa10 shard6_6                         ffc28fe0 FON158
ffa9faa0 shard6_7                         ffc29070 FON159
ffa9fb30 shard6_8                         ffc29100 FON15A
ffa9fbc0 shard7_1                         ffc29850 FON15M
ffaa00d0 shard7_10                        ffc29d60 FON15V
ffa9fc50 shard7_2                         ffc29df0 FON15W
ffa9fce0 shard7_3                         ffc29e80 FON15X
ffa9fd70 shard7_4                         ffc2c0d0 FONT7A
ffa9fe00 shard7_5                         ffc2ecb0 FONT7colon
ffa9fe90 shard7_6                         ffc2f130 SQUD_1
ffa9ff20 shard7_7                         ffc2f1c0 SQUD_2
ffa9ffb0 shard7_8                         ffc2fc70 RAD_MK2
ffaa0040 shard7_9                         ffc2fd00 SCO_MK2
ffaa0160 shard8_1                         ffc2fd90 REP_MK2
ffaa0670 shard8_10                        ffc2fe20 SUB_MK2
ffaa01f0 shard8_2                         ffc31770 TON_GOSM
ffaa0280 shard8_3                         ffc31800 JON_CARM
ffaa0310 shard8_4                         ffc31890 JAM_RIVM
ffaa03a0 shard8_5                         ffc31920 JON_HEYM
ffaa0430 shard8_6                         ffc319b0 SAL_DIVM
ffaa04c0 shard8_7                         ffc31a40 SHA_LIPM
ffaa0550 shard8_8                         ffc31b60 MRK_TURM
ffaa05e0 shard8_9                         ffc31bf0 AUG_ATL
ffaa0700 shat1_1                          ffc32220 HRD_GLD
ffaa0790 shat1_2                          ffc32730 MUL_GLD
ffaa0820 shat1_3                          ffc330c0 WLK_ATL
ffaa08b0 shat1_4                          ffc34fb0 RAD_MK2P
ffaa0940 shat1_5                          ffc35640 SCO_MK2P
ffaa09d0 shat2_1                          ffc35b50 REP_MK2P
ffaa0a60 shat2_2                          ffc360a0 SUB_MK2P
ffaa0af0 shat2_3                          ffc366c0 LOR_OLIP
ffaa0b80 shat2_4                          ffc37560 KAR_HOSP
ffaa0c10 shat2_5                          ffc384d0 BIL_DABP
ffaa0ca0 shat3_1                          ffc39490 CAR_MEDP
ffaa0d30 shat3_2                          ffc3a480 DAN_FORP
ffaa0dc0 shat3_3                          ffc3b430 ED_BOONP
ffaa0e50 shat3_4                          ffc3c410 ERC_KINP
ffaa0ee0 shat3_5                          ffc3d370 EUG_JARP
ffaa0f70 shat4_1                          ffc3e340 GRG_PETP
ffaa1000 shat4_2                          ffc3f300 JAC_HAGP
ffaa1090 shat4_3                          ffc40300 JAS_FLAP
ffaa1120 shat4_4                          ffc412c0 JIM_GENP
ffaa11b0 shat4_5                          ffc422a0 JIM_GRNP
ff9a9810 shoots_speech                    ffc43250 JOE_DILP
ff9353f0 shot_clock                       ffc44220 JOE_LINP
010ef930 shot_distance                    ffc45210 JON_LOWP
010ef920 shot_percentage                  ffc46210 JON_NEWP
010ef900 shot_type                        ffc471c0 JON_TOBP
ffa94b20 shotclok                         ffc481c0 JON_VOGP
010eae20 shotimer                         ffc49170 JOS_TSUP
ff95cf10 show_designteam                  ffc4a160 LAR_DUMP
ff997cc0 show_hiscore                     ffc4b150 LIN_DELP
ff95adf0 show_operatormsg                 ffc4c120 MAR_MARP
ff9371a0 show_ot_msg                      ffc4d0f0 MAT_BUTP
ff99fd50 show_player_records              ffc4e0d0 MRK_LOFP
010eb1a0 show_shot                        ffc4f0c0 MRK_PENP
ff8a4c10 sinecos_get                      ffc500c0 PAL_HEIP
010eac70 slamming                         ffc51070 PAT_COXP
ff954c30 snd_play1ovr                     ffc52040 RAC_DAVP
ff954ae0 snd_play1ovrp                    ffc53020 RAY_MOSP
ff954d20 snd_play1                        ffc53ff0 ROG_SHRP
ff954d30 snd_play                         ffc54fd0 PAL_BARP
ff954880 snd_reset                        ffc55f90 REA_PERP
ff954f80 snd_update                       ffc56f50 AL_LASCP
ff995570 sort_wins                        ffc57f20 CHR_GRAP
010f0ef0 sorted_teams                     ffc58f20 SHE_OURP
010eb610 sound_rev                        ffc59f20 STE_BERP
ff956130 sound_watchdog                   ffc5aee0 TIM_COMP
ffa9c140 spark1                           ffc5bee0 VIK_APEP
ffa9bf00 spark2                           ffc5ce00 VNC_PONP
ffa9bf90 spark3                           ffc5ddd0 VOG_HEDP
ffa9c020 spark4                           ffc5ed70 WAR_DAVP
ffa9c0b0 spark5                           ffc5fd20 JAK_SIMP
ffaec9b0 spark_p                          ffc60aa0 KEN_MUGP
010efbc0 spch_name_ram                    ffc617e0 TON_GOSP
010efc40 spch_pass_ram                    ffc627c0 JON_CARP
ff8d0900 spechds_t                        ffc637c0 JAM_RIVP
010f06f0 special_heads                    ffc64720 JON_HEYP
ff9a97d0 speech_playovrp                  ffc653e0 SAL_DIVP
ff8fa410 stagger_t                        ffc66260 SHN_LIPP
ff946f10 starring                         ffc67260 WIL_WILP
ffaa4180 start2                           ffc68240 MRK_TURP
ffaa3d00 start3                           ffc69210 AUG_ATLP
ff85f420 start_animate                    ffc6a1a0 BRK_PHXP
ff858440 start_arws                       ffc6b0b0 COL_NEJP
ffa94c40 start                            ffc6c040 DAU_CLEP
ff854c00 start_msgs                       ffc6d040 EDW_MLWP
ff9d6710 start_teams                      ffc6e030 DRX_PRTP
ffa61530 stat_p                           ffc6efc0 ELL_DENP
ff975850 stats_page2                      ffc6ffc0 ELL_DETP
ff975870 stats_page                       ffc70fb0 EWG_NEYP
ffa50880 statscrkBMOD                     ffc71fa0 GIL_SEAP
ffa50910 statscrnBMOD                     ffc72f90 HPR_DALP
010e60a0 steals_off                       ffc73f90 HRD_GLDP
ff928dc0 stick_cpu                        ffc74f70 HRN_PHLP
ff928170 stick_number                     ffc75f70 HRP_CLPP
ff928330 stick_numbers                    ffc76f10 HWK_CHAP
ff929cc0 stick_spark2                     ffc77de0 DIV_LAKP
ff9293b0 stick_spark                      ffc78dd0 KMP_SEAP
010e6960 stlpower                         ffc79cd0 LTN_MINP
ff925390 stnd_t                           ffc7ac70 MAJ_PHXP
ff9254c0 stndwb2_t                        ffc7bc30 MAN_CLPP
ff9ae810 stolen_speech                    ffc7cb00 MUL_GLDP
010eaab0 strongmen                        ffc7dac0 MUT_DENP
ffaae770 stshad1                          ffc7ea60 OLA_HOUP
ffaae800 stshad2                          ffc7f980 PIP_CHIP
ffaae260 stx_3pts                         ffc808c0 POR_PRTP
ffaadf90 stx_all                          ffc81840 PRC_CLEP
ffaae4a0 stx_ast                          ffc82830 PRS_MINP
ffaae2f0 stx_atline                       ffc83830 RCE_MIAP
ffaae5c0 stx_blocks                       ffc847b0 ROB_SANP
ffaadcc0 stx_defeated                     ffc85760 SCH_SEAP
ffaae410 stx_dunks                        ffc86610 SKL_MIAP
ffaae1d0 stx_fgs                          ffc87610 SKL_ORLP
ffaae6e0 stx_injury                       ffc885f0 SMT_HOUP
ffaadba0 stx_l                            ffc894f0 STK_UTAP
ffaadc30 stx_lastmtch                     ffc8a3d0 THM_DETP
ffaadd50 stx_lostto                       ffc8b3d0 TIS_SACP
ffaadf00 stx_nbateams                     ffc8c320 WEB_SACP
ffaae020 stx_norecord                     ffc8d2a0 WLK_ATLP
ffaade70 stx_ofthe27                      ffc8e150 WOR_LAKP
ffaada80 stx_pct                          ffc8f0e0 MIL_INDP
ffaae380 stx_points                       ffc900e0 LOH_MLWP
ffaad9f0 stx_rank                         ffc910d0 MLN_UTAP
ffaae650 stx_rebs                         ffc92040 JON_CHAP
ffaae0b0 stx_record                       ffc93010 OAK_NEYP
ffaae530 stx_steals                       ffc94000 GRT_CHIP
ffaadb10 stx_w                            ffc94fe0 GUG_WASP
ffaadde0 stx_youhave                      ffc95fd0 BEN_NEJP
ffa5a4a0 subsBMOD                         ffc96fd0 GRT_PRTP
ffaa4840 swapblu                          ffc97fd0 AND_NEJP
ffaa48d0 swapred                          ffc98cf0 AND_ORLP
ffa9cad0 swish1b                          ffc99680 ARM_CHIP
ffa9cb60 swish1f                          ffc9a380 BAK_MLWP
ffa9cbf0 swish2b                          ffc9b190 BEN_UTAP
ffa9cc80 swish2f                          ffc9c000 BRA_PHLP
ffa9cd10 swish3b                          ffc9cf70 BRO_BOSP
ffa9cda0 swish3f                          ffc9dc70 CAM_LAKP
ffa9ce30 swish4b                          ffc9e890 CHE_WASP
ffa9cec0 swish4f                          ffc9f720 DUM_DETP
ffa9cf50 swish5b                          ffca0600 ELS_SANP
ffa9cfe0 swish5f                          ffca1320 ELL_WASP
0106d570 switches_cur                     ffca2180 GAM_BOSP
0106d5b0 switches_down                    ffca2fb0 HAR_ORLP
0106d530 switches_old                     ffca3d10 HOR_HOUP
010e5390 swstack_p                        ffca4b80 HUN_DETP
010e53b0 swstackbot                       ffca59d0 HUR_SACP
010e57b0 swstacktop                       ffca6700 JAC_DALP
ff842f30 system_restoregame               ffca74d0 JOH_PHXP
ff842950 system_savegame                  ffca8170 KUK_CHIP
ffa92060 t0000                            ffca8d60 SEL_INDP
ffa92330 t1000                            ffca9bc0 MAS_DALP
ffa923c0 t1100                            ffcaab10 MAS_NEYP
ffa92450 t1110                            ffcaba40 MAX_HOUP
ffa924e0 t1111                            ffcac820 MCD_BOSP
010eac80 t1dunkcnt                        ffcad560 MIN_MIAP
ffa8f820 tPALS                            ffcae370 MOU_CHAP
ffab5cd0 t_plateV                         ffcaf140 NAN_CLEP
010f05e0 team1_control                    ffcaff80 PAY_SEAP
010f05c0 team1                            ffcb0d90 PEE_LAKP
010f05f0 team2_control                    ffcb1b50 RIC_SACP
010f05d0 team2                            ffcb27d0 RID_MINP
ff9cf630 team_control                     ffcb3600 ROB_CLPP
ff9b5310 team_selection                   ffcb44a0 ROB_PRTP
010f0b90 teams_pop                        ffcb5230 ROD_SANP
ffa4ac40 teamselBMOD                      ffcb5cc0 ROG_DENP
010f0480 teamset1_obj                     ffcb6bd0 SIM_SACP
010f04a0 teamset2_obj                     ffcb7a60 SMI_INDP
ffb100e0 textp                            ffcb8280 STA_NEYP
ffa95030 three                            ffcb9080 WEA_PHLP
ffab05d0 threepnts                        ffcb9e10 WEB_GLDP
ff9dee90 timeout2                         ffcbad10 WLS_ATLP
ff9df970 timeout3                         ffcbbb40 DAY_MLWP
ff9de520 timeout                          ffcbc7b0 MOR_NEJP
ffa94e80 timerlow                         ffcbd670 WILLIS_P
ffae9a70 timers_b                         ffcbde70 BROWN_P
ffae9c60 timers_r                         ffcbe670 MCDAN_P
010e60f0 timertcnt                        ffcbea80 GAMBLE_P
ff8f9380 tip_t                            ffcbf280 MOURN_P
ff8f9540 tipj_t                           ffcbfa80 ARMST_P
010f0810 tm1set                           ffcc0280 KUKOC_P
010f09d0 tm2set                           ffcc0a80 NANCE_P
ffa97670 tocontrol                        ffcc0e90 JACK_P
ffa6f4f0 top1_p                           ffcc12a0 MASH_P
ffa68050 top2_p                           ffcc19b0 ROGERS_P
ff93b1c0 tournament_on                    ffcc21b0 DUMARS_P
ffa52ad0 trnedBMOD                        ffcc29b0 RODMAN_P
ff9560f0 tune2_snd                        ffcc2dc0 HUNTER_P
010eaff0 tvpanelon                        ffcc35c0 WEBBER_P
ffa94fa0 two                              ffcc3dc0 MAX_P
ffa920f0 tx000                            ffcc45c0 HORRY_P
ffa92570 tx100                            ffcc4dc0 SMITS_P
ffa92600 tx110                            ffcc55c0 SELEY_P
ffa92690 tx111                            ffcc5bf0 ROBERTS_P
ffa92180 txx00                            ffcc63f0 PEELER_P
ffa92720 txx10                            ffcc6bf0 CAMP_P
ffa927b0 txx11                            ffcc73f0 MINER_P
ffa92210 txxx0                            ffcc7bf0 BAKER_P
ffa92840 txxx1                            ffcc83f0 DAY_P
ffa922a0 txxxx                            ffcc8800 RIDER_P
ff9f8150 update_attribs                   ffcc9000 K_AND_P
ff944f90 update_cont_message              ffcc9670 MORRIS_P
ff9befd0 update_logos                     ffcc9e70 MASON_P
ff9ba6d0 update_player_heads              ffcca670 STARKS_P
ff92c2c0 update_scorebrd                  ffccae60 A_HARD_P
ff946820 update_shoes                     ffccb660 N_AND_P
ff9be9e0 update_team_set                  ffccbe60 WEATH_P
ffaa4a80 useupbx                          ffccc660 BRAD_P
ff9b05e0 victory_speech                   ffccce60 K_JOHN_P
ffa5a8e0 viewfrtBMOD                      ffccd5f0 C_ROB_P
ffa8f9c0 viewp                            ffccddf0 SIM_P
ffbdde70 w1blok2                          ffcce5f0 HURL_P
ffbddf90 w1blok3                          ffccedf0 RICH_P
ffbde1d0 w2blok2                          ffccf5f0 D_ELL_P
ffbde2f0 w2blok3                          ffccfdf0 PAYTON_P
ffc1e3e0 w2fgrl1                          ffcd05f0 MCKEY_P
ffc1e500 w2fgrl2                          ffcd0df0 BENOIT_P
ffc1e620 w2fgrl3                          ffcd15f0 ELLISN_P
ffbe67b0 w3desp1                          ffcd1a00 CHEAN_P
ffbd5e30 w3run1                           ffcd4600 MEN_ADJ
ffbde530 w4blok2                          ffce0790 MEN_MAIN
ffbde650 w4blok3                          ffce1a50 MEN_YN
ffbe2430 w5blok2                          ffce3c00 MESS_MM
ffbe2550 w5blok3                          ffce5320 MESS_FAC
ffa5d180 westpalc                         ffced4a0 DIPCOINTAB
ffb93dd0 wil1                             ffced948 USA_1
ffb93ef0 wil2                             ffced980 USA_2
ffb94010 wil3                             ffced9b0 USA_3
ffb94130 wil4                             ffced9e0 USA_4
ffb94250 wil5                             ffcedad0 USA_ELECTITLE
ffab2820 winfree                          ffcedb10 FRENCH_ELECTITLE
ffa05cc0 winner_stays_box                 ffcedb70 GERMAN_ELECTITLE
ff9e4e30 winner_stays_on                  ffcedbd0 GERMAN_1
ff9817b0 winning_msg                      ffcedc20 GERMAN_2
010f10b0 winningteam                      ffcedc70 GERMAN_3
ffab2670 winstay_l                        ffcedcc0 GERMAN_4
ffa5aca0 wood64                           ffcedd60 FRENCH_1
ffa5c1c0 wood64b                          ffceddb0 FRENCH_2
ffab49e0 yellow                           ffcede00 FRENCH_3
ffa46a70 yesnoBMOD                        ffcede50 FRENCH_4
ffaa4330 yesnobak                         ffcf4f60 TWO_TS
ffa5bf20 yjamPALS                         ffcf51f0 TWO_TP
ffbf7290 zwilpal                          ffcf55c0 edata

[4150 symbols]
