*****************************************************
TMS340 COFF Linker           Version 6.10
*****************************************************
Tue Dec 19 01:45:20 2023

OUTPUT FILE NAME:   <BB.out>
ENTRY POINT SYMBOL: "WARMSET"  address: ff8517f0


MEMORY CONFIGURATION

           name      origin     length     attributes     fill
         --------   --------   ---------   ----------   --------
         SCRATCH    01000000   000100000      RWIX      
         IROM       02000000   000400000      RWIX      
         ROM        ff800000   000600000      RWIX      
         ROM2       ffff6f00   000008d00      RWIX      
         TRAP31     fffffc00   000000400      RWIX      


SECTION ALLOCATION MAP

 output                                  attributes/
section   page    origin      length       input sections
--------  ----  ----------  ----------   ----------------
VECTORS    0    fffffc00    00000400     
                  fffffc00    00000400     MAIN.OBJ (VECTORS)

IMAGES     0    02000000    00000000     UNINITIALIZED

shit       0    ffff6f00    00000000     UNINITIALIZED

SHIT       0    ffff6f00    00000000     UNINITIALIZED

FIXED      0    01000000    00000040     
                  01000000    00000040     MPROC.OBJ (FIXED)

OFIXED     0    01000040    00000060     
                  01000040    00000060     NDSP1.OBJ (OFIXED)

NFIXED     0    010000a0    00000000     UNINITIALIZED

.BSS       0    010000a0    00000000     UNINITIALIZED

.bss       0    010000a0    000f13b0     UNINITIALIZED
                  010000a0    0006d390     NDSP1.OBJ (.bss)
                  0106d430    00000200     MAIN.OBJ (.bss)
                  0106d630    00000ad0     UTIL.OBJ (.bss)
                  0106e100    00031270     PAL.OBJ (.bss)
                  0109f370    000438a0     MPROC.OBJ (.bss)
                  010e2c10    00002770     BAKGND.OBJ (.bss)
                  010e5380    00000ea0     BB.OBJ (.bss)
                  010e6220    00000020     DRONE.OBJ (.bss)
                  010e6240    00000030     DRONE2.OBJ (.bss)
                  010e6270    00004870     PLYR.OBJ (.bss)
                  010eaae0    000002a0     PLYR2.OBJ (.bss)
                  010ead80    00000470     SCORE.OBJ (.bss)
                  010eb1f0    00000420     SCORE2.OBJ (.bss)
                  010eb610    00000420     SOUNDS.OBJ (.bss)
                  010eba30    00000710     ATTRACT.OBJ (.bss)
                  010ec140    000005f0     STRING.OBJ (.bss)
                  010ec730    000031b0     RECORD.OBJ (.bss)
                  010ef8e0    000003e0     SPEECH.OBJ (.bss)
                  010efcc0    00001410     SELECT.OBJ (.bss)
                  010f10d0    000000c0     AUDIT.OBJ (.bss)
                  010f1190    00000150     TEST.OBJ (.bss)
                  010f12e0    000000e0     DIAG.OBJ (.bss)
                  010f13c0    00000060     MENU.OBJ (.bss)
                  010f1420    00000030     HSTD.OBJ (.bss)

SYSWORK    0    010f1450    00000000     UNINITIALIZED

.text      0    ff800000    00242d90     
                  ff800000    00040200     NDSP1.OBJ (.text)
                  ff840200    00002050     MAIN.OBJ (.text)
                  ff842250    00008d40     UTIL.OBJ (.text)
                  ff84af90    00003300     PAL.OBJ (.text)
                  ff84e290    00001050     MPROC.OBJ (.text)
                  ff84f2e0    00002000     BAKGND.OBJ (.text)
                  ff8512e0    00015a30     BB.OBJ (.text)
                  ff866d10    00006c20     DRONE.OBJ (.text)
                  ff86d930    00007e00     DRONE2.OBJ (.text)
                  ff875730    00024a20     PLYR.OBJ (.text)
                  ff89a150    00019aa0     PLYR2.OBJ (.text)
                  ff8b3bf0    00010e70     PLYR3.OBJ (.text)
                  ff8c4a60    000197c0     PLYRAT.OBJ (.text)
                  ff8de220    00006fe0     PLYRAT2.OBJ (.text)
                  ff8e5200    000140a0     PLYRSEQ.OBJ (.text)
                  ff8f92a0    00009770     PLYRSEQ2.OBJ (.text)
                  ff902a10    0001cc50     PLYRDSEQ.OBJ (.text)
                  ff91f660    00005c50     PLYRLSEQ.OBJ (.text)
                  ff9252b0    00000cb0     PLYRSTND.OBJ (.text)
                  ff925f60    00018f50     SCORE.OBJ (.text)
                  ff93eeb0    000158f0     SCORE2.OBJ (.text)
                  ff9547a0    000020c0     SOUNDS.OBJ (.text)
                  ff956860    000008f0     PATCH.OBJ (.text)
                  ff957150    000019c0     TEXT.OBJ (.text)
                  ff958b10    0002a320     ATTRACT.OBJ (.text)
                  ff982e30    0000d420     STRING.OBJ (.text)
                  ff990250    00010ba0     RECORD.OBJ (.text)
                  ff9a0df0    000109e0     SPEECH.OBJ (.text)
                  ff9b17d0    00025c80     SELECT.OBJ (.text)
                  ff9d7450    00023fb0     SELECT2.OBJ (.text)
                  ff9fb400    000051e0     ADJUST.OBJ (.text)
                  ffa005e0    0000be30     AUDIT.OBJ (.text)
                  ffa0c410    0000dd50     TEST.OBJ (.text)
                  ffa1a160    000000a0     --HOLE-- [fill = 0000ffff]
                  ffa1a200    00015ca0     DIAG.OBJ (.text)
                  ffa2fea0    0000ea40     MENU.OBJ (.text)
                  ffa3e8e0    000044b0     HSTD.OBJ (.text)

.TEXT      0    ffa42d90    00000000     UNINITIALIZED

.data      0    ffa42d90    002b2630     
                  ffa42d90    00017d10     BGNDTBL.OBJ (.data)
                  ffa5aaa0    00035510     BGNDPAL.OBJ (.data)
                  ffa8ffb0    00026020     IMGTBL.OBJ (.data)
                  ffab5fd0    0005f070     IMGPAL.OBJ (.data)
                  ffb15040    00003620     IMGPAL2.OBJ (.data)
                  ffb18660    00029120     BB.OBJ (.data)
                  ffb41780    00002920     PLYR2.OBJ (.data)
                  ffb440a0    0001b000     PLYR3.OBJ (.data)
                  ffb5f0a0    00053010     PLYRAT.OBJ (.data)
                  ffbb20b0    00019500     PLYRAT2.OBJ (.data)
                  ffbcb5b0    0001cf80     PLYRSEQ.OBJ (.data)
                  ffbe8530    0001ebb0     PLYRSEQ2.OBJ (.data)
                  ffc070e0    00016920     PLYRDSEQ.OBJ (.data)
                  ffc1da00    00005e80     PLYRLSEQ.OBJ (.data)
                  ffc23880    00001c20     PLYRSTND.OBJ (.data)
                  ffc254a0    000034c0     SCORE.OBJ (.data)
                  ffc28960    00007110     TEXT.OBJ (.data)
                  ffc2fa70    000a25d0     SELECT2.OBJ (.data)
                  ffcd2040    0000d700     ADJUST.OBJ (.data)
                  ffcdf740    00015c80     MENU.OBJ (.data)

.DATA      0    ffcf53c0    00000000     UNINITIALIZED

img_tbl    0    ffcf53c0    00000000     UNINITIALIZED


GLOBAL SYMBOLS

address  name                             address  name
-------- ----                             -------- ----
010000a0 .bss                             00000000 _ATL
ffa42d90 .data                            00000001 _BOS
ff800000 .text                            00000002 _CHA
ffa40760 A2_CHECK                         00000003 ROM_LEV
01000000 ACTIVE                           00000003 _CHI
ff83c640 ADJNEWTL                         00000004 RTR_LEV
ffa08ba0 ADJ_PAGE                         00000004 _CLE
ffa96150 AHARDAWAY                        00000005 _DAL
ff8c2a80 AHard_h                          00000006 _DEN
ffba2030 ALLASC01                         00000007 _DET
ffba2150 ALLASC02                         00000008 _GOL
ffba2270 ALLASC03                         00000009 _HOU
ffba2390 ALLASC04                         0000000a _IND
ffba24b0 ALLASC05                         0000000b _LAC
ffb8b560 ALLASC_P                         0000000c _LAL
ff955a10 ALLOFF                           0000000d _MI
ffc56d50 AL_LASCP                         0000000e _MIL
ffc97dd0 AND_NEJP                         0000000f _MIN
ffc98af0 AND_ORLP                         00000010 _NJ
ff83d630 ANI                              00000011 _NY
ffa32970 ANY_BUT                          00000012 _ORL
ffaefdc0 AQUAPAL                          00000013 _PHI
ffa150e0 AREUSURE                         00000014 _PHX
ffb48db0 ARMST10                          00000015 _POR
ffb48e40 ARMST11                          00000016 _SAC
ffb48ed0 ARMST12                          00000017 _SAN
ffb48f60 ARMST13                          00000018 _SEA
ffb49080 ARMST15                          00000019 _UTA
ffb488a0 ARMST1                           0000001a _WAS
ffb48ff0 ARMST14                          0000003a CS_ENTS
ffb49110 ARMST16                          01000000 ACTIVE
ffb48930 ARMST2                           01000020 FREE
ffb489c0 ARMST3                           01000040 OBJLST
ffb48a50 ARMST4                           01000060 OFREE
ffb48ae0 ARMST5                           01000080 BAKLST
ffb48b70 ARMST6                           010000a0 .bss
ffb48c00 ARMST7                           010000a0 SCROLLX
ffb48c90 ARMST8                           010000c0 SCROLLY
ffb48d20 ARMST9                           010000e0 WORLDTLX
ffa99ab0 ARMSTR                           01000100 WORLDTLY
ffcbf880 ARMST_P                          01000120 WORLDTL
ffc99480 ARM_CHIP                         01000140 SCRNTL
ff8c4a60 ATL_t                            01000160 SCRNLR
ffa5bf30 ATTBKB_P                         01000180 dpage
ffa5bea0 ATTBKR_P                         01000190 dtype
ffaad760 ATT_BLU                          010001c0 DMAQCUR
ffb0f460 ATT_B_P                          010001e0 OBJSTR
ffa08360 AUD1                             0103be20 dmaq0
ffa08250 AUD                              01057720 DMAQ
ffadc930 AUGMON_p                         0106c8a0 gndstat
ffa95460 AUGMON                           0106c8b0 gndpos_t
ffc69010 AUG_ATLP                         0106d3d0 gndx
ffc319f0 AUG_ATL                          0106d3f0 DISPLAYON
ffb56eb0 A_HARD10                         0106d400 _3dstat
ffb56f40 A_HARD11                         0106d430 SYSCOPY
ffb56fd0 A_HARD12                         0106d440 WDOGRAM
ffb57060 A_HARD13                         0106d460 IRQSKYE
ffb570f0 A_HARD14                         0106d470 dpageflip
ffb57180 A_HARD15                         0106d480 dirqtimer
ffb57210 A_HARD16                         0106d530 switches_old
ffb569a0 A_HARD1                          0106d570 switches_cur
ffb56a30 A_HARD2                          0106d5b0 switches_down
ffb56ac0 A_HARD3                          0106d5f0 NPLAYERS
ffb56b50 A_HARD4                          0106d600 COUNTER_MODE
ffb56be0 A_HARD5                          0106d610 VALIDATOR
ffb56c70 A_HARD6                          0106d620 TWOPLAYERS
ffb56d00 A_HARD7                          0106d630 RAND
ffb56d90 A_HARD8                          0106d650 STRNGRAM
ffb56e20 A_HARD9                          0106d790 WRLD
ffccac60 A_HARD_P                         0106d7a0 LOWZ
ff8bf780 Armstrng_h                       0106e0f0 animscnt
ff8e3300 Augmon_h                         0106e150 PALFRAM
010f10d0 BAD_AUD                          0106e150 PALRAM
010e2c50 BAKBITS                          0106e750 PALTRAM
ffb52fb0 BAKER10                          0106e750 PALBRAM
ffb53040 BAKER11                          0106f350 morfpal1
ffb52aa0 BAKER1                           0106f350 FADERAM
ffb530d0 BAKER12                          0106f750 morfpal2
ffb53160 BAKER13                          0106fb50 morfpal3
ffb531f0 BAKER14                          0106ff50 morfpal4
ffb53280 BAKER15                          01070350 morfpal5
ffb53310 BAKER16                          01070750 morfpal6
ffb52b30 BAKER2                           01070b50 morfpal7
ffb52bc0 BAKER3                           01070f50 morfpal8
ffa9a4d0 BAKER                            01071350 morfpal9
ffb52c50 BAKER4                           01071750 morfpal10
ffb52ce0 BAKER5                           01071b50 morfpal11
ffb52d70 BAKER6                           0109f350 palfmin
ffb52e00 BAKER7                           0109f370 PRCSTR
ffb52e90 BAKER8                           010e2c50 BAKBITS
ffb52f20 BAKER9                           010e5360 BAKMODS
ffcc79f0 BAKER_P                          010e5380 PCNT
01000080 BAKLST                           010e5390 swstack_p
010e5360 BAKMODS                          010e53b0 swstackbot
ffc9a180 BAK_MLWP                         010e57b0 COLRTEMP
ffae7400 BALL_p                           010e57b0 swstacktop
ffa937b0 BARKER                           010e58b0 GAMSTATE
ffadd150 BARKLEY_p                        010e58c0 HALT
ffa954f0 BARKLEY                          010e58d0 NO_START
ffa004c0 BCDBIN                           010e58e0 PSTATUS2
ff83cb10 BEGINOBJ                         010e58f0 WSPEED
ff83d1d0 BEGINOBJP2                       010e5900 WFLG
ff83d130 BEGINOBJP                        010e5920 OBJPTR
ff83cbb0 BEGINOBJ2                        010e5f40 crplate_ptr
ffa95580 BENJAMIN                         010e5f60 msg_ram
ffadcd40 BENJA_p                          010e5fe0 name_cnt
ffb5dbd0 BENOIT12                         010e5ff0 name_flop
ffa9ac20 BENOIT                           010e6000 names
ffb5dab0 BENOIT10                         010e6080 crt_colors
ffb5d5a0 BENOIT1                          010e60a0 steals_off
ffb5dc60 BENOIT13                         010e60b0 pushing_delay
ffb5d630 BENOIT2                          010e60c0 pass_off
ffb5d6c0 BENOIT3                          010e60d0 rebound_delay
ffb5d7e0 BENOIT5                          010e60e0 crowd_animate
ffb5d990 BENOIT8                          010e60f0 timertcnt
ffb5da20 BENOIT9                          010e6100 qtr_purchased
ffb5d750 BENOIT4                          010e6140 newptr
ffb5db40 BENOIT11                         010e6160 newplyrs
ffb5dcf0 BENOIT14                         010e6260 drone2on
ffb5dd80 BENOIT15                         010e6280 kp_scores
ffb5de10 BENOIT16                         010e62a0 kp_team1
ffb5d870 BENOIT6                          010e62b0 kp_team2
ffb5d900 BENOIT7                          010e62c0 pleasewt
ffcd0bf0 BENOIT_P                         010e62d0 PSTATUS
ffc95dd0 BEN_NEJP                         010e62e0 P1CTRL
ffc9af90 BEN_UTAP                         010e62f0 P2CTRL
ffa926d0 BERAN                            010e6300 P3CTRL
ffa7d1a0 BG1                              010e6310 P4CTRL
ffa7c1c0 BG2                              010e6320 P1DATA
ff84f920 BGND_UD1                         010e6450 P2DATA
ffbafdd0 BILDAB01                         010e6580 P3DATA
ffbafef0 BILDAB02                         010e66b0 P4DATA
ffbb0010 BILDAB03                         010e6820 plyrobj_t
ffbb0130 BILDAB04                         010e68a0 plyrproc_t
ffbb0250 BILDAB05                         010e6920 plyrcharge
ffbb0370 BILDAB16                         010e6930 plyrpasstype
ffb92f40 BILDAB_P                         010e6940 plyrairballoff
ffc382d0 BIL_DABP                         010e6950 plyrbighead
ffa00330 BINBCD                           010e6960 stlpower
ff848840 BLNKAREA                         010e6980 plyrpals_t
ffa148d0 BLNKHELP                         010ea980 assist_delay
ffb12140 BLUBOOM                          010ea990 assist_plyr
ffaef840 BLUE                             010ea9a0 kp_qscrs
ffa5b530 BNBAPALB                         010eaa20 kp_qscrs2
ffa5b1f0 BNBAPALV                         010eaaa0 baby_flag
ffa5b090 BNBA_V_P                         010eaab0 strongmen
ffa92760 BOON                             010eaae0 plyrnumonfire
ffa927f0 BOOTY                            010eaaf0 ballobj_p
ffb589b0 BRAD10                           010eab10 ballpnum
ffb58a40 BRAD11                           010eab20 ballpnumlast
ffb58ad0 BRAD12                           010eab30 ballpnumshot
ffa9a8c0 BRAD                             010eab40 ballsclastp
ffb584a0 BRAD1                            010eab50 ballpnumscored
ffb58b60 BRAD13                           010eab60 ballnumscored
ffb58bf0 BRAD14                           010eab70 ballfree
ffb58c80 BRAD15                           010eab80 ballscorezhit
ffb58d10 BRAD16                           010eab90 ballrimhitcnt
ffb58530 BRAD2                            010eaba0 ballbbhitcnt
ffb585c0 BRAD3                            010eabb0 ballptsforshot
ffb58650 BRAD4                            010eabc0 ballprcv_p
ffb586e0 BRAD5                            010eabe0 ballpasstime
ffb58770 BRAD6                            010eabf0 ballgoaltcnt
ffb58800 BRAD7                            010eac00 ballflash
ffb58890 BRAD8                            010eac10 inbound
ffb58920 BRAD9                            010eac20 bbshatter
ffccc460 BRAD_P                           010eac30 cntl_team
ffc9be00 BRA_PHLP                         010eac40 cntl_team_last
ffc69fa0 BRK_PHXP                         010eac50 scrl_divs_cur
ffa99900 BROWN                            010eac60 scrl_divs_dest
ffb469b0 BROWN10                          010eac70 slamming
ffb46a40 BROWN11                          010eac80 t1dunkcnt
ffb46ad0 BROWN12                          010eaca0 brick_count
ffb46b60 BROWN13                          010eace0 last_power
ffb46bf0 BROWN14                          010eacf0 original_names
ffb46c80 BROWN15                          010ead70 fire_flags
ffb464a0 BROWN1                           010ead80 conttimers
ffb46d10 BROWN16                          010eae20 shotimer
ffb46530 BROWN2                           010eae50 game_time
ffb465c0 BROWN3                           010eae70 clock_speed
ffb46650 BROWN4                           010eae80 gmqrtr
ffb466e0 BROWN5                           010eafd0 scores
ffb46770 BROWN6                           010eaff0 tvpanelon
ffb46800 BROWN7                           010eb020 BTIME
ffb46890 BROWN8                           010eb030 cntrs_delay
ffb46920 BROWN9                           010eb100 last_score
ffcbdc70 BROWN_P                          010eb120 clock_active
ffc9cd70 BRO_BOSP                         010eb130 sc_proc
010eb020 BTIME                            010eb150 _4plyrsingame
ffa32120 BUILD_ST                         010eb160 p1taps
ffa1bbe0 BURN_IN                          010eb170 p2taps
ffaed220 BUTT_P                           010eb180 p3taps
ffa10080 B_MENU                           010eb190 p4taps
ff8c1dc0 Baker_h                          010eb1a0 show_shot
ff8e3740 Barkley_h                        010eb1b0 assistance_off
ff8e3520 Benjamin_h                       010eb1c0 plyr_tourn
ff8c4400 Benoit_h                         010eb1d0 plyr_maxpower
ffa99120 BigLED_0                         010eb1e0 plyrsdropped
ffa991b0 BigLED_1                         010eb1f0 idiot_bits
ffa99240 BigLED_2                         010eb610 sound_rev
ffa992d0 BigLED_3                         010eb620 SOUNDSUP
ffa99360 BigLED_4                         010eba30 ENTERON
ffa993f0 BigLED_5                         010eba40 hisclong
ffa99480 BigLED_6                         010ec140 message_ascii
ffa99510 BigLED_7                         010ec160 message_palette
ffa995a0 BigLED_8                         010ec180 message_buffer
ffa99630 BigLED_9                         010ec680 mess_cursx
ffaa35f0 BirthD_B                         010ec6a0 mess_cursy
ffaa3e60 BirthD                           010ec6b0 mess_space_width
ffaa3440 BirthM_B                         010ec6c0 mess_spacing
ffaa3dd0 BirthM                           010ec6d0 mess_line_spacing
ff8c30e0 Brad_h                           010ec6e0 mess_objid
ff8bece0 Brown_h                          010ec730 player1_data
ffb51db0 CAMP10                           010ec900 player2_data
ffb51e40 CAMP11                           010ecad0 player3_data
ffb51ed0 CAMP12                           010ecca0 player4_data
ffb518a0 CAMP1                            010ed110 player_stats
ffb51f60 CAMP13                           010ef8d0 hiscore_type
ffb51ff0 CAMP14                           010ef8e0 last_name
ffb52080 CAMP15                           010ef8f0 last_name_time
ffb52110 CAMP16                           010ef900 shot_type
ffb51930 CAMP2                            010ef910 plyr_shot
ffb519c0 CAMP3                            010ef920 shot_percentage
ffb51a50 CAMP4                            010ef930 shot_distance
ffb51ae0 CAMP5                            010ef950 score_diff
ffb51b70 CAMP6                            010ef990 jam_speech
ffb51c00 CAMP7                            010ef9a0 next_call
ffb51c90 CAMP8                            010efbc0 spch_name_ram
ffb51d20 CAMP9                            010efc40 spch_pass_ram
ffa9a3b0 CAMPBELL                         010efcc0 inmatchup
ffcc69f0 CAMP_P                           010efcd0 kp_ram
ffc9da70 CAM_LAKP                         010efe10 credit1_obj
ffa94260 CARLTON                          010efe30 credit2_obj
ffb9eeb0 CARMED01                         010efe50 credit3_obj
ffb9efd0 CARMED02                         010eff00 name1_obj
ffb9f0f0 CARMED03                         010eff20 name2_obj
ffb9f210 CARMED04                         010eff40 name3_obj
ffb9f330 CARMED05                         010eff60 name4_obj
ffb9f450 CARMED16                         010eff80 attrib1_obj
ffb894e0 CARMED_P                         010f00a0 attrib2_obj
ffada8d0 CARY                             010f01c0 attrib3_obj
ffc39290 CAR_MEDP                         010f02e0 attrib4_obj
ffa09bc0 CAT_A0                           010f0480 teamset1_obj
ffa8df70 CB                               010f04a0 teamset2_obj
ffa077b0 CCCC                             010f05c0 team1
ffa00e00 CCOIN                            010f05d0 team2
ffaa3830 CENTERBAR                        010f05e0 team1_control
ffab2740 CHALENG                          010f05f0 team2_control
ffb5ecb0 CHEAN10                          010f0600 oteam1
ffb5ed40 CHEAN11                          010f0620 can_enter_inits
ffb5edd0 CHEAN12                          010f0630 game_purchased
ffb5ee60 CHEAN13                          010f0640 page_scrolling
ffb5eef0 CHEAN14                          010f06d0 force_selection
ffb5ef80 CHEAN15                          010f06e0 in_team_select
ffb5e7a0 CHEAN1                           010f06f0 special_heads
ffb5f010 CHEAN16                          010f0810 tm1set
ffb5e830 CHEAN2                           010f09d0 tm2set
ffb5e8c0 CHEAN3                           010f0b90 teams_pop
ffb5e950 CHEAN4                           010f0ef0 sorted_teams
ffb5e9e0 CHEAN5                           010f10a0 fatality
ffb5ea70 CHEAN6                           010f10b0 winningteam
ffb5eb00 CHEAN7                           010f10d0 BAD_AUD
ffb5eb90 CHEAN8                           010f10f0 C_FRAC
ffb5ec20 CHEAN9                           010f1100 C_FLAGS
ffa9ad40 CHEANEY                          010f1160 COINCNTR
ffcd1800 CHEAN_P                          010f1190 MAIN_RET
ffada110 CHER1                            010f11a0 GMENULEV
ffc9e690 CHE_WASP                         010f11b0 SND_MADE
ffa0fba0 CHK_CMOS                         010f11c0 NO_CLEAR
ffba25d0 CHRGRA01                         010f11d0 LAST_BUT
ffba26f0 CHRGRA02                         010f1210 fswitches_cur
ffba2810 CHRGRA03                         010f1230 fswitches_last
ffba2930 CHRGRA04                         010f1250 fswitches_down
ffba2a50 CHRGRA05                         010f12e0 SWSET1
ffba2b70 CHRGRA16                         010f1300 SWSET2
ffb8b970 CHRGRA_P                         010f13d0 SCODE
ffc57d20 CHR_GRAP                         010f13e0 DCODE
ffa2a650 CIRCLE                           010f1410 octopus2
ffa0c880 CKDIAG                           010f1450 end
ff9fe6e0 CKDIP                            04673800 COURT
ffa30070 CKPROMPT                         ff800000 dma_irq
ffa0c740 CKTEST                           ff800000 .text
ffa02710 CK_MAX                           ff800dd0 scale58_t
ffab58a0 CLD10                            ff800dd0 scale59_t
ffab5910 CLD11                            ff800dd0 scale57_t
ffab4fc0 CLD1A                            ff803350 scale61t_t
ffab5440 CLD2                             ff803350 scale60_t
ffab54b0 CLD3                             ff803350 scale61_t
ffab5600 CLD4B                            ff8058d0 scale63f_t
ffab5520 CLD4                             ff8058d0 scale62_t
ffab5590 CLD4A                            ff8058d0 scale63_t
ffab5670 CLD5                             ff8058d0 scale61f_t
ffab56e0 CLD6                             ff807e50 scale62t_t
ffab5750 CLD7                             ff80a3d0 scale65_t
ffab57c0 CLD8                             ff80a3d0 scale64_t
ffab5830 CLD9                             ff80c950 scale65t_t
ffab5050 CLDB1                            ff80c950 scale64t_t
ffab5320 CLDB1GRN                         ff80eed0 scale65f_t
ffab5290 CLDB1LGRY                        ff811450 scale66_t
ffab5200 CLDB1ORNG                        ff811450 scale67_t
ffab53b0 CLDB1PURP                        ff8139d0 scale66t_t
ffab5170 CLDB1WHT                         ff8139d0 scale67t_t
ffab50e0 CLDB1YELL                        ff815f50 scale67f_t
ffab5980 CLDB2                            ff815f50 scale66f_t
ffab59f0 CLDB3                            ff8184d0 scale69_t
ffab5a60 CLDB4                            ff8184d0 scale68_t
ffa083d0 CLR_AUD                          ff81aa50 scale68t_t
ffa080c0 CLR_AUDR                         ff81cfd0 scale69f_t
ff849100 CLR_SCRN                         ff81cfd0 scale68f_t
ffa9a680 CMORRIS                          ff81f550 scale610_t
ffa08470 CMOS_VAL                         ff81f550 scale611_t
010f1160 COINCNTR                         ff821ad0 scale611t_t
ffa078f0 COIN_PAG                         ff821ad0 scale610t_t
ff846b20 COLCYC                           ff824050 scale610f_t
ffa95610 COLEMAN                          ff824050 scale611f_t
ffadd560 COLE_p                           ff8265d0 scale70_t
ff865600 COLRPRC                          ff828b50 scale70t_t
010e57b0 COLRTEMP                         ff82b0d0 scale70f_t
ff999450 COLTAB2                          ff82d650 scale71_t
ff8578b0 COLTAB_RNBW                      ff82d650 scale72_t
ff977320 COLTAB                           ff82fbd0 scale72f_t
ffa210b0 COL_BARS                         ff832150 scale74f_t
ffa0e810 COL_INST                         ff832150 scale74_t
ffc6aeb0 COL_NEJP                         ff8346d0 scale76et_t
0106d600 COUNTER_MODE                     ff837cb0 DISPLAY
ffab6f30 COURT_p                          ff838ce0 QDMAN
04673800 COURT                            ff838e00 display_2dsclmodeon
ffa93840 COX                              ff838f60 display_2dsclstarmodeon
ffa0c4d0 CPU_RET                          ff83aab0 STOPOBJS
ffb3a210 CRD_ATL_P                        ff83ac00 obj_yzsort
ffb3a2c0 CRD_BOS_P                        ff83add0 SCRTSTG
ffb3a370 CRD_CHA_P                        ff83ae00 SCRTST
ffb3a4d0 CRD_CHI2P                        ff83b130 display_init
ffb3a420 CRD_CHI_P                        ff83b8c0 GETOBJ
ffb3a580 CRD_CLE_P                        ff83ba70 FREEOBJ
ffb3a630 CRD_CLP_P                        ff83baf0 INSBOBJ
ffb3a6e0 CRD_DAL_P                        ff83bb30 INSOBJ
ffb3a790 CRD_DEN_P                        ff83bcd0 DELBOBJ
ffb3a840 CRD_DET_P                        ff83bd10 DELOBJA8
ffb3a8f0 CRD_GLD_P                        ff83bd20 DELOBJ
ffb3a9a0 CRD_HOU_P                        ff83bf20 FRQDELDIE
ffb3aa50 CRD_IND_P                        ff83bf90 DELOBJDIE
ffb3ab00 CRD_LAK_P                        ff83c1b0 obj_del1c
ffb3abb0 CRD_MIA_P                        ff83c1c0 obj_delc
ffb3ac60 CRD_MIL_P                        ff83c380 EXISTOBJ
ffb3ad10 CRD_MIN_P                        ff83c480 ISOBJ
ffb3adc0 CRD_NEJ_P                        ff83c530 obj_addworldxy
ffb3ae70 CRD_NEY_P                        ff83c640 ADJNEWTL
ffb3afd0 CRD_ORL2P                        ff83c710 GSCRNREL
ffb3af20 CRD_ORL_P                        ff83c800 SCRNRELV
ffb3b080 CRD_PHO_P                        ff83c950 GANISAG
ffb3b130 CRD_POR_P                        ff83cb10 BEGINOBJ
ffb3b1e0 CRD_SAC_P                        ff83cbb0 BEGINOBJ2
ffb3b290 CRD_SAN_P                        ff83d130 BEGINOBJP
ffa02e00 CRD_SCRN2                        ff83d1d0 BEGINOBJP2
ffa02df0 CRD_SCRN                         ff83d630 ANI
ffb3b340 CRD_SEA_P                        ff83da40 obj_aniq
ffb3b4a0 CRD_UTA2P                        ff83df00 obj_aniq_cnoff
ffb3b3f0 CRD_UTA_P                        ff83e140 obj_aniq_scld
ffb3b550 CRD_WAS_P                        ff83e460 GETANIXY
ffa029b0 CRED_P                           ff83e590 GANIOF
ffa97230 CROBINSON                        ff83e740 scrn_scaleout
ffa1fcf0 CROSS_H                          ff83ebe0 scrn_scaleininit
ffab5fd0 CROWD_p                          ff83ed30 scrn_scalein
ffabc2f0 CRT_ATL_P                        ff840200 init_all
ffabd2e0 CRT_BOS_P                        ff8408c0 io_init
ffabe2d0 CRT_CHA_P                        ff840950 INTIO
ffac02b0 CRT_CHI2P                        ff840a10 WDOGDIS
ffabf2c0 CRT_CHI_P                        ff842250 KILBGND
ffac12a0 CRT_CLE_P                        ff842410 ZERO_BITS
ffac2290 CRT_CLP_P                        ff8424a0 WIPEOUT
ffac3280 CRT_DAL_P                        ff842950 system_savegame
ffac4270 CRT_DEN_P                        ff842f30 system_restoregame
ffac5260 CRT_DET_P                        ff8436e0 anim_script
ffac6250 CRT_GLD_P                        ff846500 anim_wait
ffac7240 CRT_HOU_P                        ff8465b0 anim_kilslp
ffac8230 CRT_IND_P                        ff846650 anim_killall
ffac9220 CRT_LAK_P                        ff846810 autoerase_set
ffaca210 CRT_MIA_P                        ff846940 FLASHME
ffacb200 CRT_MIL_P                        ff846b20 COLCYC
ffacc1f0 CRT_MIN_P                        ff846ea0 CYCLE_TABLE
ffacd1e0 CRT_NEJ_P                        ff8470f0 HEXTOASC
fface1d0 CRT_NEY_P                        ff8472e0 ERASE_TXT
ffad01b0 CRT_ORL2P                        ff847330 STRLNRM
ffacf1c0 CRT_ORL_P                        ff8473a0 STRCNRM
ffad11a0 CRT_PHI_P                        ff847410 STRCNRM_1
ffad2190 CRT_PHO_P                        ff847490 STRRNRM
ffad3180 CRT_POR_P                        ff847500 STRLNRMO
ffad4170 CRT_SAC_P                        ff847590 STRCNRMO
ffad5160 CRT_SAN_P                        ff847620 STRCNRMO_1
ffad6150 CRT_SEA_P                        ff8476c0 STRLNRMO_1
ffad8130 CRT_UTA2P                        ff848010 STRNGLEN
ffad7140 CRT_UTA_P                        ff848170 OBJOFF
ffad9120 CRT_WAS_P                        ff848200 OBJON
ffa01990 CR_CONTP                         ff8482a0 GETCPNT
ffa01830 CR_STRTP                         ff848370 GETANIX
ff8c3520 CRobin_h                         ff8484b0 RNDRNGS
0000003a CS_ENTS                          ff8484d0 RNDRNG
ff865d00 CWINDOW                          ff848600 RNDRNG0
ff846ea0 CYCLE_TABLE                      ff8486f0 RNDPER
ffaa9bc0 C_ATL                            ff848810 FILLAREA
ffaaaaf0 C_ATL_O                          ff848840 BLNKAREA
ffaaaca0 C_BOST_O                         ff848940 dirq_wait
ffaa9d70 C_BOST                           ff848a20 dmaq_wait
ffaaab80 C_CHAR_O                         ff848b50 dpageflip_off
ffaa9c50 C_CHAR                           ff848c30 display_blank
ffaa98f0 C_CHIC                           ff848d20 display_unblank
ffaaa820 C_CHIC_O                         ff848ff0 SCRCLR
ffaaa9d0 C_CLEV_O                         ff849100 CLR_SCRN
ffaa9aa0 C_CLEV                           ff849290 FRANIM
ffaaa670 C_DAL_O                          ff849740 FRANIMQ
ffaa9740 C_DAL                            ff849b30 security_chk
ffaaa790 C_DEN_O                          ff84af90 secend
ffaa9860 C_DEN                            ff84af90 pal_init
ffaaa8b0 C_DET_O                          ff84b090 pal_clean
ffaa9980 C_DET                            ff84b2f0 pal_find
010f1100 C_FLAGS                          ff84b430 pal_getf
010f10f0 C_FRAC                           ff84b7c0 pal_set
ffaa93e0 C_GOLD                           ff84b8f0 pal_transfer
ffaaa310 C_GOLD_O                         ff84bb30 pal_blacken
ffaaa4c0 C_HOU_O                          ff84bc90 pal_fadein
ffaa9590 C_HOU                            ff84c110 pal_fadeout
ffaaa940 C_IND_O                          ff84c150 pal_fadeout2
ffaa9a10 C_IND                            ff84c920 pal_fadeinx
ffaa92c0 C_LAClips                        ff84c960 pal_fadeoutx
ffaaa1f0 C_LAClips_O                      ff84cd90 pal_fmwht
ffaa9230 C_LALaks                         ff84cde0 pal_towht
ffaaa160 C_LALaks_O                       ff84d2e0 addbrt_ae
ffaa91a0 C_LA                             ff84d6e0 fade_up
ffaaa040 C_MIAMI                          ff84d7f0 fade_down
ffaaaf70 C_MIAMI_O                        ff84d8f0 fade_up_half
ffaaaa60 C_MILW_O                         ff84da10 fade_down_half
ffaa9b30 C_MILW                           ff84e290 process_init
ffaaa700 C_MINN_O                         ff84e3d0 process_dispatch
ffaa97d0 C_MINN                           ff84e4f0 PRCSLP
ffaa9e90 C_NJ                             ff84e500 PRCLSP
ffaaadc0 C_NJ_O                           ff84e650 SUCIDE
ffaa9e00 C_NY                             ff84e860 KILL
ffaaad30 C_NY_O                           ff84ea50 GETPRC
ffaa9fb0 C_ORL                            ff84ebd0 XFERPROC
ffaaaee0 C_ORL_O                          ff84edb0 KILALL
ffaa9ce0 C_PHIL                           ff84edd0 KIL1C
ffaaac10 C_PHIL_O                         ff84ede0 KILALLN
ffaaa280 C_PHX_O                          ff84efc0 KOP_1C
ffaa9350 C_PHX                            ff84efd0 KOP_ALL
ffaaa0d0 C_PORT_O                         ff84f110 process_exist
ffaa9110 C_PORT                           ff84f1a0 EXISTP
ffb59bb0 C_ROB10                          ff84f920 BGND_UD1
ffb59c40 C_ROB11                          ff851050 bgnd_delnonvis
ffb59cd0 C_ROB12                          ff851420 init_prog
ffb59d60 C_ROB13                          ff8517f0 WARMSET
ffb59df0 C_ROB14                          ff851880 PCMOSRET
ffb596a0 C_ROB1                           ff851a20 mainlp
ffb59e80 C_ROB15                          ff8529f0 plyr_strtb1
ffb59f10 C_ROB16                          ff852a80 plyr_strtb2
ffb59730 C_ROB2                           ff852b10 plyr_strtb3
ffb597c0 C_ROB3                           ff852bb0 plyr_strtb4
ffb59850 C_ROB4                           ff854c00 start_msgs
ffb598e0 C_ROB5                           ff856400 demogame_start
ffb59970 C_ROB6                           ff857660 join_cyc
ffb59a00 C_ROB7                           ff8578b0 COLTAB_RNBW
ffb59a90 C_ROB8                           ff858440 start_arws
ffb59b20 C_ROB9                           ff859fb0 scrm1_snd
ffccd3f0 C_ROB_P                          ff859ff0 scrm2_snd
ffaa9500 C_SAC                            ff85a030 scrm3_snd
ffaaa430 C_SAC_O                          ff85a070 scrm4_snd
ffaa9620 C_SAN                            ff85f340 start_animate
ffaaa550 C_SAN_O                          ff860dd0 random_ads
ffaaa3a0 C_SEA_O                          ff861450 fix_floorclr
ffaa9470 C_SEA                            ff8621b0 net_ani
ffaa96b0 C_UTAH                           ff864dd0 prt_status
ffaaa5e0 C_UTAH_O                         ff864f80 init_t1a
ffaa9f20 C_WASH                           ff8651e0 init_t2a
ffaaae50 C_WASH_O                         ff865440 init_t3a
ff8c1980 Campbell_h                       ff8655a0 init_t4a
ff8c4840 Cheaney_h                        ff865600 COLRPRC
ff8e3960 Coleman_h                        ff865720 WNDWON
ffa929a0 DABEL                            ff8658b0 WNDWOFF
ffba2c90 DANFOR01                         ff8659e0 OWINDOW
ffba2db0 DANFOR02                         ff865d00 CWINDOW
ffba2ed0 DANFOR03                         ff8666c0 set_names
ffba2ff0 DANFOR04                         ff866d10 drone_main
ffba3110 DANFOR05                         ff86b860 drone_setuptob
ffba3230 DANFOR16                         ff86cbe0 drone_adjskill
ffb8bd80 DANFOR_P                         ff86d930 drone2_main
ffc3a280 DAN_FORP                         ff872ac0 drone2_setuptob
ffa956a0 DAUGHRTY                         ff874330 drone2_adjskill
ffae5b70 DAUG_P                           ff875c70 plyr_start
ffc6be40 DAU_CLEP                         ff87fa30 plyr_setseq
ffa93060 DAVIES                           ff87fdf0 joy_read
ffa92ac0 DAVIS                            ff885460 plyr_shoot
ffb539d0 DAY12                            ff88b5c0 plyr_pass
ffb53a60 DAY13                            ff88cfd0 clr_autorbnd
ffb533a0 DAY1                             ff88d530 anipt_getsclxy
ffb538b0 DAY10                            ff88da20 anipt3_getsclxy
ffb53940 DAY11                            ff890690 plyr_endofqrtr
ffb53af0 DAY14                            ff895740 plyr_goaltending
ffb53b80 DAY15                            ff896240 plyr_takeoutball
ffb53c10 DAY16                            ff897640 plyr_takeoutball2
ffb53430 DAY2                             ff8981c0 plyr_init
ffa9a560 DAY                              ff8985e0 plyr_takeoutball3
ffb534c0 DAY3                             ff8990e0 plyr_setshtdly
ffb53550 DAY4                             ff8998f0 seekdir_xyxy128
ffb535e0 DAY5                             ff899bf0 seekdirdist_obxz128
ffb53670 DAY6                             ff89a060 rndrng0
ffb53700 DAY7                             ff89a7d0 ball_main
ffb53790 DAY8                             ff8a15d0 hoopl_t
ffb53820 DAY9                             ff8a19a0 hoopr_t
ffcbb940 DAY_MLWP                         ff8a4b30 sinecos_get
ffcc81f0 DAY_P                            ff8a55c0 ball_chkpcollide
010f13e0 DCODE                            ff8a9bc0 get_swat
ffa93690 DEAL                             ff8a9c30 def_play_reward
ffa3e9c0 DEC_HSR                          ff8a9dc0 flash_reward
ffa08c30 DEF_PAGE                         ff8aa1f0 plyr_jscrowdsnd
ff83bcd0 DELBOBJ                          ff8aa440 ball_convfmprel
ffa972c0 DELLIS                           ff8aa520 ball_convfmprel2
ff83bd10 DELOBJA8                         ff8aa710 plyr_setptsdown
ff83bf90 DELOBJDIE                        ff8ac850 seq_stand
ff83bd20 DELOBJ                           ff8acde0 seq_stealstand
ff8c3da0 DEllis_h                         ff8ace40 seq_newdir
ffade9b0 DHARP_P                          ff8acf60 seq_stayinair
ff8e4400 DHarper_h                        ff8acfc0 seq_keepzx
ffa1bdf0 DIAGCPUTEST                      ff8ad070 seq_injury
ffb150a0 DIAGP                            ff8ad0e0 seq_stuffzx
ffa0ec60 DIAG_COLORS                      ff8ad170 seq_strtfire
ffa0cba0 DIAG_EX                          ff8ad2f0 seq_stopfire
ffa0c9b0 DIAG                             ff8ad3e0 seq_smoke
ffa0e9f0 DIGSRT                           ff8ad480 seq_snd
ffa93570 DILLON                           ff8ad4d0 seq_noballoff
ffced2a0 DIPCOINTAB                       ff8ad550 seq_resetseq
0106d3f0 DISPLAYON                        ff8ad640 seq_run
ff837cb0 DISPLAY                          ff8ad6a0 seq_jump
ffae4b30 DIVAC_P                          ff8ad890 seq_jump2
ffa95fa0 DIVAC                            ff8ade50 seq_block
ffa94380 DIVITA                           ff8aed80 seq_rebounda
ffc77be0 DIV_LAKP                         ff8af4c0 seq_strtdunk
01057720 DMAQ                             ff8afd00 plyr_camflash
010001c0 DMAQCUR                          ff8b06c0 seq_slamball
ffa142b0 DOBORDER                         ff8b1ad0 seq_push
ff9fee40 DO_ADJH                          ff8b32d0 seq_elbo
ffadd970 DREXLER_p                        ff8b3d30 halftime_showclips
ffa957c0 DREXLER                          ff8b3e20 plyr_smoketrail
ffa96a50 DROBINSON                        ff8b3f20 plyr_smoketrail2
ffc6de30 DRX_PRTP                         ff8b4700 do_ball_spark
ffa2ac60 DSCRCLR                          ff8b4810 ball_smokepuff
ffb4c3b0 DUMARS10                         ff8b6e30 ball_spark
ffb4c440 DUMARS11                         ff8b7760 getdunkseq
ffb4c4d0 DUMARS12                         ff8be460 Lohaus_h
ffb4c560 DUMARS13                         ff8be680 Gug_h
ffb4bea0 DUMARS1                          ff8be8a0 Edwrd_h
ffa99e10 DUMARS                           ff8beac0 McDan_h
ffb4c5f0 DUMARS14                         ff8bece0 Brown_h
ffb4c680 DUMARS15                         ff8bef00 KAnderson_h
ffb4c710 DUMARS16                         ff8bf120 Willis_h
ffb4bf30 DUMARS2                          ff8bf340 Gamble_h
ffb4bfc0 DUMARS3                          ff8bf560 Mourn_h
ffb4c050 DUMARS4                          ff8bf780 Armstrng_h
ffb4c0e0 DUMARS5                          ff8bf9a0 Kukoc_h
ffb4c170 DUMARS6                          ff8bfbc0 Nance_h
ffb4c200 DUMARS7                          ff8bfde0 Jack_h
ffb4c290 DUMARS8                          ff8c0000 Mash_h
ffb4c320 DUMARS9                          ff8c0220 Rogers_h
ffcc1fb0 DUMARS_P                         ff8c0440 Dumars_h
ffc9f520 DUM_DETP                         ff8c0660 Rodman_h
ffb18280 DUXPAL                           ff8c0880 Hunter_h
ffb5bfb0 D_ELL10                          ff8c0aa0 Webber_h
ffb5baa0 D_ELL1                           ff8c0cc0 Maxwell_h
ffb5c040 D_ELL11                          ff8c0ee0 Horry_h
ffb5c0d0 D_ELL12                          ff8c1100 Smits_h
ffb5c160 D_ELL13                          ff8c1320 Sealy_h
ffb5c1f0 D_ELL14                          ff8c1540 Roberts_h
ffb5c280 D_ELL15                          ff8c1760 Peeler_h
ffb5c310 D_ELL16                          ff8c1980 Campbell_h
ffb5bb30 D_ELL2                           ff8c1ba0 Miner_h
ffb5bbc0 D_ELL3                           ff8c1dc0 Baker_h
ffb5bc50 D_ELL4                           ff8c1fe0 Day_h
ffb5bce0 D_ELL5                           ff8c2200 Rider_h
ffb5bd70 D_ELL6                           ff8c2420 Morris_h
ffb5be00 D_ELL7                           ff8c2640 Mason_h
ffb5be90 D_ELL8                           ff8c2860 Starks_h
ffb5bf20 D_ELL9                           ff8c2a80 AHard_h
ffccf3f0 D_ELL_P                          ff8c2ca0 NAnders_h
ff8e2a80 Daughert_h                       ff8c2ec0 Weath_h
ff8c1fe0 Day_h                            ff8c30e0 Brad_h
ff8df540 Divac_h                          ff8c3300 KJohn_h
ffa945c0 DoubleOT                         ff8c3520 CRobin_h
ff8e3b80 Drexler_h                        ff8c3740 Simmons_h
ff8c0440 Dumars_h                         ff8c3960 Hurley_h
ff8dade0 EB_H                             ff8c3b80 Rich_h
ffba0890 EDBOON01                         ff8c3da0 DEllis_h
ffba09b0 EDBOON02                         ff8c3fc0 Payton_h
ffba0ad0 EDBOON03                         ff8c41e0 Mckey_h
ffba0bf0 EDBOON04                         ff8c4400 Benoit_h
ffba0d10 EDBOON05                         ff8c4620 Ellison_h
ffba0e30 EDBOON16                         ff8c4840 Cheaney_h
ffb8a520 EDBOON_P                         ff8c4a60 ATL_t
ffa95730 EDWARDS                          ff8d0820 spechds_t
ffae6bb0 EDWARD_p                         ff8dade0 EB_H
ffc6ce40 EDW_MLWP                         ff8db000 JTO_H
ffc3b230 ED_BOONP                         ff8de220 plyr_getattributes
ffa95850 ELLIOT                           ff8de820 getwindowhead
ffade190 ELLIOT_p                         ff8decc0 Worthy_h
ffb5e440 ELLISN11                         ff8deee0 Laetner_h
ffb5e4d0 ELLISN12                         ff8df100 Hawkins_h
ffb5e560 ELLISN13                         ff8df320 LJohnson_h
ffb5e680 ELLISN15                         ff8df540 Divac_h
ffb5e3b0 ELLISN10                         ff8df760 KMalone_h
ffb5e5f0 ELLISN14                         ff8dfa20 Stockton_h
ffb5e710 ELLISN16                         ff8dfce0 Ewing_h
ffb5dea0 ELLISN1                          ff8dffa0 RHarper_h
ffb5df30 ELLISN2                          ff8e0260 Seikaly_h
ffb5dfc0 ELLISN3                          ff8e0520 Miller_h
ffb5e050 ELLISN4                          ff8e0740 Mutumbo_h
ffb5e0e0 ELLISN5                          ff8e0960 Oakley_h
ffb5e170 ELLISN6                          ff8e0b80 Olajuwon_h
ffb5e200 ELLISN7                          ff8e0da0 Porter_h
ffb5e290 ELLISN8                          ff8e0fc0 Price_h
ffb5e320 ELLISN9                          ff8e11e0 Rice_h
ffcd13f0 ELLISN_P                         ff8e1400 Robinson_h
ffa9acb0 ELLISON                          ff8e1620 Schrempf_h
ffaddd80 ELLIS_p                          ff8e1840 Skiles_h
ffc6edc0 ELL_DENP                         ff8e1a60 Smith_h
ffc6fdc0 ELL_DETP                         ff8e1c80 Thomas_h
ffca1120 ELL_WASP                         ff8e1ea0 Tisdale_h
ffca0400 ELS_SANP                         ff8e20c0 Webb_h
ffa93a80 ELVIS                            ff8e2420 Kemp_h
010eba30 ENTERON                          ff8e2640 Pippen_h
ff8472e0 ERASE_TXT                        ff8e2860 Gill_h
ffba3350 ERCKIN01                         ff8e2a80 Daughert_h
ffba3470 ERCKIN02                         ff8e2ca0 Mullin_h
ffba3590 ERCKIN03                         ff8e2ec0 Wilkins_h
ffba36b0 ERCKIN04                         ff8e30e0 Person_h
ffba37d0 ERCKIN05                         ff8e3300 Augmon_h
ffba38f0 ERCKIN16                         ff8e3520 Benjamin_h
ffb8c190 ERCKIN_P                         ff8e3740 Barkley_h
ffc3c210 ERC_KINP                         ff8e3960 Coleman_h
ff967200 ERRORLOG                         ff8e3b80 Drexler_h
ffba3a10 EUGENE01                         ff8e3da0 Ellis_h
ffba3b30 EUGENE02                         ff8e3fc0 Elliot_h
ffba3c50 EUGENE03                         ff8e41e0 Hardaway_h
ffba3d70 EUGENE04                         ff8e4400 DHarper_h
ffba3e90 EUGENE05                         ff8e4620 HCGrant_h
ffba3fb0 EUGENE16                         ff8e4840 HVGrant_h
ffb8c5a0 EUGENE_P                         ff8e4a60 Hornacek_h
ffc3d170 EUG_JARP                         ff8e4c80 Majerle_h
ffc70db0 EWG_NEYP                         ff8e4ea0 Manning_h
ffae78c0 EWILPAL                          ff8e5200 pseq_t
ffa95a00 EWING                            ff8f8930 push_t
ffadb0d0 EWING_p                          ff8f92a0 tip_t
ff83c380 EXISTOBJ                         ff8f9460 tipj_t
ff84f1a0 EXISTP                           ff8f96e0 passnl_t
ff8be8a0 Edwrd_h                          ff8f9b90 passnl3_t
ff8e3fc0 Elliot_h                         ff8f9e80 passnl2_t
ff8e3da0 Ellis_h                          ff8fa330 stagger_t
ff8c4620 Ellison_h                        ff8faa80 fall_t
ff8dfce0 Ewing_h                          ff8fbbc0 ffall_t
ffa755a0 F1                               ff8fcc50 fflyback_t
ffa765a0 F10                              ff8fcd80 fflybackwb_t
ffa77580 F2                               ff8fea50 flyback_t
ffa85110 F3                               ff8feb80 flybackwb_t
ffa84110 F4                               ff900020 flyback2_t
ffa78560 F5                               ff900150 flybackwb2_t
ffa83120 F6                               ff9009c0 fflyback2_t
ffa82130 F7                               ff900af0 fflybackwb2_t
ffa79560 F8                               ff901170 pickup_t
ffa7a550 F9                               ff901930 elbo_t
ffa08c40 FAC_SET                          ff9021a0 elbo2_t
ffa31f00 FAC_STUF                         ff902e10 dunka_t
0106f350 FADERAM                          ff903320 dunka2_t
ff955380 FADE_DOWN                        ff903830 dunkb_t
ff955340 FADE_UP                          ff9041e0 dunkb2_t
ffaecea0 FGAMEPAL                         ff904b90 dunkb3_t
ff848810 FILLAREA                         ff905540 dunkc_t
ffbf6090 FIREFALP                         ff9059d0 dunkd_t
ffb23f50 FL10_p                           ff905f00 dunkd2_t
ffb24630 FL11_p                           ff906430 dunke_t
ffb24d10 FL12_p                           ff906900 dunke2_t
ffb253f0 FL13_p                           ff906dd0 dunkf_t
ffb25ad0 FL14_p                           ff907380 dunkg_t
ffb261b0 FL15_p                           ff907890 dunkg2_t
ffb26890 FL16_p                           ff907da0 dunkj_t
ffb26f70 FL17_p                           ff908310 dunkj4_t
ffb27650 FL18_p                           ff9088c0 dunkj2_t
ffb27d30 FL19_p                           ff908e30 dunkj3_t
ffb20170 FL1_p                            ff9097e0 dunkk_t
ffb28410 FL20_p                           ff909d50 dunkk2_t
ffb28af0 FL21_p                           ff90a2c0 dunkl_t
ffb291d0 FL22_p                           ff90a830 dunkl2_t
ffb298b0 FL23_p                           ff90ade0 dunkl3_t
ffb29f90 FL24_p                           ff90b350 dunkl4_t
ffb2a670 FL25_p                           ff90b8c0 dunkn_t
ffb2ad50 FL26_p                           ff90bdd0 dunkn2_t
ffb2b430 FL27_p                           ff90c2e0 dunko_t
ffb2bb10 FL28_p                           ff90cb90 dunko2_t
ffb2c1f0 FL29_p                           ff90d2c0 dunkp_t
ffb20850 FL2_p                            ff90d8b0 dunkp2_t
ffb2c8d0 FL30_p                           ff90dea0 dunkp3_t
ffb2cfb0 FL31_p                           ff90e5d0 dunkq_t
ffb2d690 FL32_p                           ff90eb40 dunkq3_t
ffb2dd70 FL33_p                           ff90f070 dunkq2_t
ffb2e450 FL34_p                           ff90f5e0 dunkq4_t
ffb2eb30 FL35_p                           ff90fb10 dunkr_t
ffb2f210 FL36_p                           ff910080 dunkr2_t
ffb2f8f0 FL37_p                           ff910630 dunks_t
ffb2ffd0 FL38_p                           ff910be0 dunks2_t
ffb306b0 FL39_p                           ff911190 dunkt_t
ffb20f30 FL3_p                            ff911860 dunkt2_t
ffb30d90 FL40_p                           ff912250 dunkt3_t
ffb31470 FL41_p                           ff912c40 dunkt4_t
ffb31b50 FL42_p                           ff913980 dunkt5_t
ffb32230 FL43_p                           ff914670 dunku_t
ffb32910 FL44_p                           ff914be0 dunku2_t
ffb32ff0 FL45_p                           ff9151a0 dunku3_t
ffb336d0 FL46_p                           ff9158e0 dunku4_t
ffb33db0 FL47_p                           ff9161e0 dunku5_t
ffb34490 FL48_p                           ff9168e0 dunku6_t
ffb34b70 FL49_p                           ff916e10 dunkv_t
ffb21610 FL4_p                            ff917440 dunkv2_t
ffb35250 FL50_p                           ff917a30 dunkw_t
ffb35930 FL51_p                           ff917fa0 dunkw2_t
ffb36010 FL52_p                           ff9184d0 dunkw3_t
ffb366f0 FL53_p                           ff918a50 dunky_t
ffb36dd0 FL54_p                           ff919580 dunky2_t
ffb21cf0 FL5_p                            ff919db0 dunkz3_t
ffb223d0 FL6_p                            ff91a620 dunkz4_t
ffb22ab0 FL7_p                            ff91abd0 dunkz5_t
ffb23190 FL8_p                            ff91b030 dunkz6_t
ffb23870 FL9_p                            ff91b5a0 dunkz7_t
ff846940 FLASHME                          ff91bac0 dunkz8_t
ffb374b0 FL_B_p                           ff91c030 dunkz9_t
ffb37b90 FL_G_p                           ff91c7e0 dunkz10_t
ffb39240 FL_RPR_P                         ff91cf50 dunkz11_t
ffb38b60 FL_VIK_P                         ff91d680 hook_t
ffc28960 FON150                           ff91d680 hook2_t
ffc289f0 FON151                           ff91dc90 dunklay7_t
ffc28a80 FON152                           ff91e110 dunklay2_t
ffc28b10 FON153                           ff91e510 dunklay3_t
ffc28ba0 FON154                           ff91ea20 dunklay3a_t
ffc28c30 FON155                           ff91eee0 dunklay4_t
ffc28cc0 FON156                           ff91f2e0 dunklay5_t
ffc28d50 FON157                           ff91fa20 layup_t
ffc28de0 FON158                           ff920410 layupreb_t
ffc28e70 FON159                           ff920c40 dunklay_t
ffc28f00 FON15A                           ff9217b0 dunklay6_t
ffc29650 FON15M                           ff922140 dunkx_t
ffc29b60 FON15V                           ff922e10 dunkx2_t
ffc29bf0 FON15W                           ff923ed0 dunkx3_t
ffc29c80 FON15X                           ff924790 dunkz_t
ffc2bed0 FONT7A                           ff924d00 dunkz2_t
ffc2eab0 FONT7colon                       ff9252b0 stnd_t
ffa93330 FORD                             ff9253e0 stndwb2_t
ffa084d0 FORM_ADC                         ff926330 plyr_lost
ffa13170 FORM_SWS                         ff927eb0 arw_on1plyr
ff849290 FRANIM                           ff928090 stick_number
ff849740 FRANIMQ                          ff928250 stick_numbers
01000020 FREE                             ff928ce0 stick_cpu
ff83ba70 FREEOBJ                          ff9292d0 stick_spark
ffcedb60 FRENCH_1                         ff929be0 stick_spark2
ffcedbb0 FRENCH_2                         ff92a330 cr_cntrs_update
ffcedc00 FRENCH_3                         ff92ba70 score_showtvpanel2
ffcedc50 FRENCH_4                         ff92bc60 score_showtvpanel
ffced910 FRENCH_ELECTITLE                 ff92bd40 scr1
ff83bf20 FRQDELDIE                        ff92c1e0 update_scorebrd
ffa08680 F_ADC_S                          ff92d0e0 prt_credits
ffa13fc0 F_TITLE                          ff92d710 clock_strt
ffaa4370 FulGamegld                       ff92eae0 cliplockretp
ffaa42e0 FulGamegrn                       ff9301a0 refill_turbo
ffaa4250 FulGameorg                       ff930450 score_add
ffaa41c0 FulGamered                       ff931070 nosecrets_drw
ffb47bb0 GAMBLE10                         ff931360 bracket_drw
ffb47c40 GAMBLE11                         ff931bb0 prt_cr_timers
ffb476a0 GAMBLE1                          ff931e80 prt_top_scores
ffb47cd0 GAMBLE12                         ff935310 shot_clock
ffb47d60 GAMBLE13                         ff9364f0 sclockx
ffb47df0 GAMBLE14                         ff9370c0 show_ot_msg
ffb47e80 GAMBLE15                         ff937650 doalert_snd
ffb47f10 GAMBLE16                         ff937af0 fix_dropout_msgs
ffb47730 GAMBLE2                          ff938d40 flash_plyr_wht
ffb47970 GAMBLE6                          ff93a000 doflshs
ffb47a00 GAMBLE7                          ff93b0e0 tournament_on
ffb47a90 GAMBLE8                          ff93c430 cpu_subs
ffa99990 GAMBLE                           ff93ef30 dropout_stats
ffcbe880 GAMBLE_P                         ff93f1f0 instructions
ffb477c0 GAMBLE3                          ff93f660 print_inst
ffb47850 GAMBLE4                          ff942850 SHAKER
ffb478e0 GAMBLE5                          ff943060 do_warns
ffb47b20 GAMBLE9                          ff9434b0 idiot_box
010e58b0 GAMSTATE                         ff943730 player_data
ffca1f80 GAM_BOSP                         ff944790 blink_plyr
ff83e590 GANIOF                           ff9447d0 blink_plyr2
ff83c950 GANISAG                          ff9449a0 flsh_box
ffa92b50 GENTILE                          ff944eb0 update_cont_message
ffa0dc10 GEN_MENU                         ff945660 flash_bigtxt
ffb9bf70 GEOR1                            ff9459d0 flash_bigtxt2
ffb9c510 GEOR16                           ff945d40 game_over
ffb9c090 GEOR2                            ff946740 update_shoes
ffb9c1b0 GEOR3                            ff946e30 starring
ffb9c2d0 GEOR4                            ff94b320 player_names
ffb9c3f0 GEOR5                            ff953f20 our_names
ffb87870 GEOR_P                           ff9547a0 snd_reset
ffced9d0 GERMAN_1                         ff954940 QSNDRST
ffceda20 GERMAN_2                         ff954a00 snd_play1ovrp
ffceda70 GERMAN_3                         ff954b50 snd_play1ovr
ffcedac0 GERMAN_4                         ff954c40 snd_play1
ffced970 GERMAN_ELECTITLE                 ff954c50 snd_play
ff83e460 GETANIXY                         ff954ea0 snd_update
ff848370 GETANIX                          ff955140 SNDSND
ff8482a0 GETCPNT                          ff955340 FADE_UP
ffa3ef90 GETHIGH                          ff955380 FADE_DOWN
ffa403c0 GETINIT                          ff955a10 ALLOFF
ffa40570 GETINIT1                         ff955a50 musicoff_snd
ffa40570 GETINIT2                         ff955ad0 YAMOFF
ff83b8c0 GETOBJ                           ff955f10 coin_snd
ff84ea50 GETPRC                           ff955f50 beep2_snd
ffa12b70 GETSTICK                         ff955f90 cntdown_snd
ffa08760 GET_ADJ                          ff955fd0 horn_snd
ffa07eb0 GET_AUD                          ff956010 tune2_snd
ffa029d0 GET_CREDITS                      ff956050 sound_watchdog
ffa2fea0 GET_CSPT                         ff956870 TVBP
ffa09630 GET_CSTR                         ff9569f0 TVBPX
ffa0fe00 GET_FAC                          ff956b70 TVPATCH
ffa40e90 GET_HSCR                         ff957150 RD7FONT
ffa3ed30 GET_HSC                          ff957150 TVPATCHX
ffa95a90 GILL                             ff957cf0 RD15FONT
ffae5760 GILL_P                           ff958890 set_imgs
ffc71da0 GIL_SEAP                         ff958c10 amode_start
010f11a0 GMENULEV                         ff95ad10 show_operatormsg
ffaeed40 GOLD                             ff95ce30 show_designteam
ffa942f0 GOSKIE                           ff961f60 osgfont_t
ff9fb400 GO_ADJ                           ff967200 ERRORLOG
ffa30640 GO_DIAG                          ff967320 hint_page
ffa932a0 GRANN                            ff971b10 new_page
ffadf1d0 GRANTG_P                         ff975770 stats_page2
ffa95b20 GRANT_HC                         ff975790 stats_page
ffa95bb0 GRANT_HV                         ff9771d0 plyr_subs
ffadedc0 GRANT_P                          ff977320 COLTAB
ffa934e0 GREEN                            ff97e430 rank_screen
ffaeea80 GREENPAL                         ff9816d0 winning_msg
ffb11d30 GREYPAL                          ff982e30 print_ranking
ffc3e140 GRG_PETP                         ff983ee0 get_initials_string
ffa93de0 GRIFFEY                          ff984080 print_player_stats
ffb13590 GRNPAL                           ff986980 print_teams_defeated
ffb0ff80 GROWBOXb                         ff987530 dec_to_asc
ffb10280 GROWBOXy                         ff9878f0 dec_to_pct
ffb10100 GROWBOXg                         ff987b20 copy_string
ffb10400 GROWBOXr                         ff987be0 concat_string
ffaede90 GROWBOX                          ff987ce0 copy_rom_string
ffc93e00 GRT_CHIP                         ff987d80 concat_rom_string
ffc96dd0 GRT_PRTP                         ff9880f0 print_string_C
ff83c710 GSCRNREL                         ff9881d0 print_string_C2
ffa95970 GUGLI                            ff988370 print_string_R
ffc94de0 GUG_WASP                         ff988450 print_string_R2
ffae6fc0 GUG_p                            ff988650 print_string
ffa140f0 G_BORDER                         ff988680 print_string2
ff8bf340 Gamble_h                         ff988d10 setup_message
ff8e2860 Gill_h                           ff988f50 print_message
ff8be680 Gug_h                            ff989350 osgemd_ascii
ffa93450 HAEGER                           ff98a350 sgmd8_ascii
ffae0e40 HAKEEM_P                         ff98b8b0 osgmd8_ascii
010e58c0 HALT                             ff98ce10 lgmd_ascii
ffade5a0 HARDAW_p                         ff98de10 omlgmd_ascii
ffa95cd0 HARPER_D                         ff98ee10 ogmd10_ascii
ffa95d60 HARPER_R                         ff990290 save_player_records
ffadbd00 HARPER_p                         ff9920b0 clear_player_stats
ffca2db0 HAR_ORLP                         ff992140 inc_player_stat
ffa95df0 HAWKINS                          ff992200 dec_player_stat
ffae4310 HAWKINS_P                        ff994220 find_record
ff8e4620 HCGrant_h                        ff994940 get_player_record
ffa92be0 HEITSCH                          ff995030 get_all_records
ff8470f0 HEXTOASC                         ff995490 sort_wins
ffa941d0 HEY                              ff996440 calc_num_defeated
ffa3b380 HID_P                            ff9964f0 clear_player_records
ffaec910 HOOP_p                           ff997be0 show_hiscore
ffa95e80 HORNACEK                         ff999450 COLTAB2
ffadf5e0 HORNA_P                          ff99fc70 show_player_records
ffb4f140 HORRY11                          ff9a29b0 pass_speech
ffa9a0e0 HORRY                            ff9a4bb0 name_speech
ffb4f410 HORRY16                          ff9a96f0 speech_playovrp
ffb4f0b0 HORRY10                          ff9a9730 shoots_speech
ffb4f1d0 HORRY12                          ff9aa720 scored_speech
ffb4f260 HORRY13                          ff9abd90 seq_call_name
ffb4f380 HORRY15                          ff9ac000 pass_to_speech
ffb4eba0 HORRY1                           ff9ad480 call_team_name
ffb4f2f0 HORRY14                          ff9ad500 call_matchup
ffb4ec30 HORRY2                           ff9ad9d0 pushed_speech
ffb4ecc0 HORRY3                           ff9adb70 rejected_speech
ffb4ed50 HORRY4                           ff9ade40 rejected_dnk_speech
ffb4ede0 HORRY5                           ff9ae090 rebound_speech
ffb4ee70 HORRY6                           ff9ae610 intercepted_speech
ffb4ef00 HORRY7                           ff9ae730 stolen_speech
ffb4ef90 HORRY8                           ff9ae930 seq_lay_up_start
ffb4f020 HORRY9                           ff9ae9a0 seq_jam_speech
ffcc43c0 HORRY_P                          ff9aecc0 call_scores
ffca3b10 HOR_HOUP                         ff9afa50 name_call
ffa93b10 HOSK                             ff9b02b0 nogood_speech
ffc72d90 HPR_DALP                         ff9b0500 victory_speech
ffc73d90 HRD_GLDP                         ff9b0760 setup_speech
ffc32020 HRD_GLD                          ff9b1d50 initials_entry
ffc74d70 HRN_PHLP                         ff9b5230 team_selection
ffc75d70 HRP_CLPP                         ff9b7360 get_teams_pop
ffa0b490 HTOHXASC                         ff9b9700 create_player_heads
ffb4d5b0 HUNTER10                         ff9b9e50 create_team_set_flsh
ffb4d640 HUNTER11                         ff9ba110 create_team_set
ffb4d6d0 HUNTER12                         ff9ba5f0 update_player_heads
ffb4d760 HUNTER13                         ff9be0f0 create_logos
ffb4d7f0 HUNTER14                         ff9be900 update_team_set
ffb4d0a0 HUNTER1                          ff9beef0 update_logos
ffb4d880 HUNTER15                         ff9c7250 credit_messages
ffb4d910 HUNTER16                         ff9cb760 credits
ffb4d130 HUNTER2                          ff9cb8e0 credits2
ffb4d1c0 HUNTER3                          ff9cb9c0 credits3
ffb4d250 HUNTER4                          ff9cba80 create_credits
ffb4d2e0 HUNTER5                          ff9cd780 obj_on
ffb4d370 HUNTER6                          ff9cd800 obj_off
ffa99f30 HUNTER                           ff9cd880 scroll_page
ffb4d400 HUNTER7                          ff9cdc80 monitor_fullgame
ffb4d490 HUNTER8                          ff9cf450 monitor_buyins
ffb4d520 HUNTER9                          ff9cf550 team_control
ffcc2bc0 HUNTER_P                         ff9d3190 city_tbl
ffca4980 HUN_DETP                         ff9d36c0 logos
ffb5adb0 HURL10                           ff9d3a40 name_sort
ffb5ae40 HURL11                           ff9d57d0 create_bits
ffb5aed0 HURL12                           ff9d5ca0 create_bits2
ffb5af60 HURL13                           ff9d6630 start_teams
ffb5aff0 HURL14                           ff9d7490 ladder_imgs0
ffb5b080 HURL15                           ff9d77b0 ladder_imgs1
ffb5a8a0 HURL1                            ff9d7dd0 ladder_imgs2
ffb5b110 HURL16                           ff9d83f0 ladder_imgs3
ffb5a930 HURL2                            ff9d8a10 ladder_imgs4
ffb5a9c0 HURL3                            ff9d9030 ladder_imgs5
ffb5aa50 HURL4                            ff9d9650 ladder_imgs6
ffb5aae0 HURL5                            ff9d9c70 morf_pal
ffb5ab70 HURL6                            ff9da510 get_all_starts_down
ffb5ac00 HURL7                            ff9da730 get_start_down
ffb5ac90 HURL8                            ff9da840 get_start_cur
ffa9a9e0 HURL                             ff9da910 get_team1_turbo
ffb5ad20 HURL9                            ff9daa50 get_team2_turbo
ffcce3f0 HURL_P                           ff9dab90 get_turbo_down
ffca57d0 HUR_SACP                         ff9daca0 get_all_sticks_cur
ff8e4840 HVGrant_h                        ff9daec0 get_all_sticks_cur2
ffa29a10 HVLINE                           ff9db030 get_stick_val_cur
ffc76d10 HWK_CHAP                         ff9db100 get_all_sticks_down
ffa14a20 H_SLAVE                          ff9db320 get_all_sticks_down2
ff8e41e0 Hardaway_h                       ff9db490 get_stick_val_down
ff8df100 Hawkins_h                        ff9db5a0 get_all_buttons_cur
ff8e4a60 Hornacek_h                       ff9db7c0 get_all_buttons_cur2
ff8c0ee0 Horry_h                          ff9db930 get_but_val_cur
ff8c0880 Hunter_h                         ff9dba00 get_all_buttons_down
ff8c3960 Hurley_h                         ff9dbc20 get_all_buttons_down2
ffa29780 INITCOLR                         ff9dbd90 get_but_val_down
ffaa3560 INITIALS_B                       ff9dbea0 get_but_val_down_nt
ffaa3d40 INITIALS                         ff9dbf70 get_steal_but_cur
ffa40670 INITMAT                          ff9dc040 result_screen
ffa3fff0 INITTIM                          ff9ddc60 matchup_screen
ffa3eb50 INIT_HSR                         ff9de440 timeout
ffa41550 INIT_TAB                         ff9dedb0 timeout2
ffa41560 INIT_TB                          ff9df890 timeout3
ff83baf0 INSBOBJ                          ff9e05b0 check_initials
ff83bb30 INSOBJ                           ff9e3060 select_teams
ff840950 INTIO                            ff9e4270 get_opponent_team
0106d460 IRQSKYE                          ff9e4310 ingame_mess
ffa3fff0 ISHSTD                           ff9e4d50 winner_stays_on
ff83c480 ISOBJ                            ff9e60e0 buyin_screen
ffba40d0 JACHAG01                         ff9e7780 blink_tmslct
ffba41f0 JACHAG02                         ff9e7ba0 grand_champs_screen
ffba4310 JACHAG03                         ff9e9870 drw_chicks
ffba4430 JACHAG04                         ff9eb0a0 player_heads
ffba4550 JACHAG05                         ff9f3ca0 player_attribs
ffba4670 JACHAG16                         ff9f7c20 check_suckup
ffb8c9b0 JACHAG_P                         ff9f7ed0 attrib_off
ffb4a8b0 JACK10                           ff9f7fa0 attrib_on
ffa99c60 JACK                             ff9f8070 update_attribs
ffb4a940 JACK11                           ff9f85c0 del_box_imgs
ffb4a9d0 JACK12                           ff9f8d10 brown_shadow
ffb4aa60 JACK13                           ff9f9070 blue_shadow
ffb4aaf0 JACK14                           ff9f92a0 challenger
ffb4ab80 JACK15                           ff9f9bd0 challenger2
ffb4ac10 JACK16                           ff9fa000 guyhds
ffb4a3a0 JACK1                            ff9fab80 our_heads
ffb4a430 JACK2                            ff9fb400 GO_ADJ
ffb4a4c0 JACK3                            ff9fe660 TAMPEREDP
ffb4a550 JACK4                            ff9fe6e0 CKDIP
ffb4a5e0 JACK5                            ff9fe760 SET_COIN_ADJ
ffb4a670 JACK6                            ff9fee40 DO_ADJH
ffb4a700 JACK7                            ffa00330 BINBCD
ffb4a790 JACK8                            ffa004c0 BCDBIN
ffb4a820 JACK9                            ffa005e0 L_TIMER
ffcc0c90 JACK_P                           ffa00b90 SERVICE
ffca6500 JAC_DALP                         ffa00d90 LCOIN
ffc3f100 JAC_HAGP                         ffa00e00 CCOIN
ffb9f570 JAKSIM01                         ffa00e70 RCOIN
ffb9f690 JAKSIM02                         ffa00ee0 XCOIN
ffb9f7b0 JAKSIM03                         ffa01830 CR_STRTP
ffb9f8d0 JAKSIM04                         ffa01990 CR_CONTP
ffb9f9f0 JAKSIM05                         ffa01af0 P_START
ffb9fb10 JAKSIM16                         ffa01d30 P_CONT
ffb898f0 JAKSIM_P                         ffa01f40 NO_CREDS
ffc5fb20 JAK_SIMP                         ffa02710 CK_MAX
ffc31690 JAM_RIVM                         ffa027b0 UNIT_CLR
ffc635c0 JAM_RIVP                         ffa029b0 CRED_P
ffa933c0 JARVIS                           ffa029d0 GET_CREDITS
ffba4790 JASFLA01                         ffa02df0 CRD_SCRN
ffba48b0 JASFLA02                         ffa02e00 CRD_SCRN2
ffba49d0 JASFLA03                         ffa05be0 winner_stays_box
ffba4af0 JASFLA04                         ffa07420 SLAM_SW
ffba4c10 JASFLA05                         ffa077b0 CCCC
ffba4d30 JASFLA16                         ffa078f0 COIN_PAG
ffb8cdc0 JASFLA_P                         ffa07980 aud_addnumplyrs
ffc40100 JAS_FLAP                         ffa07eb0 GET_AUD
ffb98a90 JC10                             ffa07ff0 STORE_AUDIT
ffb98bb0 JC11                             ffa080c0 CLR_AUDR
ffb98cd0 JC12                             ffa081b0 KILL_AUD
ffb98df0 JC13                             ffa08250 AUD
ffb98f10 JC14                             ffa08360 AUD1
ffb98970 JC1                              ffa083d0 CLR_AUD
ffb99030 JC15                             ffa08470 CMOS_VAL
ffb99150 JC16                             ffa084d0 FORM_ADC
ffb99270 JC2                              ffa08680 F_ADC_S
ffb99390 JC3                              ffa08760 GET_ADJ
ffb994b0 JC4                              ffa08830 PUT_ADJ
ffb995d0 JC5                              ffa08ba0 ADJ_PAGE
ffb996f0 JC6                              ffa08c30 DEF_PAGE
ffb99810 JC7                              ffa08c40 FAC_SET
ffb99930 JC8                              ffa08fb0 LD_CTAB
ffb99a50 JC9                              ffa094e0 L_MESS
ffb86ce0 JC_p                             ffa095e0 LM_SETUP
ffba4e50 JGREEN01                         ffa09620 LM_FINIS
ffba4f70 JGREEN02                         ffa09630 GET_CSTR
ffba5090 JGREEN03                         ffa09bc0 CAT_A0
ffba51b0 JGREEN04                         ffa0a2e0 ROM_NAME
ffba52d0 JGREEN05                         ffa0af90 WAIT_MUT
ffba53f0 JGREEN16                         ffa0b490 HTOHXASC
ffb8d1d0 JGREEN_P                         ffa0b730 STRCAT
ffba1a90 JIMGEN01                         ffa0c4d0 CPU_RET
ffba1bb0 JIMGEN02                         ffa0c5d0 WAIT_BUT
ffba1cd0 JIMGEN03                         ffa0c740 CKTEST
ffba1df0 JIMGEN04                         ffa0c880 CKDIAG
ffba1f10 JIMGEN05                         ffa0c9b0 DIAG
ffb8b150 JIMGEN_P                         ffa0cba0 DIAG_EX
ffc410c0 JIM_GENP                         ffa0dc10 GEN_MENU
ffc420a0 JIM_GRNP                         ffa0e260 MENU_TOP
ffba5510 JOEDIL01                         ffa0e2a0 TOP_BOX
ffba5630 JOEDIL02                         ffa0e640 RED_BOX
ffba5750 JOEDIL03                         ffa0e810 COL_INST
ffba5870 JOEDIL04                         ffa0e9f0 DIGSRT
ffba5990 JOEDIL05                         ffa0ec60 DIAG_COLORS
ffba5ab0 JOEDIL16                         ffa0fba0 CHK_CMOS
ffb8d5e0 JOEDIL_P                         ffa0fe00 GET_FAC
ffba5bd0 JOELIN01                         ffa10080 B_MENU
ffba5cf0 JOELIN02                         ffa12ab0 ST_STICK
ffba5e10 JOELIN03                         ffa12b70 GETSTICK
ffba5f30 JOELIN04                         ffa13170 FORM_SWS
ffba6050 JOELIN05                         ffa131e0 fudge_switches
ffba6170 JOELIN16                         ffa13470 fudge_switches_diag
ffb8d9f0 JOELIN_P                         ffa13700 fudge_switches2
ffc43050 JOE_DILP                         ffa13fc0 F_TITLE
ffc44020 JOE_LINP                         ffa140f0 G_BORDER
ffba14f0 JOHNN01                          ffa142b0 DOBORDER
ffba1610 JOHNN02                          ffa146b0 STD_BORD
ffba1730 JOHNN03                          ffa148d0 BLNKHELP
ffba1850 JOHNN04                          ffa14a20 H_SLAVE
ffba1970 JOHNN05                          ffa150e0 AREUSURE
ffb8ad40 JOHNN_P                          ffa15640 SUR_MESS
ffa95f10 JOHNSN_L                         ffa15760 SURE_BOX
ffae4720 JOHNSON_P                        ffa16510 opmsg_main
ffca72d0 JOH_PHXP                         ffa177f0 opmsg_clr
ffb94b90 JONH10                           ffa1a200 POWERTST
ffb94170 JONH1                            ffa1a410 POWERCMOS
ffb94cb0 JONH11                           ffa1bbe0 BURN_IN
ffb94dd0 JONH12                           ffa1bdf0 DIAGCPUTEST
ffb94ef0 JONH13                           ffa1fcf0 CROSS_H
ffb95010 JONH14                           ffa210b0 COL_BARS
ffb95130 JONH15                           ffa21590 SWITCHTEST
ffb95250 JONH16                           ffa243d0 READ_DIP
ffb94290 JONH2                            ffa29780 INITCOLR
ffb943b0 JONH3                            ffa29860 POINT
ffb944d0 JONH4                            ffa29910 RECTANGLE
ffb945f0 JONH5                            ffa29a10 HVLINE
ffb94710 JONH6                            ffa29fe0 STRNEW1
ffb94830 JONH7                            ffa2a0d0 STRING
ffb94950 JONH8                            ffa2a650 CIRCLE
ffb94a70 JONH9                            ffa2ac60 DSCRCLR
ffb85130 JONH_P                           ffa2fea0 GET_CSPT
ffb9fc30 JONLOW01                         ffa30070 CKPROMPT
ffb9fd50 JONLOW02                         ffa30640 GO_DIAG
ffb9fe70 JONLOW03                         ffa31f00 FAC_STUF
ffb9ff90 JONLOW04                         ffa32120 BUILD_ST
ffba00b0 JONLOW05                         ffa32970 ANY_BUT
ffb89d00 JONLOW_P                         ffa32a80 SNDTST
ffba6290 JONVOG01                         ffa3b380 HID_P
ffba63b0 JONVOG02                         ffa3d940 STR_OBJ
ffba64d0 JONVOG03                         ffa3e720 STR_FREE
ffba65f0 JONVOG04                         ffa3e920 P_FORK
ffba6710 JONVOG05                         ffa3e9c0 DEC_HSR
ffba6830 JONVOG16                         ffa3eb50 INIT_HSR
ffb8de00 JONVOG_P                         ffa3ed30 GET_HSC
ffc31600 JON_CARM                         ffa3ef90 GETHIGH
ffc625c0 JON_CARP                         ffa3fff0 INITTIM
ffc91e40 JON_CHAP                         ffa3fff0 ISHSTD
ffc31720 JON_HEYM                         ffa403c0 GETINIT
ffc64520 JON_HEYP                         ffa40570 GETINIT1
ffc45010 JON_LOWP                         ffa40570 GETINIT2
ffc46010 JON_NEWP                         ffa40670 INITMAT
ffc46fc0 JON_TOBP                         ffa40760 A2_CHECK
ffc47fc0 JON_VOGP                         ffa40e90 GET_HSCR
ffba6950 JOSTSU01                         ffa412a0 PT_ENTRY
ffba6a70 JOSTSU02                         ffa41330 ROM_PTRS
ffba6b90 JOSTSU03                         ffa41400 SET_PAGE
ffba6cb0 JOSTSU04                         ffa41550 INIT_TAB
ffba6dd0 JOSTSU05                         ffa41560 INIT_TB
ffba6ef0 JOSTSU16                         ffa416f0 VAL_TAB
ffb8e210 JOSTSU_P                         ffa42000 RC_BYTE
ffc48f70 JOS_TSUP                         ffa420b0 WC_BYTE
ffa94140 JSKILES                          ffa42240 RC_BYTEI
ff8db000 JTO_H                            ffa422a0 RC_WORD
ff8bfde0 Jack_h                           ffa42420 RC_LONG
ffa93600 KAM                              ffa42540 RC_LONGI
ffa96f60 KANDERSON                        ffa425a0 WC_BYTEI
ffb9ccf0 KARHOS01                         ffa425f0 WC_WORD
ffb9ce10 KARHOS02                         ffa426b0 WC_WORDI
ffb9cf30 KARHOS03                         ffa42700 WC_LONG
ffb9d050 KARHOS04                         ffa427c0 WC_LONGI
ffb9d170 KARHOS05                         ffa42d90 etext
ffb9d290 KARHOS16                         ffa42d90 .data
ffb88090 KARHOS_P                         ffa44550 hiscoreBMOD
ffc37360 KAR_HOSP                         ffa455e0 empjambBMOD
ff8bef00 KAnderson_h                      ffa46870 yesnoBMOD
ffae4f40 KEMP_P                           ffa48f50 namebox4BMOD
ffa96030 KEMP                             ffa48fe0 namebox2BMOD
ffc608a0 KEN_MUGP                         ffa49070 selbackBMOD
ffbb0b50 KGRIF01                          ffa49100 namebox3BMOD
ffbb0c70 KGRIF02                          ffa4aa40 teamselBMOD
ffbb0d90 KGRIF03                          ffa4ebe0 finalBMOD
ffbb0eb0 KGRIF04                          ffa4ec70 matchupBMOD
ffbb0fd0 KGRIF05                          ffa50680 statscrkBMOD
ffb93760 KGRIF_P                          ffa50710 statscrnBMOD
ff84edd0 KIL1C                            ffa528d0 trnedBMOD
ff84edb0 KILALL                           ffa53ca0 congratbBMOD
ff84ede0 KILALLN                          ffa55110 ladderBMOD
ff842250 KILBGND                          ffa551a0 dabullBMOD
ff84e860 KILL                             ffa570f0 chrvic1BMOD
ffa081b0 KILL_AUD                         ffa58a70 nameboxkBMOD
ffa92c70 KINKEAD                          ffa58b00 selbackkBMOD
ffa971a0 KJOHNSON                         ffa5a2a0 subsBMOD
ff8c3300 KJohn_h                          ffa5a6e0 viewfrtBMOD
ffc78bd0 KMP_SEAP                         ffa5aa10 blankjamBMOD
ff8df760 KMalone_h                        ffa5aaa0 wood64
ffa939f0 KONGO                            ffa5aeb0 NBAPAL_V
ff84efc0 KOP_1C                           ffa5b090 BNBA_V_P
ff84efd0 KOP_ALL                          ffa5b1f0 BNBAPALV
ffb496b0 KUKOC10                          ffa5b350 NBAPALV
ffa99b40 KUKOC                            ffa5b530 BNBAPALB
ffb49740 KUKOC11                          ffa5b690 NBAPAL
ffb497d0 KUKOC12                          ffa5b870 METLPALG
ffb49860 KUKOC13                          ffa5bbc0 orePALS
ffb498f0 KUKOC14                          ffa5bd20 yjamPALS
ffb49980 KUKOC15                          ffa5be00 oPALS
ffb491a0 KUKOC1                           ffa5bea0 ATTBKR_P
ffb49a10 KUKOC16                          ffa5bf30 ATTBKB_P
ffb49230 KUKOC2                           ffa5bfc0 wood64b
ffb492c0 KUKOC3                           ffa5c3d0 METLPALB
ffb49350 KUKOC4                           ffa5c720 METLPALR
ffb493e0 KUKOC5                           ffa5ca70 NLWOOD64
ffb49470 KUKOC6                           ffa5ce80 ackPALS
ffb49500 KUKOC7                           ffa5cf80 westpalc
ffb49590 KUKOC8                           ffa5d100 eastpalc
ffb49620 KUKOC9                           ffa5d230 MBOX_B_P
ffcc0080 KUKOC_P                          ffa5d3e0 MBOX_R_P
ffca7f70 KUK_CHIP                         ffa5d590 selPALS
ffb545a0 K_AND1                           ffa5d6f0 WHITEPAL3
ffb54ab0 K_AND10                          ffa5d9b0 QTRBYB_P
ffb54b40 K_AND11                          ffa5da30 hbakPALS
ffb54bd0 K_AND12                          ffa5dbf0 scrnPALS
ffb54c60 K_AND13                          ffa5dcb0 Z_pal1
ffb54cf0 K_AND14                          ffa5ecb0 Z_pal2
ffb54d80 K_AND15                          ffa5f940 Z_pal3
ffb54e10 K_AND16                          ffa60930 Z_pal4
ffb54630 K_AND2                           ffa61330 stat_p
ffb546c0 K_AND3                           ffa61730 STATIC_p
ffb54750 K_AND4                           ffa61890 Z_pal7
ffb547e0 K_AND5                           ffa62890 Z_pal8
ffb54870 K_AND6                           ffa63890 Z_pal9
ffb54900 K_AND7                           ffa647c0 Z_pal10
ffb54990 K_AND8                           ffa657c0 Z_pal11
ffb54a20 K_AND9                           ffa65d80 Z_pal12
ffcc8e00 K_AND_P                          ffa66a50 Z_pal13
ffb592b0 K_JOHN10                         ffa67a50 P_STATIC
ffb58da0 K_JOHN1                          ffa67e50 top2_p
ffb59340 K_JOHN11                         ffa68e40 Z_pal16
ffb593d0 K_JOHN12                         ffa69db0 Z_pal17
ffb59460 K_JOHN13                         ffa6aa40 Z_pal18
ffb594f0 K_JOHN14                         ffa6ba40 Z_pal19
[...]
ff8ad890 seq_jump2                        ffbae990 VNCPON16
ff8acfc0 seq_keepzx                       ffbaeab0 WARDAV01
ff9ae930 seq_lay_up_start                 ffbaebd0 WARDAV02
ff8ace40 seq_newdir                       ffbaecf0 WARDAV03
ff8ad4d0 seq_noballoff                    ffbaee10 WARDAV04
ff8b1ad0 seq_push                         ffbaef30 WARDAV05
ff8aed80 seq_rebounda                     ffbaf050 TOBIAS01
ff8ad550 seq_resetseq                     ffbaf170 TOBIAS02
ff8ad640 seq_run                          ffbaf290 TOBIAS03
ff8b06c0 seq_slamball                     ffbaf3b0 TOBIAS04
ff8ad3e0 seq_smoke                        ffbaf4d0 TOBIAS05
ff8ad480 seq_snd                          ffbaf5f0 TOBIAS16
ff8ac850 seq_stand                        ffbaf710 PALHEI01
ff8acf60 seq_stayinair                    ffbaf830 PALHEI02
ff8acde0 seq_stealstand                   ffbaf950 PALHEI03
ff8ad2f0 seq_stopfire                     ffbafa70 PALHEI04
ff8af4c0 seq_strtdunk                     ffbafb90 PALHEI05
ff8ad170 seq_strtfire                     ffbafcb0 PALHEI16
ff8ad0e0 seq_stuffzx                      ffbafdd0 BILDAB01
ff958890 set_imgs                         ffbafef0 BILDAB02
ff8666c0 set_names                        ffbb0010 BILDAB03
ff988d10 setup_message                    ffbb0130 BILDAB04
ff9b0760 setup_speech                     ffbb0250 BILDAB05
ff98a350 sgmd8_ascii                      ffbb0370 BILDAB16
ffa8f550 sgmd8wht                         ffbb0490 RACDAV01
ffae73d0 shad_p                           ffbb05b0 RACDAV02
ffa8ffb0 shadow1                          ffbb06d0 RACDAV03
ffa904c0 shadow10                         ffbb07f0 RACDAV04
ffa90550 shadow11                         ffbb0910 RACDAV05
ffa90670 shadow12                         ffbb0a30 RACDAV16
ffa90700 shadow13                         ffbb0b50 KGRIF01
ffa90790 shadow14                         ffbb0c70 KGRIF02
ffa90820 shadow15                         ffbb0d90 KGRIF03
ffa90040 shadow2                          ffbb0eb0 KGRIF04
ffa900d0 shadow3                          ffbb0fd0 KGRIF05
ffa90160 shadow4                          ffbb10f0 ballite1
ffa901f0 shadow5                          ffbb1210 ballite2
ffa90280 shadow6                          ffbb1330 ballite3
ffa90310 shadow7                          ffbb1450 ballite4
ffa903a0 shadow8                          ffbb1570 ballite5
ffa90430 shadow9                          ffbb1690 ballite6
ffa9db60 shard1_1                         ffbb17b0 ballite7
ffa9dbf0 shard1_2                         ffbb18d0 lighten1
ffa9dc80 shard1_3                         ffbb19f0 lighten2
ffa9dd10 shard1_4                         ffbb1b10 lighten3
ffa9dda0 shard1_5                         ffbb1c30 lighten4
ffa9de30 shard1_6                         ffbb1d50 lighten5
ffa9dec0 shard1_7                         ffbb1e70 lighten6
ffa9df50 shard1_8                         ffbb1f90 lighten7
ffa9dfe0 shard2_1                         ffbd5c30 w3run1
ffa9e070 shard2_2                         ffbddc70 w1blok2
ffa9e100 shard2_3                         ffbddd90 w1blok3
ffa9e190 shard2_4                         ffbddfd0 w2blok2
ffa9e220 shard2_5                         ffbde0f0 w2blok3
ffa9e2b0 shard2_6                         ffbde330 w4blok2
ffa9e340 shard2_7                         ffbde450 w4blok3
ffa9e3d0 shard2_8                         ffbe2230 w5blok2
ffa9ea90 shard3_12                        ffbe2350 w5blok3
ffa9e460 shard3_1                         ffbe65b0 w3desp1
ffa9e970 shard3_10                        ffbf6090 FIREFALP
ffa9ea00 shard3_11                        ffbf7090 zwilpal
ffa9e4f0 shard3_2                         ffc1e1e0 w2fgrl1
ffa9e580 shard3_3                         ffc1e300 w2fgrl2
ffa9e610 shard3_4                         ffc1e420 w2fgrl3
ffa9e6a0 shard3_5                         ffc203a0 T2DUNK9
ffa9e730 shard3_6                         ffc204c0 T2DUNK10
ffa9e7c0 shard3_7                         ffc20820 T2DUNK3
ffa9e850 shard3_8                         ffc20940 T2DUNK4
ffa9e8e0 shard3_9                         ffc20a60 T2DUNK5
ffa9f030 shard4_10                        ffc20b80 T2DUNK6
ffa9eb20 shard4_1                         ffc20ca0 T2DUNK7
ffa9ebb0 shard4_2                         ffc20dc0 T2DUNK8
ffa9ec40 shard4_3                         ffc254a0 LED_00
ffa9ecd0 shard4_4                         ffc25530 LED_MAX
ffa9ed60 shard4_5                         ffc27f40 arrow1r
ffa9edf0 shard4_6                         ffc28060 arrow2r
ffa9ee80 shard4_7                         ffc28180 arrow3r
ffa9ef10 shard4_8                         ffc282a0 arrow4r
ffa9efa0 shard4_9                         ffc28330 arrow1t
ffa9f0c0 shard5_1                         ffc283c0 arrow2t
ffa9f150 shard5_2                         ffc28450 arrow3t
ffa9f1e0 shard5_3                         ffc284e0 arrow4t
ffa9f270 shard5_4                         ffc28690 arrow1r2p
ffa9f300 shard5_5                         ffc287b0 arrow2r2p
ffa9f390 shard5_6                         ffc28960 FON150
ffa9f420 shard5_7                         ffc289f0 FON151
ffa9f4b0 shard5_8                         ffc28a80 FON152
ffa9f540 shard6_1                         ffc28b10 FON153
ffa9f5d0 shard6_2                         ffc28ba0 FON154
ffa9f660 shard6_3                         ffc28c30 FON155
ffa9f6f0 shard6_4                         ffc28cc0 FON156
ffa9f780 shard6_5                         ffc28d50 FON157
ffa9f810 shard6_6                         ffc28de0 FON158
ffa9f8a0 shard6_7                         ffc28e70 FON159
ffa9f930 shard6_8                         ffc28f00 FON15A
ffa9f9c0 shard7_1                         ffc29650 FON15M
ffa9fed0 shard7_10                        ffc29b60 FON15V
ffa9fa50 shard7_2                         ffc29bf0 FON15W
ffa9fae0 shard7_3                         ffc29c80 FON15X
ffa9fb70 shard7_4                         ffc2bed0 FONT7A
ffa9fc00 shard7_5                         ffc2eab0 FONT7colon
ffa9fc90 shard7_6                         ffc2ef30 SQUD_1
ffa9fd20 shard7_7                         ffc2efc0 SQUD_2
ffa9fdb0 shard7_8                         ffc2fa70 RAD_MK2
ffa9fe40 shard7_9                         ffc2fb00 SCO_MK2
ffa9ff60 shard8_1                         ffc2fb90 REP_MK2
ffaa0470 shard8_10                        ffc2fc20 SUB_MK2
ffa9fff0 shard8_2                         ffc31570 TON_GOSM
ffaa0080 shard8_3                         ffc31600 JON_CARM
ffaa0110 shard8_4                         ffc31690 JAM_RIVM
ffaa01a0 shard8_5                         ffc31720 JON_HEYM
ffaa0230 shard8_6                         ffc317b0 SAL_DIVM
ffaa02c0 shard8_7                         ffc31840 SHA_LIPM
ffaa0350 shard8_8                         ffc31960 MRK_TURM
ffaa03e0 shard8_9                         ffc319f0 AUG_ATL
ffaa0500 shat1_1                          ffc32020 HRD_GLD
ffaa0590 shat1_2                          ffc32530 MUL_GLD
ffaa0620 shat1_3                          ffc32ec0 WLK_ATL
ffaa06b0 shat1_4                          ffc34db0 RAD_MK2P
ffaa0740 shat1_5                          ffc35440 SCO_MK2P
ffaa07d0 shat2_1                          ffc35950 REP_MK2P
ffaa0860 shat2_2                          ffc35ea0 SUB_MK2P
ffaa08f0 shat2_3                          ffc364c0 LOR_OLIP
ffaa0980 shat2_4                          ffc37360 KAR_HOSP
ffaa0a10 shat2_5                          ffc382d0 BIL_DABP
ffaa0aa0 shat3_1                          ffc39290 CAR_MEDP
ffaa0b30 shat3_2                          ffc3a280 DAN_FORP
ffaa0bc0 shat3_3                          ffc3b230 ED_BOONP
ffaa0c50 shat3_4                          ffc3c210 ERC_KINP
ffaa0ce0 shat3_5                          ffc3d170 EUG_JARP
ffaa0d70 shat4_1                          ffc3e140 GRG_PETP
ffaa0e00 shat4_2                          ffc3f100 JAC_HAGP
ffaa0e90 shat4_3                          ffc40100 JAS_FLAP
ffaa0f20 shat4_4                          ffc410c0 JIM_GENP
ffaa0fb0 shat4_5                          ffc420a0 JIM_GRNP
ff9a9730 shoots_speech                    ffc43050 JOE_DILP
ff935310 shot_clock                       ffc44020 JOE_LINP
010ef930 shot_distance                    ffc45010 JON_LOWP
010ef920 shot_percentage                  ffc46010 JON_NEWP
010ef900 shot_type                        ffc46fc0 JON_TOBP
ffa94920 shotclok                         ffc47fc0 JON_VOGP
010eae20 shotimer                         ffc48f70 JOS_TSUP
ff95ce30 show_designteam                  ffc49f60 LAR_DUMP
ff997be0 show_hiscore                     ffc4af50 LIN_DELP
ff95ad10 show_operatormsg                 ffc4bf20 MAR_MARP
ff9370c0 show_ot_msg                      ffc4cef0 MAT_BUTP
ff99fc70 show_player_records              ffc4ded0 MRK_LOFP
010eb1a0 show_shot                        ffc4eec0 MRK_PENP
ff8a4b30 sinecos_get                      ffc4fec0 PAL_HEIP
010eac70 slamming                         ffc50e70 PAT_COXP
ff954b50 snd_play1ovr                     ffc51e40 RAC_DAVP
ff954a00 snd_play1ovrp                    ffc52e20 RAY_MOSP
ff954c40 snd_play1                        ffc53df0 ROG_SHRP
ff954c50 snd_play                         ffc54dd0 PAL_BARP
ff9547a0 snd_reset                        ffc55d90 REA_PERP
ff954ea0 snd_update                       ffc56d50 AL_LASCP
ff995490 sort_wins                        ffc57d20 CHR_GRAP
010f0ef0 sorted_teams                     ffc58d20 SHE_OURP
010eb610 sound_rev                        ffc59d20 STE_BERP
ff956050 sound_watchdog                   ffc5ace0 TIM_COMP
ffa9bf40 spark1                           ffc5bce0 VIK_APEP
ffa9bd00 spark2                           ffc5cc00 VNC_PONP
ffa9bd90 spark3                           ffc5dbd0 VOG_HEDP
ffa9be20 spark4                           ffc5eb70 WAR_DAVP
ffa9beb0 spark5                           ffc5fb20 JAK_SIMP
ffaec7b0 spark_p                          ffc608a0 KEN_MUGP
010efbc0 spch_name_ram                    ffc615e0 TON_GOSP
010efc40 spch_pass_ram                    ffc625c0 JON_CARP
ff8d0820 spechds_t                        ffc635c0 JAM_RIVP
010f06f0 special_heads                    ffc64520 JON_HEYP
ff9a96f0 speech_playovrp                  ffc651e0 SAL_DIVP
ff8fa330 stagger_t                        ffc66060 SHN_LIPP
ff946e30 starring                         ffc67060 WIL_WILP
ffaa3f80 start2                           ffc68040 MRK_TURP
ffaa3b00 start3                           ffc69010 AUG_ATLP
ff85f340 start_animate                    ffc69fa0 BRK_PHXP
ff858440 start_arws                       ffc6aeb0 COL_NEJP
ffa94a40 start                            ffc6be40 DAU_CLEP
ff854c00 start_msgs                       ffc6ce40 EDW_MLWP
ff9d6630 start_teams                      ffc6de30 DRX_PRTP
ffa61330 stat_p                           ffc6edc0 ELL_DENP
ff975770 stats_page2                      ffc6fdc0 ELL_DETP
ff975790 stats_page                       ffc70db0 EWG_NEYP
ffa50680 statscrkBMOD                     ffc71da0 GIL_SEAP
ffa50710 statscrnBMOD                     ffc72d90 HPR_DALP
010e60a0 steals_off                       ffc73d90 HRD_GLDP
ff928ce0 stick_cpu                        ffc74d70 HRN_PHLP
ff928090 stick_number                     ffc75d70 HRP_CLPP
ff928250 stick_numbers                    ffc76d10 HWK_CHAP
ff929be0 stick_spark2                     ffc77be0 DIV_LAKP
ff9292d0 stick_spark                      ffc78bd0 KMP_SEAP
010e6960 stlpower                         ffc79ad0 LTN_MINP
ff9252b0 stnd_t                           ffc7aa70 MAJ_PHXP
ff9253e0 stndwb2_t                        ffc7ba30 MAN_CLPP
ff9ae730 stolen_speech                    ffc7c900 MUL_GLDP
010eaab0 strongmen                        ffc7d8c0 MUT_DENP
ffaae570 stshad1                          ffc7e860 OLA_HOUP
ffaae600 stshad2                          ffc7f780 PIP_CHIP
ffaae060 stx_3pts                         ffc806c0 POR_PRTP
ffaadd90 stx_all                          ffc81640 PRC_CLEP
ffaae2a0 stx_ast                          ffc82630 PRS_MINP
ffaae0f0 stx_atline                       ffc83630 RCE_MIAP
ffaae3c0 stx_blocks                       ffc845b0 ROB_SANP
ffaadac0 stx_defeated                     ffc85560 SCH_SEAP
ffaae210 stx_dunks                        ffc86410 SKL_MIAP
ffaadfd0 stx_fgs                          ffc87410 SKL_ORLP
ffaae4e0 stx_injury                       ffc883f0 SMT_HOUP
ffaad9a0 stx_l                            ffc892f0 STK_UTAP
ffaada30 stx_lastmtch                     ffc8a1d0 THM_DETP
ffaadb50 stx_lostto                       ffc8b1d0 TIS_SACP
ffaadd00 stx_nbateams                     ffc8c120 WEB_SACP
ffaade20 stx_norecord                     ffc8d0a0 WLK_ATLP
ffaadc70 stx_ofthe27                      ffc8df50 WOR_LAKP
ffaad880 stx_pct                          ffc8eee0 MIL_INDP
ffaae180 stx_points                       ffc8fee0 LOH_MLWP
ffaad7f0 stx_rank                         ffc90ed0 MLN_UTAP
ffaae450 stx_rebs                         ffc91e40 JON_CHAP
ffaadeb0 stx_record                       ffc92e10 OAK_NEYP
ffaae330 stx_steals                       ffc93e00 GRT_CHIP
ffaad910 stx_w                            ffc94de0 GUG_WASP
ffaadbe0 stx_youhave                      ffc95dd0 BEN_NEJP
ffa5a2a0 subsBMOD                         ffc96dd0 GRT_PRTP
ffaa4640 swapblu                          ffc97dd0 AND_NEJP
ffaa46d0 swapred                          ffc98af0 AND_ORLP
ffa9c8d0 swish1b                          ffc99480 ARM_CHIP
ffa9c960 swish1f                          ffc9a180 BAK_MLWP
ffa9c9f0 swish2b                          ffc9af90 BEN_UTAP
ffa9ca80 swish2f                          ffc9be00 BRA_PHLP
ffa9cb10 swish3b                          ffc9cd70 BRO_BOSP
ffa9cba0 swish3f                          ffc9da70 CAM_LAKP
ffa9cc30 swish4b                          ffc9e690 CHE_WASP
ffa9ccc0 swish4f                          ffc9f520 DUM_DETP
ffa9cd50 swish5b                          ffca0400 ELS_SANP
ffa9cde0 swish5f                          ffca1120 ELL_WASP
0106d570 switches_cur                     ffca1f80 GAM_BOSP
0106d5b0 switches_down                    ffca2db0 HAR_ORLP
0106d530 switches_old                     ffca3b10 HOR_HOUP
010e5390 swstack_p                        ffca4980 HUN_DETP
010e53b0 swstackbot                       ffca57d0 HUR_SACP
010e57b0 swstacktop                       ffca6500 JAC_DALP
ff842f30 system_restoregame               ffca72d0 JOH_PHXP
ff842950 system_savegame                  ffca7f70 KUK_CHIP
ffa91e60 t0000                            ffca8b60 SEL_INDP
ffa92130 t1000                            ffca99c0 MAS_DALP
ffa921c0 t1100                            ffcaa910 MAS_NEYP
ffa92250 t1110                            ffcab840 MAX_HOUP
ffa922e0 t1111                            ffcac620 MCD_BOSP
010eac80 t1dunkcnt                        ffcad360 MIN_MIAP
ffa8f620 tPALS                            ffcae170 MOU_CHAP
ffab5ad0 t_plateV                         ffcaef40 NAN_CLEP
010f05e0 team1_control                    ffcafd80 PAY_SEAP
010f05c0 team1                            ffcb0b90 PEE_LAKP
010f05f0 team2_control                    ffcb1950 RIC_SACP
010f05d0 team2                            ffcb25d0 RID_MINP
ff9cf550 team_control                     ffcb3400 ROB_CLPP
ff9b5230 team_selection                   ffcb42a0 ROB_PRTP
010f0b90 teams_pop                        ffcb5030 ROD_SANP
ffa4aa40 teamselBMOD                      ffcb5ac0 ROG_DENP
010f0480 teamset1_obj                     ffcb69d0 SIM_SACP
010f04a0 teamset2_obj                     ffcb7860 SMI_INDP
ffb0fee0 textp                            ffcb8080 STA_NEYP
ffa94e30 three                            ffcb8e80 WEA_PHLP
ffab03d0 threepnts                        ffcb9c10 WEB_GLDP
ff9dedb0 timeout2                         ffcbab10 WLS_ATLP
ff9df890 timeout3                         ffcbb940 DAY_MLWP
ff9de440 timeout                          ffcbc5b0 MOR_NEJP
ffa94c80 timerlow                         ffcbd470 WILLIS_P
ffae9870 timers_b                         ffcbdc70 BROWN_P
ffae9a60 timers_r                         ffcbe470 MCDAN_P
010e60f0 timertcnt                        ffcbe880 GAMBLE_P
ff8f92a0 tip_t                            ffcbf080 MOURN_P
ff8f9460 tipj_t                           ffcbf880 ARMST_P
010f0810 tm1set                           ffcc0080 KUKOC_P
010f09d0 tm2set                           ffcc0880 NANCE_P
ffa97470 tocontrol                        ffcc0c90 JACK_P
ffa6f2f0 top1_p                           ffcc10a0 MASH_P
ffa67e50 top2_p                           ffcc17b0 ROGERS_P
ff93b0e0 tournament_on                    ffcc1fb0 DUMARS_P
ffa528d0 trnedBMOD                        ffcc27b0 RODMAN_P
ff956010 tune2_snd                        ffcc2bc0 HUNTER_P
010eaff0 tvpanelon                        ffcc33c0 WEBBER_P
ffa94da0 two                              ffcc3bc0 MAX_P
ffa91ef0 tx000                            ffcc43c0 HORRY_P
ffa92370 tx100                            ffcc4bc0 SMITS_P
ffa92400 tx110                            ffcc53c0 SELEY_P
ffa92490 tx111                            ffcc59f0 ROBERTS_P
ffa91f80 txx00                            ffcc61f0 PEELER_P
ffa92520 txx10                            ffcc69f0 CAMP_P
ffa925b0 txx11                            ffcc71f0 MINER_P
ffa92010 txxx0                            ffcc79f0 BAKER_P
ffa92640 txxx1                            ffcc81f0 DAY_P
ffa920a0 txxxx                            ffcc8600 RIDER_P
ff9f8070 update_attribs                   ffcc8e00 K_AND_P
ff944eb0 update_cont_message              ffcc9470 MORRIS_P
ff9beef0 update_logos                     ffcc9c70 MASON_P
ff9ba5f0 update_player_heads              ffcca470 STARKS_P
ff92c1e0 update_scorebrd                  ffccac60 A_HARD_P
ff946740 update_shoes                     ffccb460 N_AND_P
ff9be900 update_team_set                  ffccbc60 WEATH_P
ffaa4880 useupbx                          ffccc460 BRAD_P
ff9b0500 victory_speech                   ffcccc60 K_JOHN_P
ffa5a6e0 viewfrtBMOD                      ffccd3f0 C_ROB_P
ffa8f7c0 viewp                            ffccdbf0 SIM_P
ffbddc70 w1blok2                          ffcce3f0 HURL_P
ffbddd90 w1blok3                          ffccebf0 RICH_P
ffbddfd0 w2blok2                          ffccf3f0 D_ELL_P
ffbde0f0 w2blok3                          ffccfbf0 PAYTON_P
ffc1e1e0 w2fgrl1                          ffcd03f0 MCKEY_P
ffc1e300 w2fgrl2                          ffcd0bf0 BENOIT_P
ffc1e420 w2fgrl3                          ffcd13f0 ELLISN_P
ffbe65b0 w3desp1                          ffcd1800 CHEAN_P
ffbd5c30 w3run1                           ffcd4400 MEN_ADJ
ffbde330 w4blok2                          ffce0590 MEN_MAIN
ffbde450 w4blok3                          ffce1850 MEN_YN
ffbe2230 w5blok2                          ffce3a00 MESS_MM
ffbe2350 w5blok3                          ffce5120 MESS_FAC
ffa5cf80 westpalc                         ffced2a0 DIPCOINTAB
ffb93bd0 wil1                             ffced748 USA_1
ffb93cf0 wil2                             ffced780 USA_2
ffb93e10 wil3                             ffced7b0 USA_3
ffb93f30 wil4                             ffced7e0 USA_4
ffb94050 wil5                             ffced8d0 USA_ELECTITLE
ffab2620 winfree                          ffced910 FRENCH_ELECTITLE
ffa05be0 winner_stays_box                 ffced970 GERMAN_ELECTITLE
ff9e4d50 winner_stays_on                  ffced9d0 GERMAN_1
ff9816d0 winning_msg                      ffceda20 GERMAN_2
010f10b0 winningteam                      ffceda70 GERMAN_3
ffab2470 winstay_l                        ffcedac0 GERMAN_4
ffa5aaa0 wood64                           ffcedb60 FRENCH_1
ffa5bfc0 wood64b                          ffcedbb0 FRENCH_2
ffab47e0 yellow                           ffcedc00 FRENCH_3
ffa46870 yesnoBMOD                        ffcedc50 FRENCH_4
ffaa4130 yesnobak                         ffcf4d60 TWO_TS
ffa5bd20 yjamPALS                         ffcf4ff0 TWO_TP
ffbf7090 zwilpal                          ffcf53c0 edata

[4150 symbols]
