TMS340 COFF Macro Assembler Version 6.10     Tue Dec 19 01:45:11 2023
 Copyright (c) 1985-1991  Texas Instruments Incorporated 

                                                                     PAGE    1

       1                            .file   "plyrlseq.asm"
       3                            .width  132
       4                            .option b,d,l,t
       5                            .mnolist
       6                    
       7                    
       8                            .include        "mproc.equ"
       9                            .include        "disp.equ"
      10                            .include        "sys.equ"
      11                            .include        "imgtbl.glo"
      12                            .include        "imgtbl2.glo"
      13                            .include        "game.equ"
      14                            .include        "shawn.hdr"
      15                            .asg            0,SEQT
      16                            .include        "plyr.equ"
      17                            .include        "layup.tbl"
      18                            .include        "plyrd2se.tbl"
      19                    
      20                    
      21                    
      22                    
      23                            .ref    plyr_shoot
      24                            .ref    plyr_pass
      25                            .ref    seq_newdir
      26                            .ref    seq_slamball
      27                            .ref    seq_strtdunk
      28                            .ref    seq_jump
      29                            .ref    seq_resetseq
      30                            .ref    seq_stand
      31                            .ref    seq_snd
      32                    
      33                            .ref    w3desp1
      34                            .ref    seq_lay_up_start
      35                            .ref    seq_jam_speech
      36                            .ref    seq_call_name
      37                    
      38                    
      39              0000  JAM_NONE        equ     0
      40              0001  JAM_EASY        equ     1
      41              0002  JAM_MED         equ     2
      42              0003  JAM_GOOD        equ     3
      43              0004  JAM_GREAT       equ     4
      44                    
      45                    
      46                            .def    w2fgrl3,w2fgrl2,w2fgrl1
      47                            .def    T2DUNK3,T2DUNK4,T2DUNK5
      48                            .def    T2DUNK6,T2DUNK7,T2DUNK8,T2DUNK9
      49                            .def    T2DUNK10
      50                    
      51                    
      52                    
      53                    
      54                    
      55              8000  M_YF    .equ    08000H  ;Y free (OFLAGS)
      56                    
TMS340 COFF Macro Assembler Version 6.10     Tue Dec 19 01:45:11 2023
 Copyright (c) 1985-1991  Texas Instruments Incorporated 

basketball plyr sequence code                                        PAGE    2

      57                    
      58 00000000                   .text
      59                    
      60 00000000     f981  ohmy    .word   0f981H,98,081eaH,0      ;OH....MY!!!
      61 00000040     f981  fancy   .word   0f981H,76,0812fH,0      ;fancy move
      62 00000080     f981  airb    .word   0f981H,89,081a4H,0      ;goes airborne!
      63 000000c0     f981  torim   .word   0f981H,50,081a6H,0      ;to the rim
      64 00000100     f981  hangt   .word   0f981H,59,081a7H,0      ;hangtime
      65 00000140     f981  lookout .word   0f981H,57,081b0H,0      ;lookout!
      66 00000180     f981  showt   .word   0f981H,70,081b7H,0      ;showtime!
      67 000001c0     f981  thawk   .word   0f981H,30,081c0H,0      ;tomahawks one home!
      68 00000200     f981  facial  .word   0f981H,93,081eeH,0      ;delivers the facial!
      69 00000240     f981  spectd  .word   0f981H,94,081f5H,0      ;spectacular dunk
      70 00000280     f981  inface  .word   0f981H,81,081abH,0      ;in your face
      71 000002c0     f981  mnstjam .word   0f981H,90,081b2H,0      ;monster jam
      72                    
      73 00000300     fd81  jet     .word   0fd81H,110,08158H,0     ;jet sound
      74 00000340     fd91  yell    .word   0fd91H,88,08167H,0      ;aaaaaaaaaaaaaaaahhhhhhhhhhh
      75 00000380     fd91  tarzan  .word   0fd91H,158,08177H,0     ;tarzan yell!
      76                    
      77                            .asg    M_WRNONZ,F
      78                            .asg    M_WRNONZ|M_FLIPH,FF
      79                            .asg    DUNK_M|NOJUMP_M|NOJOY_M|NOCOLLP_M,DFLGS
      80                    
      81                    
      82 000003c0           layup_t
      83 000003c0     2204          .word   NOJUMP_M|SHOOT_M|NOJOY_M
      84 000003d0 00000000!         .long   seq_stand
      85 000003f0 00000710'         .long   qvlg1,qvlg2,qvlg3,qvlg4,qvlg5,qvlg4,qvlg3,qvlg2
      86                            .asg    3,N
      87                    
      88 000004f0           qvlg2
      89 000004f0                   WLW     1,w2fgrl1,F
      90 00000530                   WL      -1,seq_jump
      91 00000560                   WLW     4,w2fgrl1,F
      92 000005a0                   WLW     4,w2fgrl2,F
      93 000005e0                   WLW     1,w2fgrl3,F
      94 00000620                   WL      -1,plyr_shoot
      95 00000650                   WLW     50,w2fgrl3,F
      96 00000690                   WLW     5,w2fgrl4,F
      97 000006d0                   WLW     -1,seq_newdir,1*16
      98 00000710           qvlg1   W0
      99 00000720           qvlg3
     100 00000720                   WLW     1,w3fgrl2,F
     101 00000760                   WL      -1,seq_jump
     102 00000790                   WLW     4,w3fgrl2,F
     103 000007d0                   WLW     4,w3fgrl3,F
     104 00000810                   WLW     1,w3fgrl4,F
     105 00000850                   WL      -1,plyr_shoot
     106 00000880                   WLW     4,w3fgrl4,F
     107 000008c0                   WLW     50,w3fgrl5,F
     108 00000900                   WLW     4,w3fgrl6,F
     109 00000940                   WLW     -1,seq_newdir,2*16
     110 00000980                   W0
     111 00000990           qvlg4
TMS340 COFF Macro Assembler Version 6.10     Tue Dec 19 01:45:11 2023
 Copyright (c) 1985-1991  Texas Instruments Incorporated 

basketball plyr sequence code                                        PAGE    3

     112 00000990                   WLW     1,w4fgrl1,F
     113 000009d0                   WL      -1,seq_jump
     114 00000a00                   WLW     4,w4fgrl1,F
     115 00000a40                   WLW     4,w4fgrl2,F
     116 00000a80                   WLW     1,w4fgrl3,F
     117 00000ac0                   WL      -1,plyr_shoot
     118 00000af0                   WLW     50,w4fgrl3,F
     119 00000b30                   WLW     -1,seq_newdir,3*16
     120 00000b70                   W0
     121 00000b80           qvlg5
     122 00000b80                   WLW     1,w5fgrl1,F
     123 00000bc0                   WL      -1,seq_jump
     124 00000bf0                   WLW     4,w5fgrl1,F
     125 00000c30                   WLW     4,w5fgrl2,F
     126 00000c70                   WLW     1,w5fgrl3,F
     127 00000cb0                   WL      -1,plyr_shoot
     128 00000ce0                   WLW     50,w5fgrl3,F
     129 00000d20                   WLW     5,w5fgrl4,F
     130 00000d60                   WLW     -1,seq_newdir,4*16
     131 00000da0                   W0
     132                    
     133 00000db0           layupreb_t
     134 00000db0     2204          .word   NOJUMP_M|SHOOT_M|NOJOY_M
     135 00000dc0 00000000!         .long   seq_stand
     136 00000de0 00000ee0'         .long   bpip2,bpip2,bpip3,bpip4,bpip5,bpip4,bpip3,bpip2
     137                            .asg    3,N
     138                    
     139 00000ee0           bpip2
     140 00000ee0                   WLW     4,w2fgrl1,F
     141 00000f20                   WLW     4,w2fgrl2,F
     142 00000f60                   WLW     1,w2fgrl3,F
     143 00000fa0                   WL      -1,plyr_shoot
     144 00000fd0                   WLW     50,w2fgrl3,F
     145 00001010                   WLW     5,w2fgrl4,F
     146 00001050                   WLW     -1,seq_newdir,1*16
     147 00001090                   W0
     148 000010a0           bpip3
     149 000010a0                   WLW     4,w3fgrl2,F
     150 000010e0                   WLW     4,w3fgrl3,F
     151 00001120                   WLW     1,w3fgrl4,F
     152 00001160                   WL      -1,plyr_shoot
     153 00001190                   WLW     4,w3fgrl4,F
     154 000011d0                   WLW     50,w3fgrl5,F
     155 00001210                   WLW     4,w3fgrl6,F
     156 00001250                   WLW     -1,seq_newdir,2*16
     157 00001290                   W0
     158 000012a0           bpip4
     159 000012a0                   WLW     4,w4fgrl1,F
     160 000012e0                   WLW     4,w4fgrl2,F
     161 00001320                   WLW     1,w4fgrl3,F
     162 00001360                   WL      -1,plyr_shoot
     163 00001390                   WLW     50,w4fgrl3,F
     164 000013d0                   WLW     -1,seq_newdir,3*16
     165 00001410                   W0
     166 00001420           bpip5
TMS340 COFF Macro Assembler Version 6.10     Tue Dec 19 01:45:11 2023
 Copyright (c) 1985-1991  Texas Instruments Incorporated 

basketball plyr sequence code                                        PAGE    4

     167 00001420                   WLW     4,w5fgrl1,F
     168 00001460                   WLW     4,w5fgrl2,F
     169 000014a0                   WLW     1,w5fgrl3,F
     170 000014e0                   WL      -1,plyr_shoot
     171 00001510                   WLW     50,w5fgrl3,F
     172 00001550                   WLW     5,w5fgrl4,F
     173 00001590                   WLW     -1,seq_newdir,4*16
     174 000015d0                   W0
     175                    
     176                    
     177 000015e0           dunklay_t               ;2,3,4,5 directions
     178 000015e0     b006          .word   DFLGS|LAYUP_M
     179 000015f0 00000000!         .long   seq_stand
     180 00001610 00001990'         .long   nwvj1,nwvj2,nwvj3,nwvj4
     181 00001690 00001ec0'         .long   nwvj5,nwvj4,nwvj3,nwvj2
     182                    
     183 00001710           nwvj2
     184 00001710                   WLW     1,w2fgrl1,F
     185 00001750                   WLLW    -1,seq_strtdunk,w2fgrl3,03aH
     186 000017b0                   WLW     22,w2fgrl1,F
     187 000017f0                   WL      -1,seq_lay_up_start                     ;RJR
     188 00001820                   WLW     4,w2fgrl2,F
     189 00001860                   WLW     1,w2fgrl3,F
     190 000018a0                   WL      -1,plyr_shoot
     191 000018d0                   WLW     50,w2fgrl3,F
     192 00001910                   WLW     5,w2fgrl4,F
     193 00001950                   WLW     -1,seq_newdir,1*16
     194 00001990           nwvj1   W0
     195 000019a0           nwvj3
     196 000019a0                   WLW     1,w3fgrl2,F
     197 000019e0                   WLLW    -1,seq_strtdunk,w3fgrl4,03aH
     198 00001a40                   WLW     22,w3fgrl2,F
     199 00001a80                   WL      -1,seq_lay_up_start                     ;RJR
     200 00001ab0                   WLW     4,w3fgrl3,F
     201 00001af0                   WLW     1,w3fgrl4,F
     202 00001b30                   WL      -1,plyr_shoot
     203 00001b60                   WLW     3,w3fgrl4,F
     204 00001ba0                   WLW     50,w3fgrl5,F
     205 00001be0                   WLW     4,w3fgrl6,F
     206 00001c20                   WLW     -1,seq_newdir,2*16
     207 00001c60                   W0
     208 00001c70           nwvj4
     209 00001c70                   WLW     1,w4fgrl1,F
     210 00001cb0                   WLLW    -1,seq_strtdunk,w4fgrl3,03aH
     211 00001d10                   WLW     22,w4fgrl1,F
     212 00001d50                   WL      -1,seq_lay_up_start                     ;RJR
     213 00001d80                   WLW     4,w4fgrl2,F
     214 00001dc0                   WLW     1,w4fgrl3,F
     215 00001e00                   WL      -1,plyr_shoot
     216 00001e30                   WLW     50,w4fgrl3,F
     217 00001e70                   WLW     -1,seq_newdir,3*16
     218 00001eb0                   W0
     219 00001ec0           nwvj5
     220 00001ec0                   WLW     1,w5fgrl1,F
     221 00001f00                   WLLW    -1,seq_strtdunk,w5fgrl3,03aH
TMS340 COFF Macro Assembler Version 6.10     Tue Dec 19 01:45:11 2023
 Copyright (c) 1985-1991  Texas Instruments Incorporated 

basketball plyr sequence code                                        PAGE    5

     222 00001f60                   WLW     22,w5fgrl1,F
     223 00001fa0                   WL      -1,seq_lay_up_start                     ;RJR
     224 00001fd0                   WLW     4,w5fgrl2,F
     225 00002010                   WLW     1,w5fgrl3,F
     226 00002050                   WL      -1,plyr_shoot
     227 00002080                   WLW     50,w5fgrl3,F
     228 000020c0                   WLW     5,w5fgrl4,F
     229 00002100                   WLW     -1,seq_newdir,4*16
     230 00002140                   W0
     231                    
     232 00002150           dunklay6_t              ;1,2 directions
     233 00002150     b006          .word   DFLGS|LAYUP_M
     234 00002160 00000000!         .long   seq_stand
     235 00002180 00002280'         .long   lpru1,lpru2,lpru3,lpru3
     236 00002200 00002ad0'         .long   lpru3,lpru3,lpru3,lpru2
     237                    
     238 00002280           lpru1
     239 00002280                   WLW     3,w1splay1,F
     240 000022c0                   WLW     3,w1splay2,F
     241 00002300                   WLW     3,w1splay3,F
     242 00002340                   WLLW    -1,seq_strtdunk,w1splay10,040H
     243 000023a0                   WLW     1,w1splay4,F
     244 000023e0                   WL      -1,seq_lay_up_start
     245 00002410                   WLW     3,w1splay4,F
     246 00002450                   WLW     4,w1splay5,F
     247 00002490                   WLW     4,w1splay6,F
     248 000024d0                   WLW     4,w1splay7,F
     249 00002510                   WLW     18h,w1splay8,F
     250 00002550                   WL      -1,plyr_shoot
     251 00002580                   WLW     1ch,w1splay9,F
     252 000025c0                   WLW     8,w1splay10,F
     253 00002600                   WLW     80,w1splay11,F
     254 00002640                   WLW     -1,seq_newdir,1*16
     255 00002680                   W0
     256 00002690           lpru2
     257 00002690                   WLW     3,w1splay1,F
     258 000026d0                   WLW     3,w1splay2,F
     259 00002710                   WLW     3,w1splay3,F
     260 00002750                   WLLW    -1,seq_strtdunk,w1splay10,040H
     261 000027b0                   WLW     3,w1splay4,F
     262 000027f0                   WL      -1,seq_lay_up_start
     263 00002820                   WLW     30,w1splay4,F
     264 00002860                   WLW     4,w1splay5,F
     265 000028a0                   WLW     4,w1splay6,F
     266 000028e0                   WLW     4,w1splay7,F
     267 00002920                   WLW     1,w1splay8,F
     268 00002960                   WL      -1,plyr_shoot
     269 00002990                   WLW     4,w1splay8,F
     270 000029d0                   WLW     30,w1splay9,F
     271 00002a10                   WLW     10,w1splay10,F
     272 00002a50                   WLW     50,w1splay11,F
     273 00002a90                   WLW     -1,seq_newdir,1*16
     274 00002ad0           lpru3
     275 00002ad0                   W0
     276                    
TMS340 COFF Macro Assembler Version 6.10     Tue Dec 19 01:45:11 2023
 Copyright (c) 1985-1991  Texas Instruments Incorporated 

basketball plyr sequence code                                        PAGE    6

     277                    
     278 00002ae0           dunkx_t         ;3 direction
     279                    
     280 00002ae0     3006          .word   DFLGS
     281 00002af0 00000000!         .long   seq_stand
     282 00002b10 00002c10'         .long   lpruDD,lpruDD,lprudx3_l,lpruDD
     283 00002b90 00002c10'         .long   lpruDD,lpruDD,lprudx3_l,lpruDD
     284                    
     285 00002c10           lpruDD  W0
     286                    
     287 00002c20           lprudx3_l
     288 00002c20                   WLW     4,CANB1,F
     289 00002c60                   WLLW    -1,seq_strtdunk,CANB13,066H-16
     290 00002cc0                   WLW     3,CANB2,F
     291 00002d00                   WLL     -1,seq_snd,jet                  ;RJR
     292                    
     293 00002d50                   WLW     3,canroll2,F
     294 00002d90                   WLL     -1,seq_snd,ohmy                 ;RJR
     295 00002de0                   WLW     3,canroll3,F
     296 00002e20                   WLW     3,canroll4,F
     297 00002e60                   WLW     3,canroll5,F
     298 00002ea0                   WLW     -1,seq_jam_speech,JAM_GREAT     ;RJR
     299 00002ee0                   WLW     3,canroll6,F
     300 00002f20                   WLW     3,canroll7,F
     301 00002f60                   WLW     3,canroll8,F
     302 00002fa0                   WLW     3,canroll1,F
     303                    
     304                    
     305 00002fe0                   WLW     3,canroll2,F
     306 00003020                   WLW     3,canroll3,F
     307 00003060                   WLW     3,canroll4,F
     308 000030a0                   WLW     3,canroll5,F
     309 000030e0                   WLW     3,canroll6,F
     310 00003120                   WLW     3,canroll7,F
     311 00003160                   WLW     3,canroll8,F
     312 000031a0                   WLW     3,canroll1,F
     313                    
     314                    
     315                    
     316 000031e0                   WLW     3,CANB3,F
     317 00003220                   WLW     3,CANB4,F
     318 00003260                   WLW     3,CANB5,F
     319 000032a0                   WLW     3,CANB6,F
     320 000032e0                   WLW     3,CANB7,F
     321 00003320                   WLW     3,CANB8,F
     322 00003360                   WLW     3,CANB9,F
     323 000033a0                   WLW     3,CANB10,F
     324 000033e0                   WLW     3,CANB11,F
     325 00003420                   WLW     3,CANB12,F
     326 00003460                   WLW     1,CANB13,F
     327                    
     328 000034a0                   WLW     -1,seq_slamball,020H
     329                    
     330                    
     331 000034e0                   WLW     4,T1HANG1,F
TMS340 COFF Macro Assembler Version 6.10     Tue Dec 19 01:45:11 2023
 Copyright (c) 1985-1991  Texas Instruments Incorporated 

basketball plyr sequence code                                        PAGE    7

     332 00003520                   WLW     4,T1HANG2,F
     333 00003560                   WLW     4,T1HANG3,F
     334 000035a0                   WLW     4,T1HANG4,F
     335 000035e0                   WLW     4,T1HANG5,F
     336 00003620                   WLW     8,T1HANG6,F
     337 00003660                   WLW     4,T1HANG7,F
     338 000036a0                   WLW     4,T1HANG8,F
     339 000036e0                   WLW     10h,T1HANG9,F
     340 00003720                   WLW     6,T1HANG10,F
     341                    
     342                    
     343                    
     344 00003760                   WLW     -1,seq_newdir,2*16
     345 000037a0                   W0
     346                    
     347 000037b0           dunkx2_t                ;3 direction
     348                    
     349 000037b0     3006          .word   DFLGS
     350 000037c0 00000000!         .long   seq_stand
     351 000037e0 00002c10'         .long   lpruDD,lpruDD,lprudx4_l,lpruDD
     352 00003860 00002c10'         .long   lpruDD,lpruDD,lprudx4_l,lpruDD
     353                    
     354 000038e0           lprudx4_l
     355 000038e0                   WLW     4,CANB1,F
     356 00003920                   WLLW    -1,seq_strtdunk,CANB13,066H
     357 00003980                   WLW     3,CANB2,F
     358 000039c0                   WLL     -1,seq_snd,jet                  ;RJR
     359                    
     360 00003a10                   WLW     2,canroll2,F
     361 00003a50                   WLW     2,canroll3,F
     362 00003a90                   WLW     2,canroll4,F
     363 00003ad0                   WLW     2,canroll5,F
     364 00003b10                   WLW     2,canroll6,F
     365 00003b50                   WLW     2,canroll7,F
     366 00003b90                   WLW     2,canroll8,F
     367 00003bd0                   WLW     2,canroll1,F
     368                    
     369 00003c10                   WLL     -1,seq_snd,ohmy                 ;RJR
     370 00003c60                   WLW     -1,seq_jam_speech,JAM_GREAT     ;RJR
     371 00003ca0                   WLW     2,canroll2,F
     372 00003ce0                   WLW     2,canroll3,F
     373 00003d20                   WLW     2,canroll4,F
     374 00003d60                   WLW     2,canroll5,F
     375 00003da0                   WLW     2,canroll6,F
     376 00003de0                   WLW     2,canroll7,F
     377 00003e20                   WLW     2,canroll8,F
     378 00003e60                   WLW     2,canroll1,F
     379                    
     380 00003ea0                   WLW     2,canroll2,F
     381 00003ee0                   WLW     2,canroll3,F
     382 00003f20                   WLW     2,canroll4,F
     383 00003f60                   WLW     2,canroll5,F
     384 00003fa0                   WLW     2,canroll6,F
     385 00003fe0                   WLW     2,canroll7,F
     386 00004020                   WLW     2,canroll8,F
TMS340 COFF Macro Assembler Version 6.10     Tue Dec 19 01:45:11 2023
 Copyright (c) 1985-1991  Texas Instruments Incorporated 

basketball plyr sequence code                                        PAGE    8

     387 00004060                   WLW     2,canroll1,F
     388                    
     389 000040a0                   WLW     2,canroll2,F
     390 000040e0                   WLW     2,canroll3,F
     391 00004120                   WLW     2,canroll4,F
     392 00004160                   WLW     2,canroll5,F
     393 000041a0                   WLW     2,canroll6,F
     394 000041e0                   WLW     2,canroll7,F
     395 00004220                   WLW     2,canroll8,F
     396 00004260                   WLW     2,canroll1,F
     397                    
     398 000042a0                   WLW     2,CANB3,F
     399 000042e0                   WLW     2,CANB4,F
     400 00004320                   WLW     2,CANB5,F
     401 00004360                   WLW     3,CANB6,F
     402 000043a0                   WLW     3,CANB7,F
     403 000043e0                   WLW     3,CANB8,F
     404 00004420                   WLW     3,CANB9,F
     405 00004460                   WLW     4,CANB10,F
     406 000044a0                   WLW     4,CANB11,F
     407 000044e0                   WLW     4,CANB12,F
     408 00004520                   WLW     4,CANB13,F
     409                    
     410 00004560                   WLW     -1,seq_slamball,020H
     411                    
     412                    
     413                    
     414 000045a0                   WLW     4,T1HANG1,F
     415 000045e0                   WLW     4,T1HANG2,F
     416 00004620                   WLW     4,T1HANG3,F
     417 00004660                   WLW     4,T1HANG4,F
     418 000046a0                   WLW     4,T1HANG5,F
     419 000046e0                   WLW     8,T1HANG6,F
     420 00004720                   WLW     4,T1HANG7,F
     421 00004760                   WLW     4,T1HANG8,F
     422 000047a0                   WLW     10h,T1HANG9,F
     423 000047e0                   WLW     6,T1HANG10,F
     424                    
     425                    
     426 00004820                   WLW     -1,seq_newdir,2*16
     427 00004860                   W0
     428                    
     429 00004870           dunkx3_t                ;3 direction
     430                    
     431 00004870     3006          .word   DFLGS
     432 00004880 00000000!         .long   seq_stand
     433 000048a0 00002c10'         .long   lpruDD,lpruDD,lprudx5_l,lpruDD
     434 00004920 00002c10'         .long   lpruDD,lpruDD,lprudx5_l,lpruDD
     435                    
     436 000049a0           lprudx5_l
     437 000049a0                   WLW     4,CANB1,F
     438 000049e0                   WLLW    -1,seq_strtdunk,CANB13,05cH
     439                    
     440 00004a40                   WLW     4,CANB2,F
     441 00004a80                   WLL     -1,seq_snd,jet                  ;RJR
TMS340 COFF Macro Assembler Version 6.10     Tue Dec 19 01:45:11 2023
 Copyright (c) 1985-1991  Texas Instruments Incorporated 

basketball plyr sequence code                                        PAGE    9

     442 00004ad0                   WLW     4,CANB3,F
     443 00004b10                   WLL     -1,seq_snd,ohmy                 ;RJR
     444 00004b60                   WLW     4,CANB4,F
     445 00004ba0                   WLW     4,CANB5,F
     446 00004be0                   WLW     -1,seq_jam_speech,JAM_GREAT     ;RJR
     447 00004c20                   WLW     4,CANB6,F
     448 00004c60                   WLW     4,CANB7,F
     449 00004ca0                   WLW     4,CANB8,F
     450 00004ce0                   WLW     4,CANB9,F
     451 00004d20                   WLW     4,CANB10,F
     452 00004d60                   WLW     4,CANB11,F
     453 00004da0                   WLW     30h,CANB12,F
     454 00004de0                   WLW     1,CANB13,F
     455                    
     456 00004e20                   WLW     -1,seq_slamball,020H
     457                    
     458                    
     459 00004e60                   WLW     4,T1HANG1,F
     460 00004ea0                   WLW     4,T1HANG2,F
     461 00004ee0                   WLW     4,T1HANG3,F
     462 00004f20                   WLW     4,T1HANG4,F
     463 00004f60                   WLW     4,T1HANG5,F
     464 00004fa0                   WLW     8,T1HANG6,F
     465 00004fe0                   WLW     4,T1HANG7,F
     466 00005020                   WLW     4,T1HANG8,F
     467 00005060                   WLW     10h,T1HANG9,F
     468 000050a0                   WLW     6,T1HANG10,F
     469                    
     470                    
     471                    
     472 000050e0                   WLW     -1,seq_newdir,2*16
     473 00005120                   W0
     474                    
     475                    
     476 00005130           dunkz_t         ;2,3 directions
     477 00005130     3006          .word   DFLGS
     478 00005140 00000000!         .long   seq_stand
     479 00005160 00002c10'         .long   lpruDD,lprudz2a_l,lprudz1a_l,lpruDD
     480 000051e0 00002c10'         .long   lpruDD,lpruDD,lprudz1a_l,lprudz2a_l
     481                    
     482 00005260           lprudz1a_l
     483 00005260                   WLW     4,T2DUNK1,F
     484 000052a0           lprudz2a_l
     485 000052a0                   WLW     4,T2DUNK2,F
     486                            
     487 000052e0                   WLLW    -1,seq_strtdunk,T2DUNK6,050H
     488 00005340                   WLW     4,T2DUNK3,F
     489 00005380                   WLL     -1,seq_snd,yell                 ;RJR
     490 000053d0                   WLW     -1,seq_jam_speech,JAM_GOOD      ;RJR
     491 00005410                   WLW     042H,T2DUNK4,F
     492 00005450                   WLW     4,T2DUNK5,F
     493 00005490                   WLW     1,T2DUNK6,F
     494                    
     495 000054d0                   WLW     -1,seq_slamball,10
     496                    
TMS340 COFF Macro Assembler Version 6.10     Tue Dec 19 01:45:11 2023
 Copyright (c) 1985-1991  Texas Instruments Incorporated 

basketball plyr sequence code                                        PAGE   10

     497 00005510                   WLW     4,T2DUNK6,F
     498 00005550                   WLW     4,T2DUNK7,F
     499 00005590                   WLW     15,T2DUNK8,F
     500 000055d0                   WLW     10,T2DUNK9,F
     501 00005610                   WLW     6,T2DUNK10,F
     502                    
     503 00005650                   WLW     -1,seq_newdir,0
     504 00005690                   W0
     505                    
     506 000056a0           dunkz2_t                ;2,3 directions
     507 000056a0     3006          .word   DFLGS
     508 000056b0 00000000!         .long   seq_stand
     509 000056d0 00002c10'         .long   lpruDD,lprudz12a_l,lprudz11a_l,lpruDD
     510 00005750 00002c10'         .long   lpruDD,lpruDD,lprudz11a_l,lprudz12a_l
     511                    
     512 000057d0           lprudz11a_l
     513 000057d0                   WLW     4,T2DUNK1,F
     514 00005810           lprudz12a_l
     515 00005810                   WLW     4,T2DUNK2,F
     516 00005850                   WLLW    -1,seq_strtdunk,T2DUNK6,048H
     517                    
     518 000058b0                   WLW     4,T2DUNK3,F
     519 000058f0                   WLL     -1,seq_snd,yell                 ;RJR
     520 00005940                   WLW     -1,seq_jam_speech,JAM_GOOD      ;RJR
     521 00005980                   WLW     042H-12,T2DUNK3,F
     522                    
     523 000059c0                   WLW     4,T2DUNK4,F
     524 00005a00                   WLW     4,T2DUNK5,F
     525 00005a40                   WLW     1,T2DUNK6,F
     526                    
     527 00005a80                   WLW     -1,seq_slamball,10
     528                    
     529 00005ac0                   WLW     4,T2DUNK6,F
     530 00005b00                   WLW     4,T2DUNK7,F
     531 00005b40                   WLW     15,T2DUNK8,F
     532 00005b80                   WLW     10,T2DUNK9,F
     533 00005bc0                   WLW     6,T2DUNK10,F
     534                    
     535 00005c00                   WLW     -1,seq_newdir,0
     536 00005c40                   W0
     537                    
     538                    
     539                            .end

 No Errors,  No Warnings
