TMS340 COFF Macro Assembler Version 6.10     Tue Dec 19 01:45:09 2023
 Copyright (c) 1985-1991  Texas Instruments Incorporated 

                                                                     PAGE    1

       1                            .file   "text.asm"
       3                            .width  132
       4                            .option b,d,l,t
       5                            .mnolist
       6                    
       7                    
       8                            .include        "text.tbl"
       9                            .include        "imgtbl.glo"
      10                            .include        "imgtbl2.glo"
      11                    
      12                    
      13                            .ref    DUXPAL          ;text.tbl
      14                    
      15                    
      16                            .def    RD7FONT,RD15FONT,FONT7A,FON15A
      17                     
      18                            .def    FON150,FON151,FON152,FON153,FON154,FON155,FON156,FON157
      19                            .def    FON158,FON159
      20                            .def    FON15X,FON15W,FON15V,FON15M,FONT7colon
      21                    
      22                    
      23 00000000                   .text
      24                    
      25                    
      26                    
      27 00000000           RD7FONT
      28 00000000 00005610"         .long  FONT7excla,FONT7quote,FONT7pound,FONT7doll,FONT7percen,FONT7and
      29 000000c0 000060c0"         .long  FONT7apost,FONT7parenl,FONT7parenr,FONT7ast,FONT7plus
      30 00000160 00006270"         .long  FONT7comma,FONT7dash,FONT7period,FONT7forsp,FONT70,FONT71
      31 00000220 00005100"         .long  FONT72,FONT73,FONT74,FONT75,FONT76,FONT77,FONT78,FONT79
      32 00000320 00006150"         .long  FONT7colon,FONT7semicol,FONT7less,FONT7equal,FONT7more
      33 000003c0 00006540"         .long  FONT7quest,FONT7dash
      34 00000400 00003570"         .long  FONT7A,FONT7B,FONT7C,FONT7D,FONT7E,FONT7F,FONT7G,FONT7H
      35 00000500 000039f0"         .long  FONT7I,FONT7J,FONT7K,FONT7L,FONT7M,FONT7N,FONT7O,FONT7P
      36 00000600 00003e70"         .long  FONT7Q,FONT7R,FONT7S,FONT7T,FONT7U,FONT7V,FONT7W,FONT7X
      37 00000700 000042f0"         .long  FONT7Y,FONT7Z
      38 00000740 00005cd0"         .long  FONT7bracl,FONT7backsp,FONT7bracr,FONT7excla,FONT7line
      39 000007e0 000060c0"         .long  FONT7apost       
      40 00000800 00004410"         .long  FONT7a,FONT7b,FONT7c,FONT7d,FONT7e,FONT7f,FONT7g,FONT7h
      41 00000900 00004890"         .long  FONT7i,FONT7j,FONT7k,FONT7l,FONT7m,FONT7n,FONT7o,FONT7p
      42 00000a00 00004d10"         .long  FONT7q,FONT7r,FONT7s,FONT7t,FONT7u,FONT7v,FONT7W,FONT7X
      43 00000b00 000042f0"         .long  FONT7Y,FONT7Z
      44 00000b40 00005e80"         .long  FONT7paren2l,FONT7break,FONT7paren2r
      45                    
      46                    
      47 00000ba0           RD15FONT
      48 00000ba0 00001d40"         .long  FON15excla,FON15quote,FON15poun,FON15doll,FON15perc,FON15and
      49 00000c60 00001560"         .long  FON15apos,FON15parenl,FON15parenr,FON15ast,FON15plus
      50 00000d00 00001a70"         .long  FON15comma,FON15dash,FON15period,FON15forsp,FON150,FON151
      51 00000dc0 00000120"         .long  FON152,FON153,FON154,FON155,FON156,FON157,FON158,FON159
      52 00000ec0 000019e0"         .long  FON15colon,FON15semicol,FON15less,FON15equal,FON15more
      53 00000f60 00003330"         .long  FON15quest,FON15dash
      54 00000fa0 000005a0"         .long  FON15A,FON15B,FON15C,FON15D,FON15E,FON15F,FON15G,FON15H
      55 000010a0 00000ab0"         .long  FON15I,FON15J,FON15K,FON15L,FON15M,FON15N,FON15O,FON15P
      56 000011a0 00000f30"         .long  FON15Q,FON15R,FON15S,FON15T,FON15U,FON15V,FON15W,FON15X
TMS340 COFF Macro Assembler Version 6.10     Tue Dec 19 01:45:09 2023
 Copyright (c) 1985-1991  Texas Instruments Incorporated 

font tables                                                          PAGE    2

      57 000012a0 000013b0"         .long  FON15Y,FON15Z
      58 000012e0 000017a0"         .long  FON15brackl,FON15backsp,FON15brackr,FON15carr,FON15line
      59 00001380 000015f0"         .long  FON15apos1       
      60 000013a0 00001e60"         .long  FON15la,FON15lb,FON15lc,FON15ld,FON15le,FON15lf,FON15lg,FON15lh
      61 000014a0 00002370"         .long  FON15li,FON15lj,FON15lk,FON15ll,FON15lm,FON15ln,FON15lo,FON15lp
      62 000015a0 00002880"         .long  FON15lq,FON15lr,FON15ls,FON15lt,FON15lu,FON15lv,FON15lw,FON15lx
      63 000016a0 00002d00"         .long  FON15ly,FON15lz
      64 000016e0 00002eb0"         .long  FON15paren2l,FON15break,FON15paren2r
      65                    
      66                            .def    set_imgs
      67                            .def    SQUD_1
      68                            .def    SQUD_2
      69                    
      70 00001740           set_imgs
      71 00001740 000065d0"         .long   SQUD_1,SQUD_2,SQUD_3,SQUD_4,SQUD_5,SQUD_6,SQUD_7,SQUD_8,SQUD_9,SQUD_10
      72 00001880 00006b70"         .long   SQUD_11,SQUD_12,SQUD_13,SQUD_14,SQUD_15,SQUD_16,SQUD_17,SQUD_18,SQUD_19
      73 000019a0 00007080"         .long   SQUD_20
      74                    
      75                            .end

 No Errors,  No Warnings
